Archive member included to satisfy reference by file (symbol)

c:/st/stm32cubeide_1.8.0/stm32cubeide/plugins/com.st.stm32cube.ide.mcu.externaltools.gnu-tools-for-stm32.9-2020-q2-update.win32_2.0.0.202105311346/tools/bin/../lib/gcc/arm-none-eabi/9.3.1/../../../../arm-none-eabi/lib/thumb/v7e-m+fp/hard\libc_nano.a(lib_a-clock.o)
                              ./Core/Src/main.o (clock)
c:/st/stm32cubeide_1.8.0/stm32cubeide/plugins/com.st.stm32cube.ide.mcu.externaltools.gnu-tools-for-stm32.9-2020-q2-update.win32_2.0.0.202105311346/tools/bin/../lib/gcc/arm-none-eabi/9.3.1/../../../../arm-none-eabi/lib/thumb/v7e-m+fp/hard\libc_nano.a(lib_a-errno.o)
                              ./Core/Src/syscalls.o (__errno)
c:/st/stm32cubeide_1.8.0/stm32cubeide/plugins/com.st.stm32cube.ide.mcu.externaltools.gnu-tools-for-stm32.9-2020-q2-update.win32_2.0.0.202105311346/tools/bin/../lib/gcc/arm-none-eabi/9.3.1/../../../../arm-none-eabi/lib/thumb/v7e-m+fp/hard\libc_nano.a(lib_a-exit.o)
                              c:/st/stm32cubeide_1.8.0/stm32cubeide/plugins/com.st.stm32cube.ide.mcu.externaltools.gnu-tools-for-stm32.9-2020-q2-update.win32_2.0.0.202105311346/tools/bin/../lib/gcc/arm-none-eabi/9.3.1/../../../../arm-none-eabi/lib/thumb/v7e-m+fp/hard/crt0.o (exit)
c:/st/stm32cubeide_1.8.0/stm32cubeide/plugins/com.st.stm32cube.ide.mcu.externaltools.gnu-tools-for-stm32.9-2020-q2-update.win32_2.0.0.202105311346/tools/bin/../lib/gcc/arm-none-eabi/9.3.1/../../../../arm-none-eabi/lib/thumb/v7e-m+fp/hard\libc_nano.a(lib_a-findfp.o)
                              ./Middlewares/Third_Party/FreeRTOS/Source/tasks.o (__sf_fake_stderr)
c:/st/stm32cubeide_1.8.0/stm32cubeide/plugins/com.st.stm32cube.ide.mcu.externaltools.gnu-tools-for-stm32.9-2020-q2-update.win32_2.0.0.202105311346/tools/bin/../lib/gcc/arm-none-eabi/9.3.1/../../../../arm-none-eabi/lib/thumb/v7e-m+fp/hard\libc_nano.a(lib_a-fwalk.o)
                              c:/st/stm32cubeide_1.8.0/stm32cubeide/plugins/com.st.stm32cube.ide.mcu.externaltools.gnu-tools-for-stm32.9-2020-q2-update.win32_2.0.0.202105311346/tools/bin/../lib/gcc/arm-none-eabi/9.3.1/../../../../arm-none-eabi/lib/thumb/v7e-m+fp/hard\libc_nano.a(lib_a-findfp.o) (_fwalk)
c:/st/stm32cubeide_1.8.0/stm32cubeide/plugins/com.st.stm32cube.ide.mcu.externaltools.gnu-tools-for-stm32.9-2020-q2-update.win32_2.0.0.202105311346/tools/bin/../lib/gcc/arm-none-eabi/9.3.1/../../../../arm-none-eabi/lib/thumb/v7e-m+fp/hard\libc_nano.a(lib_a-impure.o)
                              c:/st/stm32cubeide_1.8.0/stm32cubeide/plugins/com.st.stm32cube.ide.mcu.externaltools.gnu-tools-for-stm32.9-2020-q2-update.win32_2.0.0.202105311346/tools/bin/../lib/gcc/arm-none-eabi/9.3.1/../../../../arm-none-eabi/lib/thumb/v7e-m+fp/hard\libc_nano.a(lib_a-exit.o) (_global_impure_ptr)
c:/st/stm32cubeide_1.8.0/stm32cubeide/plugins/com.st.stm32cube.ide.mcu.externaltools.gnu-tools-for-stm32.9-2020-q2-update.win32_2.0.0.202105311346/tools/bin/../lib/gcc/arm-none-eabi/9.3.1/../../../../arm-none-eabi/lib/thumb/v7e-m+fp/hard\libc_nano.a(lib_a-init.o)
                              c:/st/stm32cubeide_1.8.0/stm32cubeide/plugins/com.st.stm32cube.ide.mcu.externaltools.gnu-tools-for-stm32.9-2020-q2-update.win32_2.0.0.202105311346/tools/bin/../lib/gcc/arm-none-eabi/9.3.1/../../../../arm-none-eabi/lib/thumb/v7e-m+fp/hard/crt0.o (__libc_init_array)
c:/st/stm32cubeide_1.8.0/stm32cubeide/plugins/com.st.stm32cube.ide.mcu.externaltools.gnu-tools-for-stm32.9-2020-q2-update.win32_2.0.0.202105311346/tools/bin/../lib/gcc/arm-none-eabi/9.3.1/../../../../arm-none-eabi/lib/thumb/v7e-m+fp/hard\libc_nano.a(lib_a-lock.o)
                              c:/st/stm32cubeide_1.8.0/stm32cubeide/plugins/com.st.stm32cube.ide.mcu.externaltools.gnu-tools-for-stm32.9-2020-q2-update.win32_2.0.0.202105311346/tools/bin/../lib/gcc/arm-none-eabi/9.3.1/../../../../arm-none-eabi/lib/thumb/v7e-m+fp/hard\libc_nano.a(lib_a-findfp.o) (__retarget_lock_init_recursive)
c:/st/stm32cubeide_1.8.0/stm32cubeide/plugins/com.st.stm32cube.ide.mcu.externaltools.gnu-tools-for-stm32.9-2020-q2-update.win32_2.0.0.202105311346/tools/bin/../lib/gcc/arm-none-eabi/9.3.1/../../../../arm-none-eabi/lib/thumb/v7e-m+fp/hard\libc_nano.a(lib_a-memcpy-stub.o)
                              ./Core/Src/main.o (memcpy)
c:/st/stm32cubeide_1.8.0/stm32cubeide/plugins/com.st.stm32cube.ide.mcu.externaltools.gnu-tools-for-stm32.9-2020-q2-update.win32_2.0.0.202105311346/tools/bin/../lib/gcc/arm-none-eabi/9.3.1/../../../../arm-none-eabi/lib/thumb/v7e-m+fp/hard\libc_nano.a(lib_a-memset.o)
                              c:/st/stm32cubeide_1.8.0/stm32cubeide/plugins/com.st.stm32cube.ide.mcu.externaltools.gnu-tools-for-stm32.9-2020-q2-update.win32_2.0.0.202105311346/tools/bin/../lib/gcc/arm-none-eabi/9.3.1/../../../../arm-none-eabi/lib/thumb/v7e-m+fp/hard/crt0.o (memset)
[...]
Memory Configuration

Name             Origin             Length             Attributes
RAM              0x0000000020000000 0x0000000000050000 xrw
FLASH            0x0000000008000000 0x0000000000100000 xr
*default*        0x0000000000000000 0xffffffffffffffff

Linker script and memory map

LOAD c:/st/stm32cubeide_1.8.0/stm32cubeide/plugins/com.st.stm32cube.ide.mcu.externaltools.gnu-tools-for-stm32.9-2020-q2-update.win32_2.0.0.202105311346/tools/bin/../lib/gcc/arm-none-eabi/9.3.1/thumb/v7e-m+fp/hard/crti.o
LOAD c:/st/stm32cubeide_1.8.0/stm32cubeide/plugins/com.st.stm32cube.ide.mcu.externaltools.gnu-tools-for-stm32.9-2020-q2-update.win32_2.0.0.202105311346/tools/bin/../lib/gcc/arm-none-eabi/9.3.1/thumb/v7e-m+fp/hard/crtbegin.o
LOAD c:/st/stm32cubeide_1.8.0/stm32cubeide/plugins/com.st.stm32cube.ide.mcu.externaltools.gnu-tools-for-stm32.9-2020-q2-update.win32_2.0.0.202105311346/tools/bin/../lib/gcc/arm-none-eabi/9.3.1/../../../../arm-none-eabi/lib/thumb/v7e-m+fp/hard/crt0.o
LOAD ./Core/Src/freertos.o
LOAD ./Core/Src/ft5336.o
LOAD ./Core/Src/main.o
LOAD ./Core/Src/stm32746g_discovery.o
LOAD ./Core/Src/stm32746g_discovery_lcd.o
LOAD ./Core/Src/stm32746g_discovery_sdram.o
LOAD ./Core/Src/stm32746g_discovery_ts.o
LOAD ./Core/Src/stm32f7xx_hal_msp.o
LOAD ./Core/Src/stm32f7xx_hal_timebase_tim.o
LOAD ./Core/Src/stm32f7xx_it.o
LOAD ./Core/Src/syscalls.o
LOAD ./Core/Src/sysmem.o
LOAD ./Core/Src/system_stm32f7xx.o
LOAD ./Core/Startup/startup_stm32f746nghx.o
LOAD ./Drivers/STM32F7xx_HAL_Driver/Src/stm32f7xx_hal.o
LOAD ./Drivers/STM32F7xx_HAL_Driver/Src/stm32f7xx_hal_adc.o
LOAD ./Drivers/STM32F7xx_HAL_Driver/Src/stm32f7xx_hal_adc_ex.o
LOAD ./Drivers/STM32F7xx_HAL_Driver/Src/stm32f7xx_hal_cortex.o
LOAD ./Drivers/STM32F7xx_HAL_Driver/Src/stm32f7xx_hal_dac.o
LOAD ./Drivers/STM32F7xx_HAL_Driver/Src/stm32f7xx_hal_dac_ex.o
LOAD ./Drivers/STM32F7xx_HAL_Driver/Src/stm32f7xx_hal_dma.o
LOAD ./Drivers/STM32F7xx_HAL_Driver/Src/stm32f7xx_hal_dma2d.o
LOAD ./Drivers/STM32F7xx_HAL_Driver/Src/stm32f7xx_hal_dma_ex.o
LOAD ./Drivers/STM32F7xx_HAL_Driver/Src/stm32f7xx_hal_dsi.o
LOAD ./Drivers/STM32F7xx_HAL_Driver/Src/stm32f7xx_hal_exti.o
LOAD ./Drivers/STM32F7xx_HAL_Driver/Src/stm32f7xx_hal_flash.o
LOAD ./Drivers/STM32F7xx_HAL_Driver/Src/stm32f7xx_hal_flash_ex.o
LOAD ./Drivers/STM32F7xx_HAL_Driver/Src/stm32f7xx_hal_gpio.o
LOAD ./Drivers/STM32F7xx_HAL_Driver/Src/stm32f7xx_hal_i2c.o
LOAD ./Drivers/STM32F7xx_HAL_Driver/Src/stm32f7xx_hal_i2c_ex.o
LOAD ./Drivers/STM32F7xx_HAL_Driver/Src/stm32f7xx_hal_ltdc.o
LOAD ./Drivers/STM32F7xx_HAL_Driver/Src/stm32f7xx_hal_ltdc_ex.o
LOAD ./Drivers/STM32F7xx_HAL_Driver/Src/stm32f7xx_hal_pwr.o
LOAD ./Drivers/STM32F7xx_HAL_Driver/Src/stm32f7xx_hal_pwr_ex.o
LOAD ./Drivers/STM32F7xx_HAL_Driver/Src/stm32f7xx_hal_rcc.o
LOAD ./Drivers/STM32F7xx_HAL_Driver/Src/stm32f7xx_hal_rcc_ex.o
LOAD ./Drivers/STM32F7xx_HAL_Driver/Src/stm32f7xx_hal_rtc.o
LOAD ./Drivers/STM32F7xx_HAL_Driver/Src/stm32f7xx_hal_rtc_ex.o
LOAD ./Drivers/STM32F7xx_HAL_Driver/Src/stm32f7xx_hal_sdram.o
LOAD ./Drivers/STM32F7xx_HAL_Driver/Src/stm32f7xx_hal_spi.o
LOAD ./Drivers/STM32F7xx_HAL_Driver/Src/stm32f7xx_hal_spi_ex.o
LOAD ./Drivers/STM32F7xx_HAL_Driver/Src/stm32f7xx_hal_tim.o
LOAD ./Drivers/STM32F7xx_HAL_Driver/Src/stm32f7xx_hal_tim_ex.o
LOAD ./Drivers/STM32F7xx_HAL_Driver/Src/stm32f7xx_hal_uart.o
LOAD ./Drivers/STM32F7xx_HAL_Driver/Src/stm32f7xx_hal_uart_ex.o
LOAD ./Drivers/STM32F7xx_HAL_Driver/Src/stm32f7xx_ll_fmc.o
LOAD ./Middlewares/Third_Party/FreeRTOS/Source/CMSIS_RTOS/cmsis_os.o
LOAD ./Middlewares/Third_Party/FreeRTOS/Source/croutine.o
LOAD ./Middlewares/Third_Party/FreeRTOS/Source/event_groups.o
LOAD ./Middlewares/Third_Party/FreeRTOS/Source/list.o
LOAD ./Middlewares/Third_Party/FreeRTOS/Source/queue.o
LOAD ./Middlewares/Third_Party/FreeRTOS/Source/stream_buffer.o
LOAD ./Middlewares/Third_Party/FreeRTOS/Source/tasks.o
LOAD ./Middlewares/Third_Party/FreeRTOS/Source/timers.o
LOAD ./Middlewares/Third_Party/FreeRTOS/Source/portable/GCC/ARM_CM7/r0p1/port.o
LOAD ./Middlewares/Third_Party/FreeRTOS/Source/portable/MemMang/heap_4.o
START GROUP
LOAD c:/st/stm32cubeide_1.8.0/stm32cubeide/plugins/com.st.stm32cube.ide.mcu.externaltools.gnu-tools-for-stm32.9-2020-q2-update.win32_2.0.0.202105311346/tools/bin/../lib/gcc/arm-none-eabi/9.3.1/../../../../arm-none-eabi/lib/thumb/v7e-m+fp/hard\libc_nano.a
LOAD c:/st/stm32cubeide_1.8.0/stm32cubeide/plugins/com.st.stm32cube.ide.mcu.externaltools.gnu-tools-for-stm32.9-2020-q2-update.win32_2.0.0.202105311346/tools/bin/../lib/gcc/arm-none-eabi/9.3.1/../../../../arm-none-eabi/lib/thumb/v7e-m+fp/hard\libm.a
END GROUP
START GROUP
LOAD c:/st/stm32cubeide_1.8.0/stm32cubeide/plugins/com.st.stm32cube.ide.mcu.externaltools.gnu-tools-for-stm32.9-2020-q2-update.win32_2.0.0.202105311346/tools/bin/../lib/gcc/arm-none-eabi/9.3.1/thumb/v7e-m+fp/hard\libgcc.a
LOAD c:/st/stm32cubeide_1.8.0/stm32cubeide/plugins/com.st.stm32cube.ide.mcu.externaltools.gnu-tools-for-stm32.9-2020-q2-update.win32_2.0.0.202105311346/tools/bin/../lib/gcc/arm-none-eabi/9.3.1/../../../../arm-none-eabi/lib/thumb/v7e-m+fp/hard\libc_nano.a
END GROUP
START GROUP
LOAD c:/st/stm32cubeide_1.8.0/stm32cubeide/plugins/com.st.stm32cube.ide.mcu.externaltools.gnu-tools-for-stm32.9-2020-q2-update.win32_2.0.0.202105311346/tools/bin/../lib/gcc/arm-none-eabi/9.3.1/thumb/v7e-m+fp/hard\libgcc.a
LOAD c:/st/stm32cubeide_1.8.0/stm32cubeide/plugins/com.st.stm32cube.ide.mcu.externaltools.gnu-tools-for-stm32.9-2020-q2-update.win32_2.0.0.202105311346/tools/bin/../lib/gcc/arm-none-eabi/9.3.1/../../../../arm-none-eabi/lib/thumb/v7e-m+fp/hard\libc_nano.a
LOAD c:/st/stm32cubeide_1.8.0/stm32cubeide/plugins/com.st.stm32cube.ide.mcu.externaltools.gnu-tools-for-stm32.9-2020-q2-update.win32_2.0.0.202105311346/tools/bin/../lib/gcc/arm-none-eabi/9.3.1/../../../../arm-none-eabi/lib/thumb/v7e-m+fp/hard\libnosys.a
END GROUP
START GROUP
LOAD c:/st/stm32cubeide_1.8.0/stm32cubeide/plugins/com.st.stm32cube.ide.mcu.externaltools.gnu-tools-for-stm32.9-2020-q2-update.win32_2.0.0.202105311346/tools/bin/../lib/gcc/arm-none-eabi/9.3.1/thumb/v7e-m+fp/hard\libgcc.a
LOAD c:/st/stm32cubeide_1.8.0/stm32cubeide/plugins/com.st.stm32cube.ide.mcu.externaltools.gnu-tools-for-stm32.9-2020-q2-update.win32_2.0.0.202105311346/tools/bin/../lib/gcc/arm-none-eabi/9.3.1/../../../../arm-none-eabi/lib/thumb/v7e-m+fp/hard\libc_nano.a
LOAD c:/st/stm32cubeide_1.8.0/stm32cubeide/plugins/com.st.stm32cube.ide.mcu.externaltools.gnu-tools-for-stm32.9-2020-q2-update.win32_2.0.0.202105311346/tools/bin/../lib/gcc/arm-none-eabi/9.3.1/../../../../arm-none-eabi/lib/thumb/v7e-m+fp/hard\libnosys.a
END GROUP
LOAD c:/st/stm32cubeide_1.8.0/stm32cubeide/plugins/com.st.stm32cube.ide.mcu.externaltools.gnu-tools-for-stm32.9-2020-q2-update.win32_2.0.0.202105311346/tools/bin/../lib/gcc/arm-none-eabi/9.3.1/thumb/v7e-m+fp/hard/crtend.o
LOAD c:/st/stm32cubeide_1.8.0/stm32cubeide/plugins/com.st.stm32cube.ide.mcu.externaltools.gnu-tools-for-stm32.9-2020-q2-update.win32_2.0.0.202105311346/tools/bin/../lib/gcc/arm-none-eabi/9.3.1/thumb/v7e-m+fp/hard/crtn.o
                0x0000000020050000                _estack = (ORIGIN (RAM) + LENGTH (RAM))
                0x0000000000000200                _Min_Heap_Size = 0x200
                0x0000000000000400                _Min_Stack_Size = 0x400

.isr_vector     0x0000000008000000      0x1c8
                0x0000000008000000                . = ALIGN (0x4)
 *(.isr_vector)
 .isr_vector    0x0000000008000000      0x1c8 ./Core/Startup/startup_stm32f746nghx.o
                0x0000000008000000                g_pfnVectors
                0x00000000080001c8                . = ALIGN (0x4)

.text           0x00000000080001d0     0xf3bc
                0x00000000080001d0                . = ALIGN (0x4)
 *(.text)
 .text          0x00000000080001d0       0x40 c:/st/stm32cubeide_1.8.0/stm32cubeide/plugins/com.st.stm32cube.ide.mcu.externaltools.gnu-tools-for-stm32.9-2020-q2-update.win32_2.0.0.202105311346/tools/bin/../lib/gcc/arm-none-eabi/9.3.1/thumb/v7e-m+fp/hard/crtbegin.o
 .text          0x0000000008000210       0xa0 c:/st/stm32cubeide_1.8.0/stm32cubeide/plugins/com.st.stm32cube.ide.mcu.externaltools.gnu-tools-for-stm32.9-2020-q2-update.win32_2.0.0.202105311346/tools/bin/../lib/gcc/arm-none-eabi/9.3.1/../../../../arm-none-eabi/lib/thumb/v7e-m+fp/hard\libc_nano.a(lib_a-memchr.o)
                0x0000000008000210                memchr
 .text          0x00000000080002b0      0x378 c:/st/stm32cubeide_1.8.0/stm32cubeide/plugins/com.st.stm32cube.ide.mcu.externaltools.gnu-tools-for-stm32.9-2020-q2-update.win32_2.0.0.202105311346/tools/bin/../lib/gcc/arm-none-eabi/9.3.1/thumb/v7e-m+fp/hard\libgcc.a(_arm_addsubdf3.o)
                0x00000000080002b0                __aeabi_drsub
                0x00000000080002b8                __aeabi_dsub
                0x00000000080002b8                __subdf3
                0x00000000080002bc                __aeabi_dadd
                0x00000000080002bc                __adddf3
                0x0000000008000534                __floatunsidf
                0x0000000008000534                __aeabi_ui2d
                0x0000000008000554                __floatsidf
                0x0000000008000554                __aeabi_i2d
                0x0000000008000578                __aeabi_f2d
                0x0000000008000578                __extendsfdf2
                0x00000000080005bc                __floatundidf
                0x00000000080005bc                __aeabi_ul2d
                0x00000000080005cc                __floatdidf
                0x00000000080005cc                __aeabi_l2d
 .text          0x0000000008000628      0x424 c:/st/stm32cubeide_1.8.0/stm32cubeide/plugins/com.st.stm32cube.ide.mcu.externaltools.gnu-tools-for-stm32.9-2020-q2-update.win32_2.0.0.202105311346/tools/bin/../lib/gcc/arm-none-eabi/9.3.1/thumb/v7e-m+fp/hard\libgcc.a(_arm_muldivdf3.o)
                0x0000000008000628                __aeabi_dmul
                0x0000000008000628                __muldf3
                0x000000000800087c                __divdf3
                0x000000000800087c                __aeabi_ddiv
 .text          0x0000000008000a4c      0x110 c:/st/stm32cubeide_1.8.0/stm32cubeide/plugins/com.st.stm32cube.ide.mcu.externaltools.gnu-tools-for-stm32.9-2020-q2-update.win32_2.0.0.202105311346/tools/bin/../lib/gcc/arm-none-eabi/9.3.1/thumb/v7e-m+fp/hard\libgcc.a(_arm_cmpdf2.o)
                0x0000000008000a4c                __gtdf2
                0x0000000008000a4c                __gedf2
                0x0000000008000a54                __ltdf2
                0x0000000008000a54                __ledf2
                0x0000000008000a5c                __nedf2
                0x0000000008000a5c                __eqdf2
                0x0000000008000a5c                __cmpdf2
                0x0000000008000ad8                __aeabi_cdrcmple
                0x0000000008000ae8                __aeabi_cdcmpeq
                0x0000000008000ae8                __aeabi_cdcmple
                0x0000000008000af8                __aeabi_dcmpeq
                0x0000000008000b0c                __aeabi_dcmplt
                0x0000000008000b20                __aeabi_dcmple
                0x0000000008000b34                __aeabi_dcmpge
                0x0000000008000b48                __aeabi_dcmpgt
 .text          0x0000000008000b5c       0x2c c:/st/stm32cubeide_1.8.0/stm32cubeide/plugins/com.st.stm32cube.ide.mcu.externaltools.gnu-tools-for-stm32.9-2020-q2-update.win32_2.0.0.202105311346/tools/bin/../lib/gcc/arm-none-eabi/9.3.1/thumb/v7e-m+fp/hard\libgcc.a(_arm_unorddf2.o)
                0x0000000008000b5c                __unorddf2
                0x0000000008000b5c                __aeabi_dcmpun
 .text          0x0000000008000b88       0x30 c:/st/stm32cubeide_1.8.0/stm32cubeide/plugins/com.st.stm32cube.ide.mcu.externaltools.gnu-tools-for-stm32.9-2020-q2-update.win32_2.0.0.202105311346/tools/bin/../lib/gcc/arm-none-eabi/9.3.1/thumb/v7e-m+fp/hard\libgcc.a(_aeabi_uldivmod.o)
                0x0000000008000b88                __aeabi_uldivmod
 .text          0x0000000008000bb8      0x2c4 c:/st/stm32cubeide_1.8.0/stm32cubeide/plugins/com.st.stm32cube.ide.mcu.externaltools.gnu-tools-for-stm32.9-2020-q2-update.win32_2.0.0.202105311346/tools/bin/../lib/gcc/arm-none-eabi/9.3.1/thumb/v7e-m+fp/hard\libgcc.a(_udivmoddi4.o)
                0x0000000008000bb8                __udivmoddi4
 .text          0x0000000008000e7c        0x4 c:/st/stm32cubeide_1.8.0/stm32cubeide/plugins/com.st.stm32cube.ide.mcu.externaltools.gnu-tools-for-stm32.9-2020-q2-update.win32_2.0.0.202105311346/tools/bin/../lib/gcc/arm-none-eabi/9.3.1/thumb/v7e-m+fp/hard\libgcc.a(_dvmd_tls.o)
                0x0000000008000e7c                __aeabi_idiv0
                0x0000000008000e7c                __aeabi_ldiv0
 *(.text*)
 .text.vApplicationGetIdleTaskMemory
                0x0000000008000e80       0x34 ./Core/Src/freertos.o
                0x0000000008000e80                vApplicationGetIdleTaskMemory
 .text.ft5336_Init
                0x0000000008000eb4       0x1c ./Core/Src/ft5336.o
                0x0000000008000eb4                ft5336_Init
 .text.ft5336_Reset
                0x0000000008000ed0       0x16 ./Core/Src/ft5336.o
                0x0000000008000ed0                ft5336_Reset
 .text.ft5336_ReadID
                0x0000000008000ee6       0x5c ./Core/Src/ft5336.o
                0x0000000008000ee6                ft5336_ReadID
 .text.ft5336_TS_Start
                0x0000000008000f42       0x22 ./Core/Src/ft5336.o
                0x0000000008000f42                ft5336_TS_Start
 .text.ft5336_TS_DetectTouch
                0x0000000008000f64       0x54 ./Core/Src/ft5336.o
                0x0000000008000f64                ft5336_TS_DetectTouch
 .text.ft5336_TS_GetXY
                0x0000000008000fb8      0x1e0 ./Core/Src/ft5336.o
                0x0000000008000fb8                ft5336_TS_GetXY
 .text.ft5336_TS_EnableIT
                0x0000000008001198       0x28 ./Core/Src/ft5336.o
                0x0000000008001198                ft5336_TS_EnableIT
 .text.ft5336_TS_DisableIT
                0x00000000080011c0       0x28 ./Core/Src/ft5336.o
                0x00000000080011c0                ft5336_TS_DisableIT
 .text.ft5336_TS_ITStatus
                0x00000000080011e8       0x18 ./Core/Src/ft5336.o
                0x00000000080011e8                ft5336_TS_ITStatus
 .text.ft5336_TS_ClearIT
                0x0000000008001200       0x16 ./Core/Src/ft5336.o
                0x0000000008001200                ft5336_TS_ClearIT
 .text.ft5336_TS_GetGestureID
                0x0000000008001216       0x32 ./Core/Src/ft5336.o
                0x0000000008001216                ft5336_TS_GetGestureID
 .text.ft5336_TS_GetTouchInfo
                0x0000000008001248      0x15c ./Core/Src/ft5336.o
                0x0000000008001248                ft5336_TS_GetTouchInfo
 .text.ft5336_Get_I2C_InitializedStatus
                0x00000000080013a4       0x18 ./Core/Src/ft5336.o
 .text.ft5336_I2C_InitializeIfRequired
                0x00000000080013bc       0x20 ./Core/Src/ft5336.o
 .text.ft5336_TS_Configure
                0x00000000080013dc       0x1c ./Core/Src/ft5336.o
 .text.main     0x00000000080013f8      0x550 ./Core/Src/main.o
                0x00000000080013f8                main
 .text.fillTabPositions
                0x0000000008001948       0x38 ./Core/Src/main.o
                0x0000000008001948                fillTabPositions
 .text.drawHexagon
                0x0000000008001980      0x2cc ./Core/Src/main.o
                0x0000000008001980                drawHexagon
 .text.myDelay  0x0000000008001c4c       0x32 ./Core/Src/main.o
                0x0000000008001c4c                myDelay
 *fill*         0x0000000008001c7e        0x2 
 .text.SystemClock_Config
                0x0000000008001c80       0xe4 ./Core/Src/main.o
                0x0000000008001c80                SystemClock_Config
 .text.MX_ADC1_Init
                0x0000000008001d64       0xa4 ./Core/Src/main.o
 .text.MX_ADC3_Init
                0x0000000008001e08       0xa4 ./Core/Src/main.o
 .text.MX_DAC_Init
                0x0000000008001eac       0x68 ./Core/Src/main.o
 .text.MX_DMA2D_Init
                0x0000000008001f14       0x64 ./Core/Src/main.o
 .text.MX_I2C1_Init
                0x0000000008001f78       0x80 ./Core/Src/main.o
 .text.MX_I2C3_Init
                0x0000000008001ff8       0x80 ./Core/Src/main.o
 .text.MX_LTDC_Init
                0x0000000008002078      0x104 ./Core/Src/main.o
 .text.MX_RTC_Init
                0x000000000800217c      0x14c ./Core/Src/main.o
 .text.MX_SPI2_Init
                0x00000000080022c8       0x7c ./Core/Src/main.o
 .text.MX_TIM1_Init
                0x0000000008002344       0xa8 ./Core/Src/main.o
 .text.MX_TIM2_Init
                0x00000000080023ec       0x9c ./Core/Src/main.o
 .text.MX_TIM3_Init
                0x0000000008002488       0x9c ./Core/Src/main.o
 .text.MX_TIM5_Init
                0x0000000008002524       0x9c ./Core/Src/main.o
 .text.MX_TIM7_Init
                0x00000000080025c0       0x70 ./Core/Src/main.o
 .text.MX_TIM8_Init
                0x0000000008002630       0xa8 ./Core/Src/main.o
 .text.MX_UART7_Init
                0x00000000080026d8       0x60 ./Core/Src/main.o
 .text.MX_USART1_UART_Init
                0x0000000008002738       0x60 ./Core/Src/main.o
 .text.MX_USART6_UART_Init
                0x0000000008002798       0x60 ./Core/Src/main.o
 .text.MX_DMA_Init
                0x00000000080027f8       0x3c ./Core/Src/main.o
 .text.MX_FMC_Init
                0x0000000008002834       0xa0 ./Core/Src/main.o
 .text.MX_GPIO_Init
                0x00000000080028d4      0x580 ./Core/Src/main.o
 .text.StartDefaultTask
                0x0000000008002e54       0x10 ./Core/Src/main.o
                0x0000000008002e54                StartDefaultTask
 .text.codeTacheJeu
                0x0000000008002e64      0x298 ./Core/Src/main.o
                0x0000000008002e64                codeTacheJeu
 .text.codeTacheSon
                0x00000000080030fc       0xfc ./Core/Src/main.o
                0x00000000080030fc                codeTacheSon
 .text.codeTachePause
                0x00000000080031f8       0x64 ./Core/Src/main.o
                0x00000000080031f8                codeTachePause
 .text.HAL_TIM_PeriodElapsedCallback
                0x000000000800325c       0x24 ./Core/Src/main.o
                0x000000000800325c                HAL_TIM_PeriodElapsedCallback
 .text.Error_Handler
                0x0000000008003280        0xa ./Core/Src/main.o
                0x0000000008003280                Error_Handler
 *fill*         0x000000000800328a        0x2 
 .text.I2Cx_MspInit
                0x000000000800328c      0x160 ./Core/Src/stm32746g_discovery.o
 .text.I2Cx_Init
                0x00000000080033ec       0x78 ./Core/Src/stm32746g_discovery.o
 .text.I2Cx_ReadMultiple
                0x0000000008003464       0x5a ./Core/Src/stm32746g_discovery.o
 .text.I2Cx_WriteMultiple
                0x00000000080034be       0x5a ./Core/Src/stm32746g_discovery.o
 .text.I2Cx_Error
                0x0000000008003518       0x20 ./Core/Src/stm32746g_discovery.o
 .text.TS_IO_Init
                0x0000000008003538       0x14 ./Core/Src/stm32746g_discovery.o
                0x0000000008003538                TS_IO_Init
 .text.TS_IO_Write
                0x000000000800354c       0x34 ./Core/Src/stm32746g_discovery.o
                0x000000000800354c                TS_IO_Write
 .text.TS_IO_Read
                0x0000000008003580       0x3c ./Core/Src/stm32746g_discovery.o
                0x0000000008003580                TS_IO_Read
 .text.TS_IO_Delay
                0x00000000080035bc       0x16 ./Core/Src/stm32746g_discovery.o
                0x00000000080035bc                TS_IO_Delay
 *fill*         0x00000000080035d2        0x2 
 .text.BSP_LCD_Init
                0x00000000080035d4       0xe0 ./Core/Src/stm32746g_discovery_lcd.o
                0x00000000080035d4                BSP_LCD_Init
 .text.BSP_LCD_GetXSize
                0x00000000080036b4       0x28 ./Core/Src/stm32746g_discovery_lcd.o
                0x00000000080036b4                BSP_LCD_GetXSize
 .text.BSP_LCD_GetYSize
                0x00000000080036dc       0x28 ./Core/Src/stm32746g_discovery_lcd.o
                0x00000000080036dc                BSP_LCD_GetYSize
 .text.BSP_LCD_LayerDefaultInit
                0x0000000008003704       0xc0 ./Core/Src/stm32746g_discovery_lcd.o
                0x0000000008003704                BSP_LCD_LayerDefaultInit
 .text.BSP_LCD_SelectLayer
                0x00000000080037c4       0x20 ./Core/Src/stm32746g_discovery_lcd.o
                0x00000000080037c4                BSP_LCD_SelectLayer
 .text.BSP_LCD_SetLayerVisible
                0x00000000080037e4       0x7c ./Core/Src/stm32746g_discovery_lcd.o
                0x00000000080037e4                BSP_LCD_SetLayerVisible
 .text.BSP_LCD_SetTransparency
                0x0000000008003860       0x24 ./Core/Src/stm32746g_discovery_lcd.o
                0x0000000008003860                BSP_LCD_SetTransparency
 .text.BSP_LCD_SetTextColor
                0x0000000008003884       0x30 ./Core/Src/stm32746g_discovery_lcd.o
                0x0000000008003884                BSP_LCD_SetTextColor
 .text.BSP_LCD_SetBackColor
                0x00000000080038b4       0x34 ./Core/Src/stm32746g_discovery_lcd.o
                0x00000000080038b4                BSP_LCD_SetBackColor
 .text.BSP_LCD_SetFont
                0x00000000080038e8       0x34 ./Core/Src/stm32746g_discovery_lcd.o
                0x00000000080038e8                BSP_LCD_SetFont
 .text.BSP_LCD_GetFont
                0x000000000800391c       0x2c ./Core/Src/stm32746g_discovery_lcd.o
                0x000000000800391c                BSP_LCD_GetFont
 .text.BSP_LCD_Clear
                0x0000000008003948       0x50 ./Core/Src/stm32746g_discovery_lcd.o
                0x0000000008003948                BSP_LCD_Clear
 .text.BSP_LCD_DisplayChar
                0x0000000008003998       0x88 ./Core/Src/stm32746g_discovery_lcd.o
                0x0000000008003998                BSP_LCD_DisplayChar
 .text.BSP_LCD_DisplayStringAt
                0x0000000008003a20      0x190 ./Core/Src/stm32746g_discovery_lcd.o
                0x0000000008003a20                BSP_LCD_DisplayStringAt
 .text.BSP_LCD_DisplayStringAtLine
                0x0000000008003bb0       0x2e ./Core/Src/stm32746g_discovery_lcd.o
                0x0000000008003bb0                BSP_LCD_DisplayStringAtLine
 *fill*         0x0000000008003bde        0x2 
 .text.BSP_LCD_DrawLine
                0x0000000008003be0      0x198 ./Core/Src/stm32746g_discovery_lcd.o
                0x0000000008003be0                BSP_LCD_DrawLine
 .text.BSP_LCD_DrawPixel
                0x0000000008003d78       0x90 ./Core/Src/stm32746g_discovery_lcd.o
                0x0000000008003d78                BSP_LCD_DrawPixel
 .text.BSP_LCD_DrawBitmap
                0x0000000008003e08      0x164 ./Core/Src/stm32746g_discovery_lcd.o
                0x0000000008003e08                BSP_LCD_DrawBitmap
 .text.BSP_LCD_FillPolygon
                0x0000000008003f6c      0x1c8 ./Core/Src/stm32746g_discovery_lcd.o
                0x0000000008003f6c                BSP_LCD_FillPolygon
 .text.BSP_LCD_DisplayOn
                0x0000000008004134       0x3c ./Core/Src/stm32746g_discovery_lcd.o
                0x0000000008004134                BSP_LCD_DisplayOn
 .text.BSP_LCD_MspInit
                0x0000000008004170      0x1b4 ./Core/Src/stm32746g_discovery_lcd.o
                0x0000000008004170                BSP_LCD_MspInit
 .text.BSP_LCD_ClockConfig
                0x0000000008004324       0x38 ./Core/Src/stm32746g_discovery_lcd.o
                0x0000000008004324                BSP_LCD_ClockConfig
 .text.DrawChar
                0x000000000800435c      0x170 ./Core/Src/stm32746g_discovery_lcd.o
 .text.FillTriangle
                0x00000000080044cc      0x180 ./Core/Src/stm32746g_discovery_lcd.o
 .text.LL_FillBuffer
                0x000000000800464c       0x98 ./Core/Src/stm32746g_discovery_lcd.o
 .text.LL_ConvertLineToARGB8888
                0x00000000080046e4       0x88 ./Core/Src/stm32746g_discovery_lcd.o
 .text.BSP_SDRAM_Init
                0x000000000800476c       0xbc ./Core/Src/stm32746g_discovery_sdram.o
                0x000000000800476c                BSP_SDRAM_Init
 .text.BSP_SDRAM_Initialization_sequence
                0x0000000008004828       0xc0 ./Core/Src/stm32746g_discovery_sdram.o
                0x0000000008004828                BSP_SDRAM_Initialization_sequence
 .text.BSP_SDRAM_MspInit
                0x00000000080048e8      0x1f0 ./Core/Src/stm32746g_discovery_sdram.o
                0x00000000080048e8                BSP_SDRAM_MspInit
 .text.BSP_TS_Init
                0x0000000008004ad8       0x80 ./Core/Src/stm32746g_discovery_ts.o
                0x0000000008004ad8                BSP_TS_Init
 .text.BSP_TS_GetState
                0x0000000008004b58      0x3ac ./Core/Src/stm32746g_discovery_ts.o
                0x0000000008004b58                BSP_TS_GetState
 .text.BSP_TS_Get_GestureId
                0x0000000008004f04      0x104 ./Core/Src/stm32746g_discovery_ts.o
                0x0000000008004f04                BSP_TS_Get_GestureId
 .text.HAL_MspInit
                0x0000000008005008       0x50 ./Core/Src/stm32f7xx_hal_msp.o
                0x0000000008005008                HAL_MspInit
 .text.HAL_ADC_MspInit
                0x0000000008005058       0xdc ./Core/Src/stm32f7xx_hal_msp.o
                0x0000000008005058                HAL_ADC_MspInit
 .text.HAL_DAC_MspInit
                0x0000000008005134       0xf8 ./Core/Src/stm32f7xx_hal_msp.o
                0x0000000008005134                HAL_DAC_MspInit
 .text.HAL_DAC_MspDeInit
                0x000000000800522c       0x4c ./Core/Src/stm32f7xx_hal_msp.o
                0x000000000800522c                HAL_DAC_MspDeInit
 .text.HAL_DMA2D_MspInit
                0x0000000008005278       0x4c ./Core/Src/stm32f7xx_hal_msp.o
                0x0000000008005278                HAL_DMA2D_MspInit
 .text.HAL_I2C_MspInit
                0x00000000080052c4      0x150 ./Core/Src/stm32f7xx_hal_msp.o
                0x00000000080052c4                HAL_I2C_MspInit
 .text.HAL_I2C_MspDeInit
                0x0000000008005414       0x78 ./Core/Src/stm32f7xx_hal_msp.o
                0x0000000008005414                HAL_I2C_MspDeInit
 .text.HAL_LTDC_MspInit
                0x000000000800548c      0x204 ./Core/Src/stm32f7xx_hal_msp.o
                0x000000000800548c                HAL_LTDC_MspInit
 .text.HAL_RTC_MspInit
                0x0000000008005690       0x5c ./Core/Src/stm32f7xx_hal_msp.o
                0x0000000008005690                HAL_RTC_MspInit
 .text.HAL_SPI_MspInit
                0x00000000080056ec       0xc4 ./Core/Src/stm32f7xx_hal_msp.o
                0x00000000080056ec                HAL_SPI_MspInit
 .text.HAL_TIM_Base_MspInit
                0x00000000080057b0      0x14c ./Core/Src/stm32f7xx_hal_msp.o
                0x00000000080057b0                HAL_TIM_Base_MspInit
 .text.HAL_UART_MspInit
                0x00000000080058fc      0x220 ./Core/Src/stm32f7xx_hal_msp.o
                0x00000000080058fc                HAL_UART_MspInit
 .text.HAL_FMC_MspInit
                0x0000000008005b1c      0x120 ./Core/Src/stm32f7xx_hal_msp.o
 .text.HAL_SDRAM_MspInit
                0x0000000008005c3c       0x14 ./Core/Src/stm32f7xx_hal_msp.o
                0x0000000008005c3c                HAL_SDRAM_MspInit
 .text.HAL_InitTick
                0x0000000008005c50       0xb0 ./Core/Src/stm32f7xx_hal_timebase_tim.o
                0x0000000008005c50                HAL_InitTick
 .text.NMI_Handler
                0x0000000008005d00        0x6 ./Core/Src/stm32f7xx_it.o
                0x0000000008005d00                NMI_Handler
 .text.HardFault_Handler
                0x0000000008005d06        0x6 ./Core/Src/stm32f7xx_it.o
                0x0000000008005d06                HardFault_Handler
 .text.MemManage_Handler
                0x0000000008005d0c        0x6 ./Core/Src/stm32f7xx_it.o
                0x0000000008005d0c                MemManage_Handler
 .text.BusFault_Handler
                0x0000000008005d12        0x6 ./Core/Src/stm32f7xx_it.o
                0x0000000008005d12                BusFault_Handler
 .text.UsageFault_Handler
                0x0000000008005d18        0x6 ./Core/Src/stm32f7xx_it.o
                0x0000000008005d18                UsageFault_Handler
 .text.DebugMon_Handler
                0x0000000008005d1e        0xe ./Core/Src/stm32f7xx_it.o
                0x0000000008005d1e                DebugMon_Handler
 .text.DMA1_Stream5_IRQHandler
                0x0000000008005d2c       0x14 ./Core/Src/stm32f7xx_it.o
                0x0000000008005d2c                DMA1_Stream5_IRQHandler
 .text.TIM6_DAC_IRQHandler
                0x0000000008005d40       0x28 ./Core/Src/stm32f7xx_it.o
                0x0000000008005d40                TIM6_DAC_IRQHandler
 .text.LTDC_IRQHandler
                0x0000000008005d68       0x14 ./Core/Src/stm32f7xx_it.o
                0x0000000008005d68                LTDC_IRQHandler
 .text.DMA2D_IRQHandler
                0x0000000008005d7c       0x14 ./Core/Src/stm32f7xx_it.o
                0x0000000008005d7c                DMA2D_IRQHandler
 .text._times   0x0000000008005d90       0x18 ./Core/Src/syscalls.o
                0x0000000008005d90                _times
 .text._sbrk    0x0000000008005da8       0x6c ./Core/Src/sysmem.o
                0x0000000008005da8                _sbrk
 .text.SystemInit
                0x0000000008005e14       0x24 ./Core/Src/system_stm32f7xx.o
                0x0000000008005e14                SystemInit
 .text.Reset_Handler
                0x0000000008005e38       0x50 ./Core/Startup/startup_stm32f746nghx.o
                0x0000000008005e38                Reset_Handler
 .text.Default_Handler
                0x0000000008005e88        0x2 ./Core/Startup/startup_stm32f746nghx.o
                0x0000000008005e88                RTC_Alarm_IRQHandler
                0x0000000008005e88                EXTI2_IRQHandler
                0x0000000008005e88                TIM8_CC_IRQHandler
                0x0000000008005e88                UART8_IRQHandler
                0x0000000008005e88                SPI4_IRQHandler
                0x0000000008005e88                TIM1_CC_IRQHandler
                0x0000000008005e88                DMA2_Stream5_IRQHandler
                0x0000000008005e88                PVD_IRQHandler
                0x0000000008005e88                TAMP_STAMP_IRQHandler
                0x0000000008005e88                CAN2_RX1_IRQHandler
                0x0000000008005e88                EXTI3_IRQHandler
                0x0000000008005e88                TIM8_TRG_COM_TIM14_IRQHandler
                0x0000000008005e88                TIM1_UP_TIM10_IRQHandler
                0x0000000008005e88                TIM8_UP_TIM13_IRQHandler
                0x0000000008005e88                I2C3_ER_IRQHandler
                0x0000000008005e88                EXTI0_IRQHandler
                0x0000000008005e88                I2C2_EV_IRQHandler
                0x0000000008005e88                DMA1_Stream2_IRQHandler
                0x0000000008005e88                CAN1_RX0_IRQHandler
                0x0000000008005e88                FPU_IRQHandler
                0x0000000008005e88                OTG_HS_WKUP_IRQHandler
                0x0000000008005e88                LTDC_ER_IRQHandler
                0x0000000008005e88                CAN2_SCE_IRQHandler
                0x0000000008005e88                DMA2_Stream2_IRQHandler
                0x0000000008005e88                SPI1_IRQHandler
                0x0000000008005e88                TIM1_BRK_TIM9_IRQHandler
                0x0000000008005e88                DCMI_IRQHandler
                0x0000000008005e88                CAN2_RX0_IRQHandler
                0x0000000008005e88                DMA2_Stream3_IRQHandler
                0x0000000008005e88                SAI2_IRQHandler
                0x0000000008005e88                USART6_IRQHandler
                0x0000000008005e88                USART3_IRQHandler
                0x0000000008005e88                CAN1_RX1_IRQHandler
                0x0000000008005e88                UART5_IRQHandler
                0x0000000008005e88                DMA2_Stream0_IRQHandler
                0x0000000008005e88                TIM4_IRQHandler
                0x0000000008005e88                QUADSPI_IRQHandler
                0x0000000008005e88                I2C1_EV_IRQHandler
                0x0000000008005e88                DMA1_Stream6_IRQHandler
                0x0000000008005e88                DMA1_Stream1_IRQHandler
                0x0000000008005e88                UART4_IRQHandler
                0x0000000008005e88                TIM3_IRQHandler
                0x0000000008005e88                RCC_IRQHandler
                0x0000000008005e88                TIM8_BRK_TIM12_IRQHandler
                0x0000000008005e88                Default_Handler
                0x0000000008005e88                CEC_IRQHandler
                0x0000000008005e88                EXTI15_10_IRQHandler
                0x0000000008005e88                ADC_IRQHandler
                0x0000000008005e88                DMA1_Stream7_IRQHandler
                0x0000000008005e88                SPI5_IRQHandler
                0x0000000008005e88                TIM7_IRQHandler
                0x0000000008005e88                SDMMC1_IRQHandler
                0x0000000008005e88                CAN2_TX_IRQHandler
                0x0000000008005e88                TIM5_IRQHandler
                0x0000000008005e88                DMA2_Stream7_IRQHandler
                0x0000000008005e88                I2C3_EV_IRQHandler
                0x0000000008005e88                EXTI9_5_IRQHandler
                0x0000000008005e88                RTC_WKUP_IRQHandler
                0x0000000008005e88                ETH_WKUP_IRQHandler
                0x0000000008005e88                SPDIF_RX_IRQHandler
                0x0000000008005e88                SPI2_IRQHandler
                0x0000000008005e88                OTG_HS_EP1_IN_IRQHandler
                0x0000000008005e88                DMA1_Stream0_IRQHandler
                0x0000000008005e88                CAN1_TX_IRQHandler
                0x0000000008005e88                EXTI4_IRQHandler
                0x0000000008005e88                RNG_IRQHandler
                0x0000000008005e88                ETH_IRQHandler
                0x0000000008005e88                OTG_HS_EP1_OUT_IRQHandler
                0x0000000008005e88                WWDG_IRQHandler
                0x0000000008005e88                SPI6_IRQHandler
                0x0000000008005e88                I2C4_EV_IRQHandler
                0x0000000008005e88                TIM2_IRQHandler
                0x0000000008005e88                OTG_FS_WKUP_IRQHandler
                0x0000000008005e88                TIM1_TRG_COM_TIM11_IRQHandler
                0x0000000008005e88                OTG_HS_IRQHandler
                0x0000000008005e88                EXTI1_IRQHandler
                0x0000000008005e88                UART7_IRQHandler
                0x0000000008005e88                USART2_IRQHandler
                0x0000000008005e88                I2C2_ER_IRQHandler
                0x0000000008005e88                DMA2_Stream1_IRQHandler
                0x0000000008005e88                CAN1_SCE_IRQHandler
                0x0000000008005e88                FLASH_IRQHandler
                0x0000000008005e88                DMA2_Stream4_IRQHandler
                0x0000000008005e88                USART1_IRQHandler
                0x0000000008005e88                OTG_FS_IRQHandler
                0x0000000008005e88                SPI3_IRQHandler
                0x0000000008005e88                DMA1_Stream4_IRQHandler
                0x0000000008005e88                I2C1_ER_IRQHandler
                0x0000000008005e88                FMC_IRQHandler
                0x0000000008005e88                LPTIM1_IRQHandler
                0x0000000008005e88                I2C4_ER_IRQHandler
                0x0000000008005e88                DMA2_Stream6_IRQHandler
                0x0000000008005e88                SAI1_IRQHandler
                0x0000000008005e88                DMA1_Stream3_IRQHandler
 .text.HAL_Init
                0x0000000008005e8a       0x1a ./Drivers/STM32F7xx_HAL_Driver/Src/stm32f7xx_hal.o
                0x0000000008005e8a                HAL_Init
 .text.HAL_IncTick
                0x0000000008005ea4       0x28 ./Drivers/STM32F7xx_HAL_Driver/Src/stm32f7xx_hal.o
                0x0000000008005ea4                HAL_IncTick
 .text.HAL_GetTick
                0x0000000008005ecc       0x18 ./Drivers/STM32F7xx_HAL_Driver/Src/stm32f7xx_hal.o
                0x0000000008005ecc                HAL_GetTick
 .text.HAL_Delay
                0x0000000008005ee4       0x48 ./Drivers/STM32F7xx_HAL_Driver/Src/stm32f7xx_hal.o
                0x0000000008005ee4                HAL_Delay
 .text.HAL_ADC_Init
                0x0000000008005f2c       0x88 ./Drivers/STM32F7xx_HAL_Driver/Src/stm32f7xx_hal_adc.o
                0x0000000008005f2c                HAL_ADC_Init
 .text.HAL_ADC_ConfigChannel
                0x0000000008005fb4      0x2ac ./Drivers/STM32F7xx_HAL_Driver/Src/stm32f7xx_hal_adc.o
                0x0000000008005fb4                HAL_ADC_ConfigChannel
 .text.ADC_Init
                0x0000000008006260      0x1f4 ./Drivers/STM32F7xx_HAL_Driver/Src/stm32f7xx_hal_adc.o
 .text.__NVIC_SetPriorityGrouping
                0x0000000008006454       0x48 ./Drivers/STM32F7xx_HAL_Driver/Src/stm32f7xx_hal_cortex.o
 .text.__NVIC_GetPriorityGrouping
                0x000000000800649c       0x1c ./Drivers/STM32F7xx_HAL_Driver/Src/stm32f7xx_hal_cortex.o
 .text.__NVIC_EnableIRQ
                0x00000000080064b8       0x3c ./Drivers/STM32F7xx_HAL_Driver/Src/stm32f7xx_hal_cortex.o
 .text.__NVIC_DisableIRQ
                0x00000000080064f4       0x48 ./Drivers/STM32F7xx_HAL_Driver/Src/stm32f7xx_hal_cortex.o
 .text.__NVIC_SetPriority
                0x000000000800653c       0x54 ./Drivers/STM32F7xx_HAL_Driver/Src/stm32f7xx_hal_cortex.o
 .text.NVIC_EncodePriority
                0x0000000008006590       0x66 ./Drivers/STM32F7xx_HAL_Driver/Src/stm32f7xx_hal_cortex.o
 .text.HAL_NVIC_SetPriorityGrouping
                0x00000000080065f6       0x16 ./Drivers/STM32F7xx_HAL_Driver/Src/stm32f7xx_hal_cortex.o
                0x00000000080065f6                HAL_NVIC_SetPriorityGrouping
 .text.HAL_NVIC_SetPriority
                0x000000000800660c       0x38 ./Drivers/STM32F7xx_HAL_Driver/Src/stm32f7xx_hal_cortex.o
                0x000000000800660c                HAL_NVIC_SetPriority
 .text.HAL_NVIC_EnableIRQ
                0x0000000008006644       0x1c ./Drivers/STM32F7xx_HAL_Driver/Src/stm32f7xx_hal_cortex.o
                0x0000000008006644                HAL_NVIC_EnableIRQ
 .text.HAL_NVIC_DisableIRQ
                0x0000000008006660       0x1c ./Drivers/STM32F7xx_HAL_Driver/Src/stm32f7xx_hal_cortex.o
                0x0000000008006660                HAL_NVIC_DisableIRQ
 .text.HAL_DAC_Init
                0x000000000800667c       0x44 ./Drivers/STM32F7xx_HAL_Driver/Src/stm32f7xx_hal_dac.o
                0x000000000800667c                HAL_DAC_Init
 .text.HAL_DAC_DeInit
                0x00000000080066c0       0x3a ./Drivers/STM32F7xx_HAL_Driver/Src/stm32f7xx_hal_dac.o
                0x00000000080066c0                HAL_DAC_DeInit
 *fill*         0x00000000080066fa        0x2 
 .text.HAL_DAC_Start_DMA
                0x00000000080066fc      0x198 ./Drivers/STM32F7xx_HAL_Driver/Src/stm32f7xx_hal_dac.o
                0x00000000080066fc                HAL_DAC_Start_DMA
 .text.HAL_DAC_IRQHandler
                0x0000000008006894       0xb4 ./Drivers/STM32F7xx_HAL_Driver/Src/stm32f7xx_hal_dac.o
                0x0000000008006894                HAL_DAC_IRQHandler
 .text.HAL_DAC_ConvCpltCallbackCh1
                0x0000000008006948       0x14 ./Drivers/STM32F7xx_HAL_Driver/Src/stm32f7xx_hal_dac.o
                0x0000000008006948                HAL_DAC_ConvCpltCallbackCh1
 .text.HAL_DAC_ConvHalfCpltCallbackCh1
                0x000000000800695c       0x14 ./Drivers/STM32F7xx_HAL_Driver/Src/stm32f7xx_hal_dac.o
                0x000000000800695c                HAL_DAC_ConvHalfCpltCallbackCh1
 .text.HAL_DAC_ErrorCallbackCh1
                0x0000000008006970       0x14 ./Drivers/STM32F7xx_HAL_Driver/Src/stm32f7xx_hal_dac.o
                0x0000000008006970                HAL_DAC_ErrorCallbackCh1
 .text.HAL_DAC_DMAUnderrunCallbackCh1
                0x0000000008006984       0x14 ./Drivers/STM32F7xx_HAL_Driver/Src/stm32f7xx_hal_dac.o
                0x0000000008006984                HAL_DAC_DMAUnderrunCallbackCh1
 .text.HAL_DAC_ConfigChannel
                0x0000000008006998       0x9e ./Drivers/STM32F7xx_HAL_Driver/Src/stm32f7xx_hal_dac.o
                0x0000000008006998                HAL_DAC_ConfigChannel
 .text.DAC_DMAConvCpltCh1
                0x0000000008006a36       0x22 ./Drivers/STM32F7xx_HAL_Driver/Src/stm32f7xx_hal_dac.o
                0x0000000008006a36                DAC_DMAConvCpltCh1
 .text.DAC_DMAHalfConvCpltCh1
                0x0000000008006a58       0x1c ./Drivers/STM32F7xx_HAL_Driver/Src/stm32f7xx_hal_dac.o
                0x0000000008006a58                DAC_DMAHalfConvCpltCh1
 .text.DAC_DMAErrorCh1
                0x0000000008006a74       0x2e ./Drivers/STM32F7xx_HAL_Driver/Src/stm32f7xx_hal_dac.o
                0x0000000008006a74                DAC_DMAErrorCh1
 .text.HAL_DACEx_ConvCpltCallbackCh2
                0x0000000008006aa2       0x14 ./Drivers/STM32F7xx_HAL_Driver/Src/stm32f7xx_hal_dac_ex.o
                0x0000000008006aa2                HAL_DACEx_ConvCpltCallbackCh2
 .text.HAL_DACEx_ConvHalfCpltCallbackCh2
                0x0000000008006ab6       0x14 ./Drivers/STM32F7xx_HAL_Driver/Src/stm32f7xx_hal_dac_ex.o
                0x0000000008006ab6                HAL_DACEx_ConvHalfCpltCallbackCh2
 .text.HAL_DACEx_ErrorCallbackCh2
                0x0000000008006aca       0x14 ./Drivers/STM32F7xx_HAL_Driver/Src/stm32f7xx_hal_dac_ex.o
                0x0000000008006aca                HAL_DACEx_ErrorCallbackCh2
 .text.HAL_DACEx_DMAUnderrunCallbackCh2
                0x0000000008006ade       0x14 ./Drivers/STM32F7xx_HAL_Driver/Src/stm32f7xx_hal_dac_ex.o
                0x0000000008006ade                HAL_DACEx_DMAUnderrunCallbackCh2
 .text.DAC_DMAConvCpltCh2
                0x0000000008006af2       0x22 ./Drivers/STM32F7xx_HAL_Driver/Src/stm32f7xx_hal_dac_ex.o
                0x0000000008006af2                DAC_DMAConvCpltCh2
 .text.DAC_DMAHalfConvCpltCh2
                0x0000000008006b14       0x1c ./Drivers/STM32F7xx_HAL_Driver/Src/stm32f7xx_hal_dac_ex.o
                0x0000000008006b14                DAC_DMAHalfConvCpltCh2
 .text.DAC_DMAErrorCh2
                0x0000000008006b30       0x2e ./Drivers/STM32F7xx_HAL_Driver/Src/stm32f7xx_hal_dac_ex.o
                0x0000000008006b30                DAC_DMAErrorCh2
 *fill*         0x0000000008006b5e        0x2 
 .text.HAL_DMA_Init
                0x0000000008006b60      0x15c ./Drivers/STM32F7xx_HAL_Driver/Src/stm32f7xx_hal_dma.o
                0x0000000008006b60                HAL_DMA_Init
 .text.HAL_DMA_DeInit
                0x0000000008006cbc       0xbc ./Drivers/STM32F7xx_HAL_Driver/Src/stm32f7xx_hal_dma.o
                0x0000000008006cbc                HAL_DMA_DeInit
 .text.HAL_DMA_Start_IT
                0x0000000008006d78       0xc0 ./Drivers/STM32F7xx_HAL_Driver/Src/stm32f7xx_hal_dma.o
                0x0000000008006d78                HAL_DMA_Start_IT
 .text.HAL_DMA_IRQHandler
                0x0000000008006e38      0x314 ./Drivers/STM32F7xx_HAL_Driver/Src/stm32f7xx_hal_dma.o
                0x0000000008006e38                HAL_DMA_IRQHandler
 .text.DMA_SetConfig
                0x000000000800714c       0x5c ./Drivers/STM32F7xx_HAL_Driver/Src/stm32f7xx_hal_dma.o
 .text.DMA_CalcBaseAndBitshift
                0x00000000080071a8       0x6c ./Drivers/STM32F7xx_HAL_Driver/Src/stm32f7xx_hal_dma.o
 .text.DMA_CheckFifoParam
                0x0000000008007214       0xf8 ./Drivers/STM32F7xx_HAL_Driver/Src/stm32f7xx_hal_dma.o
 .text.HAL_DMA2D_Init
                0x000000000800730c       0x94 ./Drivers/STM32F7xx_HAL_Driver/Src/stm32f7xx_hal_dma2d.o
                0x000000000800730c                HAL_DMA2D_Init
 .text.HAL_DMA2D_Start
                0x00000000080073a0       0x56 ./Drivers/STM32F7xx_HAL_Driver/Src/stm32f7xx_hal_dma2d.o
                0x00000000080073a0                HAL_DMA2D_Start
 .text.HAL_DMA2D_PollForTransfer
                0x00000000080073f6      0x1d2 ./Drivers/STM32F7xx_HAL_Driver/Src/stm32f7xx_hal_dma2d.o
                0x00000000080073f6                HAL_DMA2D_PollForTransfer
 .text.HAL_DMA2D_IRQHandler
                0x00000000080075c8      0x1f8 ./Drivers/STM32F7xx_HAL_Driver/Src/stm32f7xx_hal_dma2d.o
                0x00000000080075c8                HAL_DMA2D_IRQHandler
 .text.HAL_DMA2D_LineEventCallback
                0x00000000080077c0       0x14 ./Drivers/STM32F7xx_HAL_Driver/Src/stm32f7xx_hal_dma2d.o
                0x00000000080077c0                HAL_DMA2D_LineEventCallback
 .text.HAL_DMA2D_CLUTLoadingCpltCallback
                0x00000000080077d4       0x14 ./Drivers/STM32F7xx_HAL_Driver/Src/stm32f7xx_hal_dma2d.o
                0x00000000080077d4                HAL_DMA2D_CLUTLoadingCpltCallback
 .text.HAL_DMA2D_ConfigLayer
                0x00000000080077e8      0x124 ./Drivers/STM32F7xx_HAL_Driver/Src/stm32f7xx_hal_dma2d.o
                0x00000000080077e8                HAL_DMA2D_ConfigLayer
 .text.DMA2D_SetConfig
                0x000000000800790c      0x138 ./Drivers/STM32F7xx_HAL_Driver/Src/stm32f7xx_hal_dma2d.o
 .text.HAL_GPIO_Init
                0x0000000008007a44      0x358 ./Drivers/STM32F7xx_HAL_Driver/Src/stm32f7xx_hal_gpio.o
                0x0000000008007a44                HAL_GPIO_Init
 .text.HAL_GPIO_DeInit
                0x0000000008007d9c      0x218 ./Drivers/STM32F7xx_HAL_Driver/Src/stm32f7xx_hal_gpio.o
                0x0000000008007d9c                HAL_GPIO_DeInit
 .text.HAL_GPIO_ReadPin
                0x0000000008007fb4       0x30 ./Drivers/STM32F7xx_HAL_Driver/Src/stm32f7xx_hal_gpio.o
                0x0000000008007fb4                HAL_GPIO_ReadPin
 .text.HAL_GPIO_WritePin
                0x0000000008007fe4       0x32 ./Drivers/STM32F7xx_HAL_Driver/Src/stm32f7xx_hal_gpio.o
                0x0000000008007fe4                HAL_GPIO_WritePin
 *fill*         0x0000000008008016        0x2 
 .text.HAL_I2C_Init
                0x0000000008008018      0x120 ./Drivers/STM32F7xx_HAL_Driver/Src/stm32f7xx_hal_i2c.o
                0x0000000008008018                HAL_I2C_Init
 .text.HAL_I2C_DeInit
                0x0000000008008138       0x5e ./Drivers/STM32F7xx_HAL_Driver/Src/stm32f7xx_hal_i2c.o
                0x0000000008008138                HAL_I2C_DeInit
 *fill*         0x0000000008008196        0x2 
 .text.HAL_I2C_Mem_Write
                0x0000000008008198      0x228 ./Drivers/STM32F7xx_HAL_Driver/Src/stm32f7xx_hal_i2c.o
                0x0000000008008198                HAL_I2C_Mem_Write
 .text.HAL_I2C_Mem_Read
                0x00000000080083c0      0x234 ./Drivers/STM32F7xx_HAL_Driver/Src/stm32f7xx_hal_i2c.o
                0x00000000080083c0                HAL_I2C_Mem_Read
 .text.HAL_I2C_GetState
                0x00000000080085f4       0x1c ./Drivers/STM32F7xx_HAL_Driver/Src/stm32f7xx_hal_i2c.o
                0x00000000080085f4                HAL_I2C_GetState
 .text.I2C_RequestMemoryWrite
                0x0000000008008610       0xa8 ./Drivers/STM32F7xx_HAL_Driver/Src/stm32f7xx_hal_i2c.o
 .text.I2C_RequestMemoryRead
                0x00000000080086b8       0xa8 ./Drivers/STM32F7xx_HAL_Driver/Src/stm32f7xx_hal_i2c.o
 .text.I2C_Flush_TXDR
                0x0000000008008760       0x48 ./Drivers/STM32F7xx_HAL_Driver/Src/stm32f7xx_hal_i2c.o
 .text.I2C_WaitOnFlagUntilTimeout
                0x00000000080087a8       0x80 ./Drivers/STM32F7xx_HAL_Driver/Src/stm32f7xx_hal_i2c.o
 .text.I2C_WaitOnTXISFlagUntilTimeout
                0x0000000008008828       0x80 ./Drivers/STM32F7xx_HAL_Driver/Src/stm32f7xx_hal_i2c.o
 .text.I2C_WaitOnSTOPFlagUntilTimeout
                0x00000000080088a8       0x78 ./Drivers/STM32F7xx_HAL_Driver/Src/stm32f7xx_hal_i2c.o
 .text.I2C_IsErrorOccurred
                0x0000000008008920      0x1d8 ./Drivers/STM32F7xx_HAL_Driver/Src/stm32f7xx_hal_i2c.o
 .text.I2C_TransferConfig
                0x0000000008008af8       0x64 ./Drivers/STM32F7xx_HAL_Driver/Src/stm32f7xx_hal_i2c.o
 .text.HAL_I2CEx_ConfigAnalogFilter
                0x0000000008008b5c       0x96 ./Drivers/STM32F7xx_HAL_Driver/Src/stm32f7xx_hal_i2c_ex.o
                0x0000000008008b5c                HAL_I2CEx_ConfigAnalogFilter
 .text.HAL_I2CEx_ConfigDigitalFilter
                0x0000000008008bf2       0x98 ./Drivers/STM32F7xx_HAL_Driver/Src/stm32f7xx_hal_i2c_ex.o
                0x0000000008008bf2                HAL_I2CEx_ConfigDigitalFilter
 *fill*         0x0000000008008c8a        0x2 
 .text.HAL_LTDC_Init
                0x0000000008008c8c      0x1a0 ./Drivers/STM32F7xx_HAL_Driver/Src/stm32f7xx_hal_ltdc.o
                0x0000000008008c8c                HAL_LTDC_Init
 .text.HAL_LTDC_IRQHandler
                0x0000000008008e2c      0x148 ./Drivers/STM32F7xx_HAL_Driver/Src/stm32f7xx_hal_ltdc.o
                0x0000000008008e2c                HAL_LTDC_IRQHandler
 .text.HAL_LTDC_ErrorCallback
                0x0000000008008f74       0x14 ./Drivers/STM32F7xx_HAL_Driver/Src/stm32f7xx_hal_ltdc.o
                0x0000000008008f74                HAL_LTDC_ErrorCallback
 .text.HAL_LTDC_LineEventCallback
                0x0000000008008f88       0x14 ./Drivers/STM32F7xx_HAL_Driver/Src/stm32f7xx_hal_ltdc.o
                0x0000000008008f88                HAL_LTDC_LineEventCallback
 .text.HAL_LTDC_ReloadEventCallback
                0x0000000008008f9c       0x14 ./Drivers/STM32F7xx_HAL_Driver/Src/stm32f7xx_hal_ltdc.o
                0x0000000008008f9c                HAL_LTDC_ReloadEventCallback
 .text.HAL_LTDC_ConfigLayer
                0x0000000008008fb0       0x7c ./Drivers/STM32F7xx_HAL_Driver/Src/stm32f7xx_hal_ltdc.o
                0x0000000008008fb0                HAL_LTDC_ConfigLayer
 .text.HAL_LTDC_SetAlpha
                0x000000000800902c       0x6c ./Drivers/STM32F7xx_HAL_Driver/Src/stm32f7xx_hal_ltdc.o
                0x000000000800902c                HAL_LTDC_SetAlpha
 .text.HAL_LTDC_GetState
                0x0000000008009098       0x1c ./Drivers/STM32F7xx_HAL_Driver/Src/stm32f7xx_hal_ltdc.o
                0x0000000008009098                HAL_LTDC_GetState
 .text.LTDC_SetConfig
                0x00000000080090b4      0x334 ./Drivers/STM32F7xx_HAL_Driver/Src/stm32f7xx_hal_ltdc.o
 .text.HAL_PWR_EnableBkUpAccess
                0x00000000080093e8       0x20 ./Drivers/STM32F7xx_HAL_Driver/Src/stm32f7xx_hal_pwr.o
                0x00000000080093e8                HAL_PWR_EnableBkUpAccess
 .text.HAL_PWREx_EnableOverDrive
                0x0000000008009408       0xa0 ./Drivers/STM32F7xx_HAL_Driver/Src/stm32f7xx_hal_pwr_ex.o
                0x0000000008009408                HAL_PWREx_EnableOverDrive
 .text.HAL_RCC_OscConfig
                0x00000000080094a8      0x548 ./Drivers/STM32F7xx_HAL_Driver/Src/stm32f7xx_hal_rcc.o
                0x00000000080094a8                HAL_RCC_OscConfig
 .text.HAL_RCC_ClockConfig
                0x00000000080099f0      0x1d8 ./Drivers/STM32F7xx_HAL_Driver/Src/stm32f7xx_hal_rcc.o
                0x00000000080099f0                HAL_RCC_ClockConfig
 .text.HAL_RCC_GetSysClockFreq
                0x0000000008009bc8      0x16c ./Drivers/STM32F7xx_HAL_Driver/Src/stm32f7xx_hal_rcc.o
                0x0000000008009bc8                HAL_RCC_GetSysClockFreq
 .text.HAL_RCC_GetHCLKFreq
                0x0000000008009d34       0x18 ./Drivers/STM32F7xx_HAL_Driver/Src/stm32f7xx_hal_rcc.o
                0x0000000008009d34                HAL_RCC_GetHCLKFreq
 .text.HAL_RCC_GetPCLK1Freq
                0x0000000008009d4c       0x28 ./Drivers/STM32F7xx_HAL_Driver/Src/stm32f7xx_hal_rcc.o
                0x0000000008009d4c                HAL_RCC_GetPCLK1Freq
 .text.HAL_RCC_GetPCLK2Freq
                0x0000000008009d74       0x28 ./Drivers/STM32F7xx_HAL_Driver/Src/stm32f7xx_hal_rcc.o
                0x0000000008009d74                HAL_RCC_GetPCLK2Freq
 .text.HAL_RCC_GetClockConfig
                0x0000000008009d9c       0x64 ./Drivers/STM32F7xx_HAL_Driver/Src/stm32f7xx_hal_rcc.o
                0x0000000008009d9c                HAL_RCC_GetClockConfig
 .text.HAL_RCCEx_PeriphCLKConfig
                0x0000000008009e00      0x7e0 ./Drivers/STM32F7xx_HAL_Driver/Src/stm32f7xx_hal_rcc_ex.o
                0x0000000008009e00                HAL_RCCEx_PeriphCLKConfig
 .text.HAL_RTC_Init
                0x000000000800a5e0      0x124 ./Drivers/STM32F7xx_HAL_Driver/Src/stm32f7xx_hal_rtc.o
                0x000000000800a5e0                HAL_RTC_Init
 .text.HAL_RTC_SetTime
                0x000000000800a704      0x17c ./Drivers/STM32F7xx_HAL_Driver/Src/stm32f7xx_hal_rtc.o
                0x000000000800a704                HAL_RTC_SetTime
 .text.HAL_RTC_SetDate
                0x000000000800a880      0x150 ./Drivers/STM32F7xx_HAL_Driver/Src/stm32f7xx_hal_rtc.o
                0x000000000800a880                HAL_RTC_SetDate
 .text.HAL_RTC_SetAlarm
                0x000000000800a9d0      0x230 ./Drivers/STM32F7xx_HAL_Driver/Src/stm32f7xx_hal_rtc.o
                0x000000000800a9d0                HAL_RTC_SetAlarm
 .text.HAL_RTC_WaitForSynchro
                0x000000000800ac00       0x50 ./Drivers/STM32F7xx_HAL_Driver/Src/stm32f7xx_hal_rtc.o
                0x000000000800ac00                HAL_RTC_WaitForSynchro
 .text.RTC_EnterInitMode
                0x000000000800ac50       0x58 ./Drivers/STM32F7xx_HAL_Driver/Src/stm32f7xx_hal_rtc.o
                0x000000000800ac50                RTC_EnterInitMode
 .text.RTC_ByteToBcd2
                0x000000000800aca8       0x3c ./Drivers/STM32F7xx_HAL_Driver/Src/stm32f7xx_hal_rtc.o
                0x000000000800aca8                RTC_ByteToBcd2
 .text.HAL_RTCEx_SetTimeStamp
                0x000000000800ace4       0xac ./Drivers/STM32F7xx_HAL_Driver/Src/stm32f7xx_hal_rtc_ex.o
                0x000000000800ace4                HAL_RTCEx_SetTimeStamp
 .text.HAL_SDRAM_Init
                0x000000000800ad90       0x68 ./Drivers/STM32F7xx_HAL_Driver/Src/stm32f7xx_hal_sdram.o
                0x000000000800ad90                HAL_SDRAM_Init
 .text.HAL_SDRAM_SendCommand
                0x000000000800adf8       0x6a ./Drivers/STM32F7xx_HAL_Driver/Src/stm32f7xx_hal_sdram.o
                0x000000000800adf8                HAL_SDRAM_SendCommand
 .text.HAL_SDRAM_ProgramRefreshRate
                0x000000000800ae62       0x50 ./Drivers/STM32F7xx_HAL_Driver/Src/stm32f7xx_hal_sdram.o
                0x000000000800ae62                HAL_SDRAM_ProgramRefreshRate
 .text.HAL_SPI_Init
                0x000000000800aeb2      0x156 ./Drivers/STM32F7xx_HAL_Driver/Src/stm32f7xx_hal_spi.o
                0x000000000800aeb2                HAL_SPI_Init
 .text.HAL_TIM_Base_Init
                0x000000000800b008       0xae ./Drivers/STM32F7xx_HAL_Driver/Src/stm32f7xx_hal_tim.o
                0x000000000800b008                HAL_TIM_Base_Init
 *fill*         0x000000000800b0b6        0x2 
 .text.HAL_TIM_Base_Start
                0x000000000800b0b8       0xe0 ./Drivers/STM32F7xx_HAL_Driver/Src/stm32f7xx_hal_tim.o
                0x000000000800b0b8                HAL_TIM_Base_Start
 .text.HAL_TIM_Base_Start_IT
                0x000000000800b198       0xf0 ./Drivers/STM32F7xx_HAL_Driver/Src/stm32f7xx_hal_tim.o
                0x000000000800b198                HAL_TIM_Base_Start_IT
 .text.HAL_TIM_IRQHandler
                0x000000000800b288      0x23e ./Drivers/STM32F7xx_HAL_Driver/Src/stm32f7xx_hal_tim.o
                0x000000000800b288                HAL_TIM_IRQHandler
 *fill*         0x000000000800b4c6        0x2 
 .text.HAL_TIM_ConfigClockSource
                0x000000000800b4c8      0x194 ./Drivers/STM32F7xx_HAL_Driver/Src/stm32f7xx_hal_tim.o
                0x000000000800b4c8                HAL_TIM_ConfigClockSource
 .text.HAL_TIM_OC_DelayElapsedCallback
                0x000000000800b65c       0x14 ./Drivers/STM32F7xx_HAL_Driver/Src/stm32f7xx_hal_tim.o
                0x000000000800b65c                HAL_TIM_OC_DelayElapsedCallback
 .text.HAL_TIM_IC_CaptureCallback
                0x000000000800b670       0x14 ./Drivers/STM32F7xx_HAL_Driver/Src/stm32f7xx_hal_tim.o
                0x000000000800b670                HAL_TIM_IC_CaptureCallback
 .text.HAL_TIM_PWM_PulseFinishedCallback
                0x000000000800b684       0x14 ./Drivers/STM32F7xx_HAL_Driver/Src/stm32f7xx_hal_tim.o
                0x000000000800b684                HAL_TIM_PWM_PulseFinishedCallback
 .text.HAL_TIM_TriggerCallback
                0x000000000800b698       0x14 ./Drivers/STM32F7xx_HAL_Driver/Src/stm32f7xx_hal_tim.o
                0x000000000800b698                HAL_TIM_TriggerCallback
 .text.TIM_Base_SetConfig
                0x000000000800b6ac      0x140 ./Drivers/STM32F7xx_HAL_Driver/Src/stm32f7xx_hal_tim.o
                0x000000000800b6ac                TIM_Base_SetConfig
 .text.TIM_TI1_ConfigInputStage
                0x000000000800b7ec       0x5e ./Drivers/STM32F7xx_HAL_Driver/Src/stm32f7xx_hal_tim.o
 .text.TIM_TI2_ConfigInputStage
                0x000000000800b84a       0x60 ./Drivers/STM32F7xx_HAL_Driver/Src/stm32f7xx_hal_tim.o
 .text.TIM_ITRx_SetConfig
                0x000000000800b8aa       0x36 ./Drivers/STM32F7xx_HAL_Driver/Src/stm32f7xx_hal_tim.o
 .text.TIM_ETR_SetConfig
                0x000000000800b8e0       0x40 ./Drivers/STM32F7xx_HAL_Driver/Src/stm32f7xx_hal_tim.o
                0x000000000800b8e0                TIM_ETR_SetConfig
 .text.HAL_TIMEx_MasterConfigSynchronization
                0x000000000800b920      0x11c ./Drivers/STM32F7xx_HAL_Driver/Src/stm32f7xx_hal_tim_ex.o
                0x000000000800b920                HAL_TIMEx_MasterConfigSynchronization
 .text.HAL_TIMEx_CommutCallback
                0x000000000800ba3c       0x14 ./Drivers/STM32F7xx_HAL_Driver/Src/stm32f7xx_hal_tim_ex.o
                0x000000000800ba3c                HAL_TIMEx_CommutCallback
 .text.HAL_TIMEx_BreakCallback
                0x000000000800ba50       0x14 ./Drivers/STM32F7xx_HAL_Driver/Src/stm32f7xx_hal_tim_ex.o
                0x000000000800ba50                HAL_TIMEx_BreakCallback
 .text.HAL_TIMEx_Break2Callback
                0x000000000800ba64       0x14 ./Drivers/STM32F7xx_HAL_Driver/Src/stm32f7xx_hal_tim_ex.o
                0x000000000800ba64                HAL_TIMEx_Break2Callback
 .text.HAL_UART_Init
                0x000000000800ba78       0x9c ./Drivers/STM32F7xx_HAL_Driver/Src/stm32f7xx_hal_uart.o
                0x000000000800ba78                HAL_UART_Init
 .text.UART_SetConfig
                0x000000000800bb14      0x4c4 ./Drivers/STM32F7xx_HAL_Driver/Src/stm32f7xx_hal_uart.o
                0x000000000800bb14                UART_SetConfig
 .text.UART_AdvFeatureConfig
                0x000000000800bfd8      0x144 ./Drivers/STM32F7xx_HAL_Driver/Src/stm32f7xx_hal_uart.o
                0x000000000800bfd8                UART_AdvFeatureConfig
 .text.UART_CheckIdleState
                0x000000000800c11c       0x66 ./Drivers/STM32F7xx_HAL_Driver/Src/stm32f7xx_hal_uart.o
                0x000000000800c11c                UART_CheckIdleState
 .text.UART_WaitOnFlagUntilTimeout
                0x000000000800c182      0x188 ./Drivers/STM32F7xx_HAL_Driver/Src/stm32f7xx_hal_uart.o
                0x000000000800c182                UART_WaitOnFlagUntilTimeout
 *fill*         0x000000000800c30a        0x2 
 .text.FMC_SDRAM_Init
                0x000000000800c30c       0xb8 ./Drivers/STM32F7xx_HAL_Driver/Src/stm32f7xx_ll_fmc.o
                0x000000000800c30c                FMC_SDRAM_Init
 .text.FMC_SDRAM_Timing_Init
                0x000000000800c3c4       0xd4 ./Drivers/STM32F7xx_HAL_Driver/Src/stm32f7xx_ll_fmc.o
                0x000000000800c3c4                FMC_SDRAM_Timing_Init
 .text.FMC_SDRAM_SendCommand
                0x000000000800c498       0x48 ./Drivers/STM32F7xx_HAL_Driver/Src/stm32f7xx_ll_fmc.o
                0x000000000800c498                FMC_SDRAM_SendCommand
 .text.FMC_SDRAM_ProgramRefreshRate
                0x000000000800c4e0       0x30 ./Drivers/STM32F7xx_HAL_Driver/Src/stm32f7xx_ll_fmc.o
                0x000000000800c4e0                FMC_SDRAM_ProgramRefreshRate
 .text.makeFreeRtosPriority
                0x000000000800c510       0x30 ./Middlewares/Third_Party/FreeRTOS/Source/CMSIS_RTOS/cmsis_os.o
 .text.osKernelStart
                0x000000000800c540        0xe ./Middlewares/Third_Party/FreeRTOS/Source/CMSIS_RTOS/cmsis_os.o
                0x000000000800c540                osKernelStart
 .text.osThreadCreate
                0x000000000800c54e       0x98 ./Middlewares/Third_Party/FreeRTOS/Source/CMSIS_RTOS/cmsis_os.o
                0x000000000800c54e                osThreadCreate
 .text.osDelay  0x000000000800c5e6       0x28 ./Middlewares/Third_Party/FreeRTOS/Source/CMSIS_RTOS/cmsis_os.o
                0x000000000800c5e6                osDelay
 .text.vListInitialise
                0x000000000800c60e       0x40 ./Middlewares/Third_Party/FreeRTOS/Source/list.o
                0x000000000800c60e                vListInitialise
 .text.vListInitialiseItem
                0x000000000800c64e       0x1a ./Middlewares/Third_Party/FreeRTOS/Source/list.o
                0x000000000800c64e                vListInitialiseItem
 .text.vListInsertEnd
                0x000000000800c668       0x48 ./Middlewares/Third_Party/FreeRTOS/Source/list.o
                0x000000000800c668                vListInsertEnd
 .text.vListInsert
                0x000000000800c6b0       0x72 ./Middlewares/Third_Party/FreeRTOS/Source/list.o
                0x000000000800c6b0                vListInsert
 .text.uxListRemove
                0x000000000800c722       0x54 ./Middlewares/Third_Party/FreeRTOS/Source/list.o
                0x000000000800c722                uxListRemove
 .text.xTaskCreateStatic
                0x000000000800c776       0xc6 ./Middlewares/Third_Party/FreeRTOS/Source/tasks.o
                0x000000000800c776                xTaskCreateStatic
 .text.xTaskCreate
                0x000000000800c83c       0x8a ./Middlewares/Third_Party/FreeRTOS/Source/tasks.o
                0x000000000800c83c                xTaskCreate
 *fill*         0x000000000800c8c6        0x2 
 .text.prvInitialiseNewTask
                0x000000000800c8c8      0x140 ./Middlewares/Third_Party/FreeRTOS/Source/tasks.o
 .text.prvAddNewTaskToReadyList
                0x000000000800ca08       0xd4 ./Middlewares/Third_Party/FreeRTOS/Source/tasks.o
 .text.vTaskDelay
                0x000000000800cadc       0x6c ./Middlewares/Third_Party/FreeRTOS/Source/tasks.o
                0x000000000800cadc                vTaskDelay
 .text.vTaskSuspend
                0x000000000800cb48      0x128 ./Middlewares/Third_Party/FreeRTOS/Source/tasks.o
                0x000000000800cb48                vTaskSuspend
 .text.prvTaskIsTaskSuspended
                0x000000000800cc70       0x68 ./Middlewares/Third_Party/FreeRTOS/Source/tasks.o
 .text.vTaskResume
                0x000000000800ccd8       0xc0 ./Middlewares/Third_Party/FreeRTOS/Source/tasks.o
                0x000000000800ccd8                vTaskResume
 .text.vTaskStartScheduler
                0x000000000800cd98       0xdc ./Middlewares/Third_Party/FreeRTOS/Source/tasks.o
                0x000000000800cd98                vTaskStartScheduler
 .text.vTaskSuspendAll
                0x000000000800ce74       0x1c ./Middlewares/Third_Party/FreeRTOS/Source/tasks.o
                0x000000000800ce74                vTaskSuspendAll
 .text.xTaskResumeAll
                0x000000000800ce90      0x13c ./Middlewares/Third_Party/FreeRTOS/Source/tasks.o
                0x000000000800ce90                xTaskResumeAll
 .text.xTaskIncrementTick
                0x000000000800cfcc      0x174 ./Middlewares/Third_Party/FreeRTOS/Source/tasks.o
                0x000000000800cfcc                xTaskIncrementTick
 .text.vTaskSwitchContext
                0x000000000800d140       0xc8 ./Middlewares/Third_Party/FreeRTOS/Source/tasks.o
                0x000000000800d140                vTaskSwitchContext
 .text.prvIdleTask
                0x000000000800d208       0x30 ./Middlewares/Third_Party/FreeRTOS/Source/tasks.o
 .text.prvInitialiseTaskLists
                0x000000000800d238       0x80 ./Middlewares/Third_Party/FreeRTOS/Source/tasks.o
 .text.prvCheckTasksWaitingTermination
                0x000000000800d2b8       0x5c ./Middlewares/Third_Party/FreeRTOS/Source/tasks.o
 .text.prvDeleteTCB
                0x000000000800d314       0x6c ./Middlewares/Third_Party/FreeRTOS/Source/tasks.o
 .text.prvResetNextTaskUnblockTime
                0x000000000800d380       0x40 ./Middlewares/Third_Party/FreeRTOS/Source/tasks.o
 .text.prvAddCurrentTaskToDelayedList
                0x000000000800d3c0       0xcc ./Middlewares/Third_Party/FreeRTOS/Source/tasks.o
 .text.pxPortInitialiseStack
                0x000000000800d48c       0x68 ./Middlewares/Third_Party/FreeRTOS/Source/portable/GCC/ARM_CM7/r0p1/port.o
                0x000000000800d48c                pxPortInitialiseStack
 .text.prvTaskExitError
                0x000000000800d4f4       0x60 ./Middlewares/Third_Party/FreeRTOS/Source/portable/GCC/ARM_CM7/r0p1/port.o
 *fill*         0x000000000800d554        0xc 
 .text.SVC_Handler
                0x000000000800d560       0x28 ./Middlewares/Third_Party/FreeRTOS/Source/portable/GCC/ARM_CM7/r0p1/port.o
                0x000000000800d560                SVC_Handler
 .text.prvPortStartFirstTask
                0x000000000800d588       0x28 ./Middlewares/Third_Party/FreeRTOS/Source/portable/GCC/ARM_CM7/r0p1/port.o
 .text.xPortStartScheduler
                0x000000000800d5b0       0xfc ./Middlewares/Third_Party/FreeRTOS/Source/portable/GCC/ARM_CM7/r0p1/port.o
                0x000000000800d5b0                xPortStartScheduler
 .text.vPortEnterCritical
                0x000000000800d6ac       0x68 ./Middlewares/Third_Party/FreeRTOS/Source/portable/GCC/ARM_CM7/r0p1/port.o
                0x000000000800d6ac                vPortEnterCritical
 .text.vPortExitCritical
                0x000000000800d714       0x58 ./Middlewares/Third_Party/FreeRTOS/Source/portable/GCC/ARM_CM7/r0p1/port.o
                0x000000000800d714                vPortExitCritical
 *fill*         0x000000000800d76c        0x4 
 .text.PendSV_Handler
                0x000000000800d770       0x68 ./Middlewares/Third_Party/FreeRTOS/Source/portable/GCC/ARM_CM7/r0p1/port.o
                0x000000000800d770                PendSV_Handler
 .text.SysTick_Handler
                0x000000000800d7d8       0x48 ./Middlewares/Third_Party/FreeRTOS/Source/portable/GCC/ARM_CM7/r0p1/port.o
                0x000000000800d7d8                SysTick_Handler
 .text.vPortSetupTimerInterrupt
                0x000000000800d820       0x48 ./Middlewares/Third_Party/FreeRTOS/Source/portable/GCC/ARM_CM7/r0p1/port.o
                0x000000000800d820                vPortSetupTimerInterrupt
 .text.vPortEnableVFP
                0x000000000800d868       0x14 ./Middlewares/Third_Party/FreeRTOS/Source/portable/GCC/ARM_CM7/r0p1/port.o
 .text.pvPortMalloc
                0x000000000800d87c      0x194 ./Middlewares/Third_Party/FreeRTOS/Source/portable/MemMang/heap_4.o
                0x000000000800d87c                pvPortMalloc
 .text.vPortFree
                0x000000000800da10       0xbc ./Middlewares/Third_Party/FreeRTOS/Source/portable/MemMang/heap_4.o
                0x000000000800da10                vPortFree
 .text.prvHeapInit
                0x000000000800dacc       0xc4 ./Middlewares/Third_Party/FreeRTOS/Source/portable/MemMang/heap_4.o
 .text.prvInsertBlockIntoFreeList
                0x000000000800db90       0xb4 ./Middlewares/Third_Party/FreeRTOS/Source/portable/MemMang/heap_4.o
 .text.clock    0x000000000800dc44       0x28 c:/st/stm32cubeide_1.8.0/stm32cubeide/plugins/com.st.stm32cube.ide.mcu.externaltools.gnu-tools-for-stm32.9-2020-q2-update.win32_2.0.0.202105311346/tools/bin/../lib/gcc/arm-none-eabi/9.3.1/../../../../arm-none-eabi/lib/thumb/v7e-m+fp/hard\libc_nano.a(lib_a-clock.o)
                0x000000000800dc44                clock
 .text.__errno  0x000000000800dc6c        0xc c:/st/stm32cubeide_1.8.0/stm32cubeide/plugins/com.st.stm32cube.ide.mcu.externaltools.gnu-tools-for-stm32.9-2020-q2-update.win32_2.0.0.202105311346/tools/bin/../lib/gcc/arm-none-eabi/9.3.1/../../../../arm-none-eabi/lib/thumb/v7e-m+fp/hard\libc_nano.a(lib_a-errno.o)
                0x000000000800dc6c                __errno
 .text.__libc_init_array
                0x000000000800dc78       0x48 c:/st/stm32cubeide_1.8.0/stm32cubeide/plugins/com.st.stm32cube.ide.mcu.externaltools.gnu-tools-for-stm32.9-2020-q2-update.win32_2.0.0.202105311346/tools/bin/../lib/gcc/arm-none-eabi/9.3.1/../../../../arm-none-eabi/lib/thumb/v7e-m+fp/hard\libc_nano.a(lib_a-init.o)
                0x000000000800dc78                __libc_init_array
 .text.__retarget_lock_acquire_recursive
                0x000000000800dcc0        0x2 c:/st/stm32cubeide_1.8.0/stm32cubeide/plugins/com.st.stm32cube.ide.mcu.externaltools.gnu-tools-for-stm32.9-2020-q2-update.win32_2.0.0.202105311346/tools/bin/../lib/gcc/arm-none-eabi/9.3.1/../../../../arm-none-eabi/lib/thumb/v7e-m+fp/hard\libc_nano.a(lib_a-lock.o)
                0x000000000800dcc0                __retarget_lock_acquire_recursive
 .text.__retarget_lock_release_recursive
                0x000000000800dcc2        0x2 c:/st/stm32cubeide_1.8.0/stm32cubeide/plugins/com.st.stm32cube.ide.mcu.externaltools.gnu-tools-for-stm32.9-2020-q2-update.win32_2.0.0.202105311346/tools/bin/../lib/gcc/arm-none-eabi/9.3.1/../../../../arm-none-eabi/lib/thumb/v7e-m+fp/hard\libc_nano.a(lib_a-lock.o)
                0x000000000800dcc2                __retarget_lock_release_recursive
 .text.memcpy   0x000000000800dcc4       0x1c c:/st/stm32cubeide_1.8.0/stm32cubeide/plugins/com.st.stm32cube.ide.mcu.externaltools.gnu-tools-for-stm32.9-2020-q2-update.win32_2.0.0.202105311346/tools/bin/../lib/gcc/arm-none-eabi/9.3.1/../../../../arm-none-eabi/lib/thumb/v7e-m+fp/hard\libc_nano.a(lib_a-memcpy-stub.o)
                0x000000000800dcc4                memcpy
 .text.memset   0x000000000800dce0       0x10 c:/st/stm32cubeide_1.8.0/stm32cubeide/plugins/com.st.stm32cube.ide.mcu.externaltools.gnu-tools-for-stm32.9-2020-q2-update.win32_2.0.0.202105311346/tools/bin/../lib/gcc/arm-none-eabi/9.3.1/../../../../arm-none-eabi/lib/thumb/v7e-m+fp/hard\libc_nano.a(lib_a-memset.o)
                0x000000000800dce0                memset
 .text._malloc_r
                0x000000000800dcf0       0xb4 c:/st/stm32cubeide_1.8.0/stm32cubeide/plugins/com.st.stm32cube.ide.mcu.externaltools.gnu-tools-for-stm32.9-2020-q2-update.win32_2.0.0.202105311346/tools/bin/../lib/gcc/arm-none-eabi/9.3.1/../../../../arm-none-eabi/lib/thumb/v7e-m+fp/hard\libc_nano.a(lib_a-nano-mallocr.o)
                0x000000000800dcf0                _malloc_r
 .text.cleanup_glue
                0x000000000800dda4       0x1a c:/st/stm32cubeide_1.8.0/stm32cubeide/plugins/com.st.stm32cube.ide.mcu.externaltools.gnu-tools-for-stm32.9-2020-q2-update.win32_2.0.0.202105311346/tools/bin/../lib/gcc/arm-none-eabi/9.3.1/../../../../arm-none-eabi/lib/thumb/v7e-m+fp/hard\libc_nano.a(lib_a-reent.o)
                0x000000000800dda4                cleanup_glue
 *fill*         0x000000000800ddbe        0x2 
 .text._reclaim_reent
                0x000000000800ddc0       0xb8 c:/st/stm32cubeide_1.8.0/stm32cubeide/plugins/com.st.stm32cube.ide.mcu.externaltools.gnu-tools-for-stm32.9-2020-q2-update.win32_2.0.0.202105311346/tools/bin/../lib/gcc/arm-none-eabi/9.3.1/../../../../arm-none-eabi/lib/thumb/v7e-m+fp/hard\libc_nano.a(lib_a-reent.o)
                0x000000000800ddc0                _reclaim_reent
 .text._sbrk_r  0x000000000800de78       0x20 c:/st/stm32cubeide_1.8.0/stm32cubeide/plugins/com.st.stm32cube.ide.mcu.externaltools.gnu-tools-for-stm32.9-2020-q2-update.win32_2.0.0.202105311346/tools/bin/../lib/gcc/arm-none-eabi/9.3.1/../../../../arm-none-eabi/lib/thumb/v7e-m+fp/hard\libc_nano.a(lib_a-sbrkr.o)
                0x000000000800de78                _sbrk_r
 .text.sprintf  0x000000000800de98       0x40 c:/st/stm32cubeide_1.8.0/stm32cubeide/plugins/com.st.stm32cube.ide.mcu.externaltools.gnu-tools-for-stm32.9-2020-q2-update.win32_2.0.0.202105311346/tools/bin/../lib/gcc/arm-none-eabi/9.3.1/../../../../arm-none-eabi/lib/thumb/v7e-m+fp/hard\libc_nano.a(lib_a-sprintf.o)
                0x000000000800de98                siprintf
                0x000000000800de98                sprintf
 .text._times_r
                0x000000000800ded8        0x6 c:/st/stm32cubeide_1.8.0/stm32cubeide/plugins/com.st.stm32cube.ide.mcu.externaltools.gnu-tools-for-stm32.9-2020-q2-update.win32_2.0.0.202105311346/tools/bin/../lib/gcc/arm-none-eabi/9.3.1/../../../../arm-none-eabi/lib/thumb/v7e-m+fp/hard\libc_nano.a(lib_a-timesr.o)
                0x000000000800ded8                _times_r
 *fill*         0x000000000800dede        0x2 
 .text.__malloc_lock
                0x000000000800dee0        0xc c:/st/stm32cubeide_1.8.0/stm32cubeide/plugins/com.st.stm32cube.ide.mcu.externaltools.gnu-tools-for-stm32.9-2020-q2-update.win32_2.0.0.202105311346/tools/bin/../lib/gcc/arm-none-eabi/9.3.1/../../../../arm-none-eabi/lib/thumb/v7e-m+fp/hard\libc_nano.a(lib_a-mlock.o)
                0x000000000800dee0                __malloc_lock
 .text.__malloc_unlock
                0x000000000800deec        0xc c:/st/stm32cubeide_1.8.0/stm32cubeide/plugins/com.st.stm32cube.ide.mcu.externaltools.gnu-tools-for-stm32.9-2020-q2-update.win32_2.0.0.202105311346/tools/bin/../lib/gcc/arm-none-eabi/9.3.1/../../../../arm-none-eabi/lib/thumb/v7e-m+fp/hard\libc_nano.a(lib_a-mlock.o)
                0x000000000800deec                __malloc_unlock
 .text._free_r  0x000000000800def8       0xa0 c:/st/stm32cubeide_1.8.0/stm32cubeide/plugins/com.st.stm32cube.ide.mcu.externaltools.gnu-tools-for-stm32.9-2020-q2-update.win32_2.0.0.202105311346/tools/bin/../lib/gcc/arm-none-eabi/9.3.1/../../../../arm-none-eabi/lib/thumb/v7e-m+fp/hard\libc_nano.a(lib_a-nano-freer.o)
                0x000000000800def8                _free_r
 .text.__ssputs_r
                0x000000000800df98       0xb6 c:/st/stm32cubeide_1.8.0/stm32cubeide/plugins/com.st.stm32cube.ide.mcu.externaltools.gnu-tools-for-stm32.9-2020-q2-update.win32_2.0.0.202105311346/tools/bin/../lib/gcc/arm-none-eabi/9.3.1/../../../../arm-none-eabi/lib/thumb/v7e-m+fp/hard\libc_nano.a(lib_a-nano-svfprintf.o)
                0x000000000800df98                __ssputs_r
 *fill*         0x000000000800e04e        0x2 
 .text._svfprintf_r
                0x000000000800e050      0x200 c:/st/stm32cubeide_1.8.0/stm32cubeide/plugins/com.st.stm32cube.ide.mcu.externaltools.gnu-tools-for-stm32.9-2020-q2-update.win32_2.0.0.202105311346/tools/bin/../lib/gcc/arm-none-eabi/9.3.1/../../../../arm-none-eabi/lib/thumb/v7e-m+fp/hard\libc_nano.a(lib_a-nano-svfprintf.o)
                0x000000000800e050                _svfiprintf_r
                0x000000000800e050                _svfprintf_r
 .text._printf_common
                0x000000000800e250       0xda c:/st/stm32cubeide_1.8.0/stm32cubeide/plugins/com.st.stm32cube.ide.mcu.externaltools.gnu-tools-for-stm32.9-2020-q2-update.win32_2.0.0.202105311346/tools/bin/../lib/gcc/arm-none-eabi/9.3.1/../../../../arm-none-eabi/lib/thumb/v7e-m+fp/hard\libc_nano.a(lib_a-nano-vfprintf_i.o)
                0x000000000800e250                _printf_common
 *fill*         0x000000000800e32a        0x2 
 .text._printf_i
                0x000000000800e32c      0x24c c:/st/stm32cubeide_1.8.0/stm32cubeide/plugins/com.st.stm32cube.ide.mcu.externaltools.gnu-tools-for-stm32.9-2020-q2-update.win32_2.0.0.202105311346/tools/bin/../lib/gcc/arm-none-eabi/9.3.1/../../../../arm-none-eabi/lib/thumb/v7e-m+fp/hard\libc_nano.a(lib_a-nano-vfprintf_i.o)
                0x000000000800e32c                _printf_i
 .text.memmove  0x000000000800e578       0x34 c:/st/stm32cubeide_1.8.0/stm32cubeide/plugins/com.st.stm32cube.ide.mcu.externaltools.gnu-tools-for-stm32.9-2020-q2-update.win32_2.0.0.202105311346/tools/bin/../lib/gcc/arm-none-eabi/9.3.1/../../../../arm-none-eabi/lib/thumb/v7e-m+fp/hard\libc_nano.a(lib_a-memmove.o)
                0x000000000800e578                memmove
 .text._realloc_r
                0x000000000800e5ac       0x4c c:/st/stm32cubeide_1.8.0/stm32cubeide/plugins/com.st.stm32cube.ide.mcu.externaltools.gnu-tools-for-stm32.9-2020-q2-update.win32_2.0.0.202105311346/tools/bin/../lib/gcc/arm-none-eabi/9.3.1/../../../../arm-none-eabi/lib/thumb/v7e-m+fp/hard\libc_nano.a(lib_a-nano-reallocr.o)
                0x000000000800e5ac                _realloc_r
 .text._malloc_usable_size_r
                0x000000000800e5f8       0x10 c:/st/stm32cubeide_1.8.0/stm32cubeide/plugins/com.st.stm32cube.ide.mcu.externaltools.gnu-tools-for-stm32.9-2020-q2-update.win32_2.0.0.202105311346/tools/bin/../lib/gcc/arm-none-eabi/9.3.1/../../../../arm-none-eabi/lib/thumb/v7e-m+fp/hard\libc_nano.a(lib_a-nano-msizer.o)
                0x000000000800e5f8                _malloc_usable_size_r
 .text.pow      0x000000000800e608      0x15c c:/st/stm32cubeide_1.8.0/stm32cubeide/plugins/com.st.stm32cube.ide.mcu.externaltools.gnu-tools-for-stm32.9-2020-q2-update.win32_2.0.0.202105311346/tools/bin/../lib/gcc/arm-none-eabi/9.3.1/../../../../arm-none-eabi/lib/thumb/v7e-m+fp/hard\libm.a(lib_a-w_pow.o)
                0x000000000800e608                pow
 *fill*         0x000000000800e764        0x4 
 .text.__ieee754_pow
                0x000000000800e768      0xa44 c:/st/stm32cubeide_1.8.0/stm32cubeide/plugins/com.st.stm32cube.ide.mcu.externaltools.gnu-tools-for-stm32.9-2020-q2-update.win32_2.0.0.202105311346/tools/bin/../lib/gcc/arm-none-eabi/9.3.1/../../../../arm-none-eabi/lib/thumb/v7e-m+fp/hard\libm.a(lib_a-e_pow.o)
                0x000000000800e768                __ieee754_pow
 .text.__ieee754_sqrt
                0x000000000800f1ac      0x168 c:/st/stm32cubeide_1.8.0/stm32cubeide/plugins/com.st.stm32cube.ide.mcu.externaltools.gnu-tools-for-stm32.9-2020-q2-update.win32_2.0.0.202105311346/tools/bin/../lib/gcc/arm-none-eabi/9.3.1/../../../../arm-none-eabi/lib/thumb/v7e-m+fp/hard\libm.a(lib_a-e_sqrt.o)
                0x000000000800f1ac                __ieee754_sqrt
 .text.fabs     0x000000000800f314       0x12 c:/st/stm32cubeide_1.8.0/stm32cubeide/plugins/com.st.stm32cube.ide.mcu.externaltools.gnu-tools-for-stm32.9-2020-q2-update.win32_2.0.0.202105311346/tools/bin/../lib/gcc/arm-none-eabi/9.3.1/../../../../arm-none-eabi/lib/thumb/v7e-m+fp/hard\libm.a(lib_a-s_fabs.o)
                0x000000000800f314                fabs
 .text.finite   0x000000000800f326       0x16 c:/st/stm32cubeide_1.8.0/stm32cubeide/plugins/com.st.stm32cube.ide.mcu.externaltools.gnu-tools-for-stm32.9-2020-q2-update.win32_2.0.0.202105311346/tools/bin/../lib/gcc/arm-none-eabi/9.3.1/../../../../arm-none-eabi/lib/thumb/v7e-m+fp/hard\libm.a(lib_a-s_finite.o)
                0x000000000800f326                finite
 *fill*         0x000000000800f33c        0x4 
 .text.nan      0x000000000800f340       0x10 c:/st/stm32cubeide_1.8.0/stm32cubeide/plugins/com.st.stm32cube.ide.mcu.externaltools.gnu-tools-for-stm32.9-2020-q2-update.win32_2.0.0.202105311346/tools/bin/../lib/gcc/arm-none-eabi/9.3.1/../../../../arm-none-eabi/lib/thumb/v7e-m+fp/hard\libm.a(lib_a-s_nan.o)
                0x000000000800f340                nan
 .text.rint     0x000000000800f350      0x114 c:/st/stm32cubeide_1.8.0/stm32cubeide/plugins/com.st.stm32cube.ide.mcu.externaltools.gnu-tools-for-stm32.9-2020-q2-update.win32_2.0.0.202105311346/tools/bin/../lib/gcc/arm-none-eabi/9.3.1/../../../../arm-none-eabi/lib/thumb/v7e-m+fp/hard\libm.a(lib_a-s_rint.o)
                0x000000000800f350                rint
 *fill*         0x000000000800f464        0x4 
 .text.scalbn   0x000000000800f468      0x10c c:/st/stm32cubeide_1.8.0/stm32cubeide/plugins/com.st.stm32cube.ide.mcu.externaltools.gnu-tools-for-stm32.9-2020-q2-update.win32_2.0.0.202105311346/tools/bin/../lib/gcc/arm-none-eabi/9.3.1/../../../../arm-none-eabi/lib/thumb/v7e-m+fp/hard\libm.a(lib_a-s_scalbn.o)
                0x000000000800f468                scalbn
 *(.glue_7)
 .glue_7        0x000000000800f574        0x0 linker stubs
 *(.glue_7t)
 .glue_7t       0x000000000800f574        0x0 linker stubs
 *(.eh_frame)
 .eh_frame      0x000000000800f574        0x0 c:/st/stm32cubeide_1.8.0/stm32cubeide/plugins/com.st.stm32cube.ide.mcu.externaltools.gnu-tools-for-stm32.9-2020-q2-update.win32_2.0.0.202105311346/tools/bin/../lib/gcc/arm-none-eabi/9.3.1/thumb/v7e-m+fp/hard/crtbegin.o
 *(.init)
 .init          0x000000000800f574        0x4 c:/st/stm32cubeide_1.8.0/stm32cubeide/plugins/com.st.stm32cube.ide.mcu.externaltools.gnu-tools-for-stm32.9-2020-q2-update.win32_2.0.0.202105311346/tools/bin/../lib/gcc/arm-none-eabi/9.3.1/thumb/v7e-m+fp/hard/crti.o
                0x000000000800f574                _init
 .init          0x000000000800f578        0x8 c:/st/stm32cubeide_1.8.0/stm32cubeide/plugins/com.st.stm32cube.ide.mcu.externaltools.gnu-tools-for-stm32.9-2020-q2-update.win32_2.0.0.202105311346/tools/bin/../lib/gcc/arm-none-eabi/9.3.1/thumb/v7e-m+fp/hard/crtn.o
 *(.fini)
 .fini          0x000000000800f580        0x4 c:/st/stm32cubeide_1.8.0/stm32cubeide/plugins/com.st.stm32cube.ide.mcu.externaltools.gnu-tools-for-stm32.9-2020-q2-update.win32_2.0.0.202105311346/tools/bin/../lib/gcc/arm-none-eabi/9.3.1/thumb/v7e-m+fp/hard/crti.o
                0x000000000800f580                _fini
 .fini          0x000000000800f584        0x8 c:/st/stm32cubeide_1.8.0/stm32cubeide/plugins/com.st.stm32cube.ide.mcu.externaltools.gnu-tools-for-stm32.9-2020-q2-update.win32_2.0.0.202105311346/tools/bin/../lib/gcc/arm-none-eabi/9.3.1/thumb/v7e-m+fp/hard/crtn.o
                0x000000000800f58c                . = ALIGN (0x4)
                0x000000000800f58c                _etext = .

.vfp11_veneer   0x000000000800f58c        0x0
 .vfp11_veneer  0x000000000800f58c        0x0 linker stubs

.v4_bx          0x000000000800f58c        0x0
 .v4_bx         0x000000000800f58c        0x0 linker stubs

.iplt           0x000000000800f58c        0x0
 .iplt          0x000000000800f58c        0x0 c:/st/stm32cubeide_1.8.0/stm32cubeide/plugins/com.st.stm32cube.ide.mcu.externaltools.gnu-tools-for-stm32.9-2020-q2-update.win32_2.0.0.202105311346/tools/bin/../lib/gcc/arm-none-eabi/9.3.1/thumb/v7e-m+fp/hard/crtbegin.o

.rodata         0x000000000800f590    0x80d48
                0x000000000800f590                . = ALIGN (0x4)
 *(.rodata)
 .rodata        0x000000000800f590      0x38b ./Core/Src/main.o
 *fill*         0x000000000800f91b        0x1 
 .rodata        0x000000000800f91c        0x5 ./Middlewares/Third_Party/FreeRTOS/Source/tasks.o
 *(.rodata*)
 *fill*         0x000000000800f921        0x3 
 .rodata.fondHexbmp_bmp
                0x000000000800f924    0x3f4c6 ./Core/Src/main.o
                0x000000000800f924                fondHexbmp_bmp
 *fill*         0x000000000804edea        0x2 
 .rodata.paused_bmp
                0x000000000804edec    0x3f4c6 ./Core/Src/main.o
                0x000000000804edec                paused_bmp
 *fill*         0x000000000808e2b2        0x2 
 .rodata.Font24_Table
                0x000000000808e2b4     0x1ab8 ./Core/Src/stm32746g_discovery_lcd.o
                0x000000000808e2b4                Font24_Table
 .rodata.Font12_Table
                0x000000000808fd6c      0x474 ./Core/Src/stm32746g_discovery_lcd.o
                0x000000000808fd6c                Font12_Table
 .rodata.AHBPrescTable
                0x00000000080901e0       0x10 ./Core/Src/system_stm32f7xx.o
                0x00000000080901e0                AHBPrescTable
 .rodata.APBPrescTable
                0x00000000080901f0        0x8 ./Core/Src/system_stm32f7xx.o
                0x00000000080901f0                APBPrescTable
 .rodata.flagBitshiftOffset.10101
                0x00000000080901f8        0x8 ./Drivers/STM32F7xx_HAL_Driver/Src/stm32f7xx_hal_dma.o
 .rodata.__sf_fake_stderr
                0x0000000008090200       0x20 c:/st/stm32cubeide_1.8.0/stm32cubeide/plugins/com.st.stm32cube.ide.mcu.externaltools.gnu-tools-for-stm32.9-2020-q2-update.win32_2.0.0.202105311346/tools/bin/../lib/gcc/arm-none-eabi/9.3.1/../../../../arm-none-eabi/lib/thumb/v7e-m+fp/hard\libc_nano.a(lib_a-findfp.o)
                0x0000000008090200                __sf_fake_stderr
 .rodata.__sf_fake_stdin
                0x0000000008090220       0x20 c:/st/stm32cubeide_1.8.0/stm32cubeide/plugins/com.st.stm32cube.ide.mcu.externaltools.gnu-tools-for-stm32.9-2020-q2-update.win32_2.0.0.202105311346/tools/bin/../lib/gcc/arm-none-eabi/9.3.1/../../../../arm-none-eabi/lib/thumb/v7e-m+fp/hard\libc_nano.a(lib_a-findfp.o)
                0x0000000008090220                __sf_fake_stdin
 .rodata.__sf_fake_stdout
                0x0000000008090240       0x20 c:/st/stm32cubeide_1.8.0/stm32cubeide/plugins/com.st.stm32cube.ide.mcu.externaltools.gnu-tools-for-stm32.9-2020-q2-update.win32_2.0.0.202105311346/tools/bin/../lib/gcc/arm-none-eabi/9.3.1/../../../../arm-none-eabi/lib/thumb/v7e-m+fp/hard\libc_nano.a(lib_a-findfp.o)
                0x0000000008090240                __sf_fake_stdout
 .rodata._svfprintf_r.str1.1
                0x0000000008090260       0x11 c:/st/stm32cubeide_1.8.0/stm32cubeide/plugins/com.st.stm32cube.ide.mcu.externaltools.gnu-tools-for-stm32.9-2020-q2-update.win32_2.0.0.202105311346/tools/bin/../lib/gcc/arm-none-eabi/9.3.1/../../../../arm-none-eabi/lib/thumb/v7e-m+fp/hard\libc_nano.a(lib_a-nano-svfprintf.o)
 .rodata._printf_i.str1.1
                0x0000000008090271       0x22 c:/st/stm32cubeide_1.8.0/stm32cubeide/plugins/com.st.stm32cube.ide.mcu.externaltools.gnu-tools-for-stm32.9-2020-q2-update.win32_2.0.0.202105311346/tools/bin/../lib/gcc/arm-none-eabi/9.3.1/../../../../arm-none-eabi/lib/thumb/v7e-m+fp/hard\libc_nano.a(lib_a-nano-vfprintf_i.o)
 .rodata.__ieee754_pow.str1.1
                0x0000000008090293       0x22 c:/st/stm32cubeide_1.8.0/stm32cubeide/plugins/com.st.stm32cube.ide.mcu.externaltools.gnu-tools-for-stm32.9-2020-q2-update.win32_2.0.0.202105311346/tools/bin/../lib/gcc/arm-none-eabi/9.3.1/../../../../arm-none-eabi/lib/thumb/v7e-m+fp/hard\libm.a(lib_a-e_pow.o)
                                          0x1 (size before relaxing)
 *fill*         0x0000000008090293        0x5 
 .rodata.bp     0x0000000008090298       0x10 c:/st/stm32cubeide_1.8.0/stm32cubeide/plugins/com.st.stm32cube.ide.mcu.externaltools.gnu-tools-for-stm32.9-2020-q2-update.win32_2.0.0.202105311346/tools/bin/../lib/gcc/arm-none-eabi/9.3.1/../../../../arm-none-eabi/lib/thumb/v7e-m+fp/hard\libm.a(lib_a-e_pow.o)
 .rodata.dp_h   0x00000000080902a8       0x10 c:/st/stm32cubeide_1.8.0/stm32cubeide/plugins/com.st.stm32cube.ide.mcu.externaltools.gnu-tools-for-stm32.9-2020-q2-update.win32_2.0.0.202105311346/tools/bin/../lib/gcc/arm-none-eabi/9.3.1/../../../../arm-none-eabi/lib/thumb/v7e-m+fp/hard\libm.a(lib_a-e_pow.o)
 .rodata.dp_l   0x00000000080902b8       0x10 c:/st/stm32cubeide_1.8.0/stm32cubeide/plugins/com.st.stm32cube.ide.mcu.externaltools.gnu-tools-for-stm32.9-2020-q2-update.win32_2.0.0.202105311346/tools/bin/../lib/gcc/arm-none-eabi/9.3.1/../../../../arm-none-eabi/lib/thumb/v7e-m+fp/hard\libm.a(lib_a-e_pow.o)
 .rodata.TWO52  0x00000000080902c8       0x10 c:/st/stm32cubeide_1.8.0/stm32cubeide/plugins/com.st.stm32cube.ide.mcu.externaltools.gnu-tools-for-stm32.9-2020-q2-update.win32_2.0.0.202105311346/tools/bin/../lib/gcc/arm-none-eabi/9.3.1/../../../../arm-none-eabi/lib/thumb/v7e-m+fp/hard\libm.a(lib_a-s_rint.o)
                0x00000000080902d8                . = ALIGN (0x4)

.ARM.extab      0x00000000080902d8        0x0
                0x00000000080902d8                . = ALIGN (0x4)
 *(.ARM.extab* .gnu.linkonce.armextab.*)
                0x00000000080902d8                . = ALIGN (0x4)

.ARM            0x00000000080902d8        0x8
                0x00000000080902d8                . = ALIGN (0x4)
                0x00000000080902d8                __exidx_start = .
 *(.ARM.exidx*)
 .ARM.exidx     0x00000000080902d8        0x8 c:/st/stm32cubeide_1.8.0/stm32cubeide/plugins/com.st.stm32cube.ide.mcu.externaltools.gnu-tools-for-stm32.9-2020-q2-update.win32_2.0.0.202105311346/tools/bin/../lib/gcc/arm-none-eabi/9.3.1/thumb/v7e-m+fp/hard\libgcc.a(_udivmoddi4.o)
                0x00000000080902e0                __exidx_end = .
                0x00000000080902e0                . = ALIGN (0x4)

.rel.dyn        0x00000000080902e0        0x0
 .rel.iplt      0x00000000080902e0        0x0 c:/st/stm32cubeide_1.8.0/stm32cubeide/plugins/com.st.stm32cube.ide.mcu.externaltools.gnu-tools-for-stm32.9-2020-q2-update.win32_2.0.0.202105311346/tools/bin/../lib/gcc/arm-none-eabi/9.3.1/thumb/v7e-m+fp/hard/crtbegin.o

.preinit_array  0x00000000080902e0        0x0
                0x00000000080902e0                . = ALIGN (0x4)
                0x00000000080902e0                PROVIDE (__preinit_array_start = .)
 *(.preinit_array*)
                0x00000000080902e0                PROVIDE (__preinit_array_end = .)
                0x00000000080902e0                . = ALIGN (0x4)

.init_array     0x00000000080902e0        0x4
                0x00000000080902e0                . = ALIGN (0x4)
                0x00000000080902e0                PROVIDE (__init_array_start = .)
 *(SORT_BY_NAME(.init_array.*))
 *(.init_array*)
 .init_array    0x00000000080902e0        0x4 c:/st/stm32cubeide_1.8.0/stm32cubeide/plugins/com.st.stm32cube.ide.mcu.externaltools.gnu-tools-for-stm32.9-2020-q2-update.win32_2.0.0.202105311346/tools/bin/../lib/gcc/arm-none-eabi/9.3.1/thumb/v7e-m+fp/hard/crtbegin.o
                0x00000000080902e4                PROVIDE (__init_array_end = .)
                0x00000000080902e4                . = ALIGN (0x4)

.fini_array     0x00000000080902e4        0x4
                0x00000000080902e4                . = ALIGN (0x4)
                [!provide]                        PROVIDE (__fini_array_start = .)
 *(SORT_BY_NAME(.fini_array.*))
 *(.fini_array*)
 .fini_array    0x00000000080902e4        0x4 c:/st/stm32cubeide_1.8.0/stm32cubeide/plugins/com.st.stm32cube.ide.mcu.externaltools.gnu-tools-for-stm32.9-2020-q2-update.win32_2.0.0.202105311346/tools/bin/../lib/gcc/arm-none-eabi/9.3.1/thumb/v7e-m+fp/hard/crtbegin.o
                [!provide]                        PROVIDE (__fini_array_end = .)
                0x00000000080902e8                . = ALIGN (0x4)
                0x00000000080902e8                _sidata = LOADADDR (.data)

.data           0x0000000020000000       0xb8 load address 0x00000000080902e8
                0x0000000020000000                . = ALIGN (0x4)
                0x0000000020000000                _sdata = .
 *(.data)
 *(.data*)
 .data.ft5336_ts_drv
                0x0000000020000000       0x28 ./Core/Src/ft5336.o
                0x0000000020000000                ft5336_ts_drv
 .data.pfill    0x0000000020000028        0x4 ./Core/Src/main.o
                0x0000000020000028                pfill
 .data.Font24   0x000000002000002c        0x8 ./Core/Src/stm32746g_discovery_lcd.o
                0x000000002000002c                Font24
 .data.Font12   0x0000000020000034        0x8 ./Core/Src/stm32746g_discovery_lcd.o
                0x0000000020000034                Font12
 .data.sdramstatus.10017
                0x000000002000003c        0x1 ./Core/Src/stm32746g_discovery_sdram.o
 *fill*         0x000000002000003d        0x3 
 .data.SystemCoreClock
                0x0000000020000040        0x4 ./Core/Src/system_stm32f7xx.o
                0x0000000020000040                SystemCoreClock
 .data.uwTickPrio
                0x0000000020000044        0x4 ./Drivers/STM32F7xx_HAL_Driver/Src/stm32f7xx_hal.o
                0x0000000020000044                uwTickPrio
 .data.uwTickFreq
                0x0000000020000048        0x1 ./Drivers/STM32F7xx_HAL_Driver/Src/stm32f7xx_hal.o
                0x0000000020000048                uwTickFreq
 *fill*         0x0000000020000049        0x3 
 .data.uxCriticalNesting
                0x000000002000004c        0x4 ./Middlewares/Third_Party/FreeRTOS/Source/portable/GCC/ARM_CM7/r0p1/port.o
 .data._impure_ptr
                0x0000000020000050        0x4 c:/st/stm32cubeide_1.8.0/stm32cubeide/plugins/com.st.stm32cube.ide.mcu.externaltools.gnu-tools-for-stm32.9-2020-q2-update.win32_2.0.0.202105311346/tools/bin/../lib/gcc/arm-none-eabi/9.3.1/../../../../arm-none-eabi/lib/thumb/v7e-m+fp/hard\libc_nano.a(lib_a-impure.o)
                0x0000000020000050                _impure_ptr
 .data.impure_data
                0x0000000020000054       0x60 c:/st/stm32cubeide_1.8.0/stm32cubeide/plugins/com.st.stm32cube.ide.mcu.externaltools.gnu-tools-for-stm32.9-2020-q2-update.win32_2.0.0.202105311346/tools/bin/../lib/gcc/arm-none-eabi/9.3.1/../../../../arm-none-eabi/lib/thumb/v7e-m+fp/hard\libc_nano.a(lib_a-impure.o)
 .data.__fdlib_version
                0x00000000200000b4        0x1 c:/st/stm32cubeide_1.8.0/stm32cubeide/plugins/com.st.stm32cube.ide.mcu.externaltools.gnu-tools-for-stm32.9-2020-q2-update.win32_2.0.0.202105311346/tools/bin/../lib/gcc/arm-none-eabi/9.3.1/../../../../arm-none-eabi/lib/thumb/v7e-m+fp/hard\libm.a(lib_a-s_lib_ver.o)
                0x00000000200000b4                __fdlib_version
 *(.RamFunc)
 *(.RamFunc*)
                0x00000000200000b8                . = ALIGN (0x4)
 *fill*         0x00000000200000b5        0x3 
                0x00000000200000b8                _edata = .

.igot.plt       0x00000000200000b8        0x0 load address 0x00000000080903a0
 .igot.plt      0x00000000200000b8        0x0 c:/st/stm32cubeide_1.8.0/stm32cubeide/plugins/com.st.stm32cube.ide.mcu.externaltools.gnu-tools-for-stm32.9-2020-q2-update.win32_2.0.0.202105311346/tools/bin/../lib/gcc/arm-none-eabi/9.3.1/thumb/v7e-m+fp/hard/crtbegin.o
                0x00000000200000b8                . = ALIGN (0x4)

.bss            0x00000000200000b8     0x4b50 load address 0x00000000080903a0