Archive member included to satisfy reference by file (symbol)

c:/st/stm32cubeide_1.8.0/stm32cubeide/plugins/com.st.stm32cube.ide.mcu.externaltools.gnu-tools-for-stm32.9-2020-q2-update.win32_2.0.0.202105311346/tools/bin/../lib/gcc/arm-none-eabi/9.3.1/../../../../arm-none-eabi/lib/thumb/v7e-m+fp/hard\libc_nano.a(lib_a-clock.o)
                              ./Core/Src/main.o (clock)
c:/st/stm32cubeide_1.8.0/stm32cubeide/plugins/com.st.stm32cube.ide.mcu.externaltools.gnu-tools-for-stm32.9-2020-q2-update.win32_2.0.0.202105311346/tools/bin/../lib/gcc/arm-none-eabi/9.3.1/../../../../arm-none-eabi/lib/thumb/v7e-m+fp/hard\libc_nano.a(lib_a-errno.o)
                              ./Core/Src/syscalls.o (__errno)
c:/st/stm32cubeide_1.8.0/stm32cubeide/plugins/com.st.stm32cube.ide.mcu.externaltools.gnu-tools-for-stm32.9-2020-q2-update.win32_2.0.0.202105311346/tools/bin/../lib/gcc/arm-none-eabi/9.3.1/../../../../arm-none-eabi/lib/thumb/v7e-m+fp/hard\libc_nano.a(lib_a-exit.o)
                              c:/st/stm32cubeide_1.8.0/stm32cubeide/plugins/com.st.stm32cube.ide.mcu.externaltools.gnu-tools-for-stm32.9-2020-q2-update.win32_2.0.0.202105311346/tools/bin/../lib/gcc/arm-none-eabi/9.3.1/../../../../arm-none-eabi/lib/thumb/v7e-m+fp/hard/crt0.o (exit)
c:/st/stm32cubeide_1.8.0/stm32cubeide/plugins/com.st.stm32cube.ide.mcu.externaltools.gnu-tools-for-stm32.9-2020-q2-update.win32_2.0.0.202105311346/tools/bin/../lib/gcc/arm-none-eabi/9.3.1/../../../../arm-none-eabi/lib/thumb/v7e-m+fp/hard\libc_nano.a(lib_a-findfp.o)
                              ./Middlewares/Third_Party/FreeRTOS/Source/tasks.o (__sf_fake_stderr)
c:/st/stm32cubeide_1.8.0/stm32cubeide/plugins/com.st.stm32cube.ide.mcu.externaltools.gnu-tools-for-stm32.9-2020-q2-update.win32_2.0.0.202105311346/tools/bin/../lib/gcc/arm-none-eabi/9.3.1/../../../../arm-none-eabi/lib/thumb/v7e-m+fp/hard\libc_nano.a(lib_a-fwalk.o)
                              c:/st/stm32cubeide_1.8.0/stm32cubeide/plugins/com.st.stm32cube.ide.mcu.externaltools.gnu-tools-for-stm32.9-2020-q2-update.win32_2.0.0.202105311346/tools/bin/../lib/gcc/arm-none-eabi/9.3.1/../../../../arm-none-eabi/lib/thumb/v7e-m+fp/hard\libc_nano.a(lib_a-findfp.o) (_fwalk)
c:/st/stm32cubeide_1.8.0/stm32cubeide/plugins/com.st.stm32cube.ide.mcu.externaltools.gnu-tools-for-stm32.9-2020-q2-update.win32_2.0.0.202105311346/tools/bin/../lib/gcc/arm-none-eabi/9.3.1/../../../../arm-none-eabi/lib/thumb/v7e-m+fp/hard\libc_nano.a(lib_a-impure.o)
                              c:/st/stm32cubeide_1.8.0/stm32cubeide/plugins/com.st.stm32cube.ide.mcu.externaltools.gnu-tools-for-stm32.9-2020-q2-update.win32_2.0.0.202105311346/tools/bin/../lib/gcc/arm-none-eabi/9.3.1/../../../../arm-none-eabi/lib/thumb/v7e-m+fp/hard\libc_nano.a(lib_a-exit.o) (_global_impure_ptr)
c:/st/stm32cubeide_1.8.0/stm32cubeide/plugins/com.st.stm32cube.ide.mcu.externaltools.gnu-tools-for-stm32.9-2020-q2-update.win32_2.0.0.202105311346/tools/bin/../lib/gcc/arm-none-eabi/9.3.1/../../../../arm-none-eabi/lib/thumb/v7e-m+fp/hard\libc_nano.a(lib_a-init.o)
                              c:/st/stm32cubeide_1.8.0/stm32cubeide/plugins/com.st.stm32cube.ide.mcu.externaltools.gnu-tools-for-stm32.9-2020-q2-update.win32_2.0.0.202105311346/tools/bin/../lib/gcc/arm-none-eabi/9.3.1/../../../../arm-none-eabi/lib/thumb/v7e-m+fp/hard/crt0.o (__libc_init_array)
c:/st/stm32cubeide_1.8.0/stm32cubeide/plugins/com.st.stm32cube.ide.mcu.externaltools.gnu-tools-for-stm32.9-2020-q2-update.win32_2.0.0.202105311346/tools/bin/../lib/gcc/arm-none-eabi/9.3.1/../../../../arm-none-eabi/lib/thumb/v7e-m+fp/hard\libc_nano.a(lib_a-lock.o)
                              c:/st/stm32cubeide_1.8.0/stm32cubeide/plugins/com.st.stm32cube.ide.mcu.externaltools.gnu-tools-for-stm32.9-2020-q2-update.win32_2.0.0.202105311346/tools/bin/../lib/gcc/arm-none-eabi/9.3.1/../../../../arm-none-eabi/lib/thumb/v7e-m+fp/hard\libc_nano.a(lib_a-findfp.o) (__retarget_lock_init_recursive)
c:/st/stm32cubeide_1.8.0/stm32cubeide/plugins/com.st.stm32cube.ide.mcu.externaltools.gnu-tools-for-stm32.9-2020-q2-update.win32_2.0.0.202105311346/tools/bin/../lib/gcc/arm-none-eabi/9.3.1/../../../../arm-none-eabi/lib/thumb/v7e-m+fp/hard\libc_nano.a(lib_a-memcpy-stub.o)
                              ./Core/Src/main.o (memcpy)
c:/st/stm32cubeide_1.8.0/stm32cubeide/plugins/com.st.stm32cube.ide.mcu.externaltools.gnu-tools-for-stm32.9-2020-q2-update.win32_2.0.0.202105311346/tools/bin/../lib/gcc/arm-none-eabi/9.3.1/../../../../arm-none-eabi/lib/thumb/v7e-m+fp/hard\libc_nano.a(lib_a-memset.o)
                              c:/st/stm32cubeide_1.8.0/stm32cubeide/plugins/com.st.stm32cube.ide.mcu.externaltools.gnu-tools-for-stm32.9-2020-q2-update.win32_2.0.0.202105311346/tools/bin/../lib/gcc/arm-none-eabi/9.3.1/../../../../arm-none-eabi/lib/thumb/v7e-m+fp/hard/crt0.o (memset)
[...]
Memory Configuration

Name             Origin             Length             Attributes
RAM              0x0000000020000000 0x0000000000050000 xrw
FLASH            0x0000000008000000 0x0000000000100000 xr
*default*        0x0000000000000000 0xffffffffffffffff

Linker script and memory map

LOAD c:/st/stm32cubeide_1.8.0/stm32cubeide/plugins/com.st.stm32cube.ide.mcu.externaltools.gnu-tools-for-stm32.9-2020-q2-update.win32_2.0.0.202105311346/tools/bin/../lib/gcc/arm-none-eabi/9.3.1/thumb/v7e-m+fp/hard/crti.o
LOAD c:/st/stm32cubeide_1.8.0/stm32cubeide/plugins/com.st.stm32cube.ide.mcu.externaltools.gnu-tools-for-stm32.9-2020-q2-update.win32_2.0.0.202105311346/tools/bin/../lib/gcc/arm-none-eabi/9.3.1/thumb/v7e-m+fp/hard/crtbegin.o
LOAD c:/st/stm32cubeide_1.8.0/stm32cubeide/plugins/com.st.stm32cube.ide.mcu.externaltools.gnu-tools-for-stm32.9-2020-q2-update.win32_2.0.0.202105311346/tools/bin/../lib/gcc/arm-none-eabi/9.3.1/../../../../arm-none-eabi/lib/thumb/v7e-m+fp/hard/crt0.o
LOAD ./Core/Src/freertos.o
LOAD ./Core/Src/ft5336.o
LOAD ./Core/Src/main.o
LOAD ./Core/Src/stm32746g_discovery.o
LOAD ./Core/Src/stm32746g_discovery_lcd.o
LOAD ./Core/Src/stm32746g_discovery_sdram.o
LOAD ./Core/Src/stm32746g_discovery_ts.o
LOAD ./Core/Src/stm32f7xx_hal_msp.o
LOAD ./Core/Src/stm32f7xx_hal_timebase_tim.o
LOAD ./Core/Src/stm32f7xx_it.o
LOAD ./Core/Src/syscalls.o
LOAD ./Core/Src/sysmem.o
LOAD ./Core/Src/system_stm32f7xx.o
LOAD ./Core/Startup/startup_stm32f746nghx.o
LOAD ./Drivers/STM32F7xx_HAL_Driver/Src/stm32f7xx_hal.o
LOAD ./Drivers/STM32F7xx_HAL_Driver/Src/stm32f7xx_hal_adc.o
LOAD ./Drivers/STM32F7xx_HAL_Driver/Src/stm32f7xx_hal_adc_ex.o
LOAD ./Drivers/STM32F7xx_HAL_Driver/Src/stm32f7xx_hal_cortex.o
LOAD ./Drivers/STM32F7xx_HAL_Driver/Src/stm32f7xx_hal_dac.o
LOAD ./Drivers/STM32F7xx_HAL_Driver/Src/stm32f7xx_hal_dac_ex.o
LOAD ./Drivers/STM32F7xx_HAL_Driver/Src/stm32f7xx_hal_dma.o
LOAD ./Drivers/STM32F7xx_HAL_Driver/Src/stm32f7xx_hal_dma2d.o
LOAD ./Drivers/STM32F7xx_HAL_Driver/Src/stm32f7xx_hal_dma_ex.o
LOAD ./Drivers/STM32F7xx_HAL_Driver/Src/stm32f7xx_hal_dsi.o
LOAD ./Drivers/STM32F7xx_HAL_Driver/Src/stm32f7xx_hal_exti.o
LOAD ./Drivers/STM32F7xx_HAL_Driver/Src/stm32f7xx_hal_flash.o
LOAD ./Drivers/STM32F7xx_HAL_Driver/Src/stm32f7xx_hal_flash_ex.o
LOAD ./Drivers/STM32F7xx_HAL_Driver/Src/stm32f7xx_hal_gpio.o
LOAD ./Drivers/STM32F7xx_HAL_Driver/Src/stm32f7xx_hal_i2c.o
LOAD ./Drivers/STM32F7xx_HAL_Driver/Src/stm32f7xx_hal_i2c_ex.o
LOAD ./Drivers/STM32F7xx_HAL_Driver/Src/stm32f7xx_hal_ltdc.o
LOAD ./Drivers/STM32F7xx_HAL_Driver/Src/stm32f7xx_hal_ltdc_ex.o
LOAD ./Drivers/STM32F7xx_HAL_Driver/Src/stm32f7xx_hal_pwr.o
LOAD ./Drivers/STM32F7xx_HAL_Driver/Src/stm32f7xx_hal_pwr_ex.o
LOAD ./Drivers/STM32F7xx_HAL_Driver/Src/stm32f7xx_hal_rcc.o
LOAD ./Drivers/STM32F7xx_HAL_Driver/Src/stm32f7xx_hal_rcc_ex.o
LOAD ./Drivers/STM32F7xx_HAL_Driver/Src/stm32f7xx_hal_rtc.o
LOAD ./Drivers/STM32F7xx_HAL_Driver/Src/stm32f7xx_hal_rtc_ex.o
LOAD ./Drivers/STM32F7xx_HAL_Driver/Src/stm32f7xx_hal_sdram.o
LOAD ./Drivers/STM32F7xx_HAL_Driver/Src/stm32f7xx_hal_spi.o
LOAD ./Drivers/STM32F7xx_HAL_Driver/Src/stm32f7xx_hal_spi_ex.o
LOAD ./Drivers/STM32F7xx_HAL_Driver/Src/stm32f7xx_hal_tim.o
LOAD ./Drivers/STM32F7xx_HAL_Driver/Src/stm32f7xx_hal_tim_ex.o
LOAD ./Drivers/STM32F7xx_HAL_Driver/Src/stm32f7xx_hal_uart.o
LOAD ./Drivers/STM32F7xx_HAL_Driver/Src/stm32f7xx_hal_uart_ex.o
LOAD ./Drivers/STM32F7xx_HAL_Driver/Src/stm32f7xx_ll_fmc.o
LOAD ./Middlewares/Third_Party/FreeRTOS/Source/CMSIS_RTOS/cmsis_os.o
LOAD ./Middlewares/Third_Party/FreeRTOS/Source/croutine.o
LOAD ./Middlewares/Third_Party/FreeRTOS/Source/event_groups.o
LOAD ./Middlewares/Third_Party/FreeRTOS/Source/list.o
LOAD ./Middlewares/Third_Party/FreeRTOS/Source/queue.o
LOAD ./Middlewares/Third_Party/FreeRTOS/Source/stream_buffer.o
LOAD ./Middlewares/Third_Party/FreeRTOS/Source/tasks.o
LOAD ./Middlewares/Third_Party/FreeRTOS/Source/timers.o
LOAD ./Middlewares/Third_Party/FreeRTOS/Source/portable/GCC/ARM_CM7/r0p1/port.o
LOAD ./Middlewares/Third_Party/FreeRTOS/Source/portable/MemMang/heap_4.o
START GROUP
LOAD c:/st/stm32cubeide_1.8.0/stm32cubeide/plugins/com.st.stm32cube.ide.mcu.externaltools.gnu-tools-for-stm32.9-2020-q2-update.win32_2.0.0.202105311346/tools/bin/../lib/gcc/arm-none-eabi/9.3.1/../../../../arm-none-eabi/lib/thumb/v7e-m+fp/hard\libc_nano.a
LOAD c:/st/stm32cubeide_1.8.0/stm32cubeide/plugins/com.st.stm32cube.ide.mcu.externaltools.gnu-tools-for-stm32.9-2020-q2-update.win32_2.0.0.202105311346/tools/bin/../lib/gcc/arm-none-eabi/9.3.1/../../../../arm-none-eabi/lib/thumb/v7e-m+fp/hard\libm.a
END GROUP
START GROUP
LOAD c:/st/stm32cubeide_1.8.0/stm32cubeide/plugins/com.st.stm32cube.ide.mcu.externaltools.gnu-tools-for-stm32.9-2020-q2-update.win32_2.0.0.202105311346/tools/bin/../lib/gcc/arm-none-eabi/9.3.1/thumb/v7e-m+fp/hard\libgcc.a
LOAD c:/st/stm32cubeide_1.8.0/stm32cubeide/plugins/com.st.stm32cube.ide.mcu.externaltools.gnu-tools-for-stm32.9-2020-q2-update.win32_2.0.0.202105311346/tools/bin/../lib/gcc/arm-none-eabi/9.3.1/../../../../arm-none-eabi/lib/thumb/v7e-m+fp/hard\libc_nano.a
END GROUP
START GROUP
LOAD c:/st/stm32cubeide_1.8.0/stm32cubeide/plugins/com.st.stm32cube.ide.mcu.externaltools.gnu-tools-for-stm32.9-2020-q2-update.win32_2.0.0.202105311346/tools/bin/../lib/gcc/arm-none-eabi/9.3.1/thumb/v7e-m+fp/hard\libgcc.a
LOAD c:/st/stm32cubeide_1.8.0/stm32cubeide/plugins/com.st.stm32cube.ide.mcu.externaltools.gnu-tools-for-stm32.9-2020-q2-update.win32_2.0.0.202105311346/tools/bin/../lib/gcc/arm-none-eabi/9.3.1/../../../../arm-none-eabi/lib/thumb/v7e-m+fp/hard\libc_nano.a
LOAD c:/st/stm32cubeide_1.8.0/stm32cubeide/plugins/com.st.stm32cube.ide.mcu.externaltools.gnu-tools-for-stm32.9-2020-q2-update.win32_2.0.0.202105311346/tools/bin/../lib/gcc/arm-none-eabi/9.3.1/../../../../arm-none-eabi/lib/thumb/v7e-m+fp/hard\libnosys.a
END GROUP
START GROUP
LOAD c:/st/stm32cubeide_1.8.0/stm32cubeide/plugins/com.st.stm32cube.ide.mcu.externaltools.gnu-tools-for-stm32.9-2020-q2-update.win32_2.0.0.202105311346/tools/bin/../lib/gcc/arm-none-eabi/9.3.1/thumb/v7e-m+fp/hard\libgcc.a
LOAD c:/st/stm32cubeide_1.8.0/stm32cubeide/plugins/com.st.stm32cube.ide.mcu.externaltools.gnu-tools-for-stm32.9-2020-q2-update.win32_2.0.0.202105311346/tools/bin/../lib/gcc/arm-none-eabi/9.3.1/../../../../arm-none-eabi/lib/thumb/v7e-m+fp/hard\libc_nano.a
LOAD c:/st/stm32cubeide_1.8.0/stm32cubeide/plugins/com.st.stm32cube.ide.mcu.externaltools.gnu-tools-for-stm32.9-2020-q2-update.win32_2.0.0.202105311346/tools/bin/../lib/gcc/arm-none-eabi/9.3.1/../../../../arm-none-eabi/lib/thumb/v7e-m+fp/hard\libnosys.a
END GROUP
LOAD c:/st/stm32cubeide_1.8.0/stm32cubeide/plugins/com.st.stm32cube.ide.mcu.externaltools.gnu-tools-for-stm32.9-2020-q2-update.win32_2.0.0.202105311346/tools/bin/../lib/gcc/arm-none-eabi/9.3.1/thumb/v7e-m+fp/hard/crtend.o
LOAD c:/st/stm32cubeide_1.8.0/stm32cubeide/plugins/com.st.stm32cube.ide.mcu.externaltools.gnu-tools-for-stm32.9-2020-q2-update.win32_2.0.0.202105311346/tools/bin/../lib/gcc/arm-none-eabi/9.3.1/thumb/v7e-m+fp/hard/crtn.o
                0x0000000020050000                _estack = (ORIGIN (RAM) + LENGTH (RAM))
                0x0000000000000200                _Min_Heap_Size = 0x200
                0x0000000000000400                _Min_Stack_Size = 0x400

.isr_vector     0x0000000008000000      0x1c8
                0x0000000008000000                . = ALIGN (0x4)
 *(.isr_vector)
 .isr_vector    0x0000000008000000      0x1c8 ./Core/Startup/startup_stm32f746nghx.o
                0x0000000008000000                g_pfnVectors
                0x00000000080001c8                . = ALIGN (0x4)

.text           0x00000000080001d0     0xe8ec
                0x00000000080001d0                . = ALIGN (0x4)
 *(.text)
 .text          0x00000000080001d0       0x40 c:/st/stm32cubeide_1.8.0/stm32cubeide/plugins/com.st.stm32cube.ide.mcu.externaltools.gnu-tools-for-stm32.9-2020-q2-update.win32_2.0.0.202105311346/tools/bin/../lib/gcc/arm-none-eabi/9.3.1/thumb/v7e-m+fp/hard/crtbegin.o
 .text          0x0000000008000210       0xa0 c:/st/stm32cubeide_1.8.0/stm32cubeide/plugins/com.st.stm32cube.ide.mcu.externaltools.gnu-tools-for-stm32.9-2020-q2-update.win32_2.0.0.202105311346/tools/bin/../lib/gcc/arm-none-eabi/9.3.1/../../../../arm-none-eabi/lib/thumb/v7e-m+fp/hard\libc_nano.a(lib_a-memchr.o)
                0x0000000008000210                memchr
 .text          0x00000000080002b0      0x378 c:/st/stm32cubeide_1.8.0/stm32cubeide/plugins/com.st.stm32cube.ide.mcu.externaltools.gnu-tools-for-stm32.9-2020-q2-update.win32_2.0.0.202105311346/tools/bin/../lib/gcc/arm-none-eabi/9.3.1/thumb/v7e-m+fp/hard\libgcc.a(_arm_addsubdf3.o)
                0x00000000080002b0                __aeabi_drsub
                0x00000000080002b8                __aeabi_dsub
                0x00000000080002b8                __subdf3
                0x00000000080002bc                __aeabi_dadd
                0x00000000080002bc                __adddf3
                0x0000000008000534                __floatunsidf
                0x0000000008000534                __aeabi_ui2d
                0x0000000008000554                __floatsidf
                0x0000000008000554                __aeabi_i2d
                0x0000000008000578                __aeabi_f2d
                0x0000000008000578                __extendsfdf2
                0x00000000080005bc                __floatundidf
                0x00000000080005bc                __aeabi_ul2d
                0x00000000080005cc                __floatdidf
                0x00000000080005cc                __aeabi_l2d
 .text          0x0000000008000628      0x424 c:/st/stm32cubeide_1.8.0/stm32cubeide/plugins/com.st.stm32cube.ide.mcu.externaltools.gnu-tools-for-stm32.9-2020-q2-update.win32_2.0.0.202105311346/tools/bin/../lib/gcc/arm-none-eabi/9.3.1/thumb/v7e-m+fp/hard\libgcc.a(_arm_muldivdf3.o)
                0x0000000008000628                __aeabi_dmul
                0x0000000008000628                __muldf3
                0x000000000800087c                __divdf3
                0x000000000800087c                __aeabi_ddiv
 .text          0x0000000008000a4c      0x110 c:/st/stm32cubeide_1.8.0/stm32cubeide/plugins/com.st.stm32cube.ide.mcu.externaltools.gnu-tools-for-stm32.9-2020-q2-update.win32_2.0.0.202105311346/tools/bin/../lib/gcc/arm-none-eabi/9.3.1/thumb/v7e-m+fp/hard\libgcc.a(_arm_cmpdf2.o)
                0x0000000008000a4c                __gtdf2
                0x0000000008000a4c                __gedf2
                0x0000000008000a54                __ltdf2
                0x0000000008000a54                __ledf2
                0x0000000008000a5c                __nedf2
                0x0000000008000a5c                __eqdf2
                0x0000000008000a5c                __cmpdf2
                0x0000000008000ad8                __aeabi_cdrcmple
                0x0000000008000ae8                __aeabi_cdcmpeq
                0x0000000008000ae8                __aeabi_cdcmple
                0x0000000008000af8                __aeabi_dcmpeq
                0x0000000008000b0c                __aeabi_dcmplt
                0x0000000008000b20                __aeabi_dcmple
                0x0000000008000b34                __aeabi_dcmpge
                0x0000000008000b48                __aeabi_dcmpgt
 .text          0x0000000008000b5c       0x2c c:/st/stm32cubeide_1.8.0/stm32cubeide/plugins/com.st.stm32cube.ide.mcu.externaltools.gnu-tools-for-stm32.9-2020-q2-update.win32_2.0.0.202105311346/tools/bin/../lib/gcc/arm-none-eabi/9.3.1/thumb/v7e-m+fp/hard\libgcc.a(_arm_unorddf2.o)
                0x0000000008000b5c                __unorddf2
                0x0000000008000b5c                __aeabi_dcmpun
 .text          0x0000000008000b88       0x30 c:/st/stm32cubeide_1.8.0/stm32cubeide/plugins/com.st.stm32cube.ide.mcu.externaltools.gnu-tools-for-stm32.9-2020-q2-update.win32_2.0.0.202105311346/tools/bin/../lib/gcc/arm-none-eabi/9.3.1/thumb/v7e-m+fp/hard\libgcc.a(_aeabi_uldivmod.o)
                0x0000000008000b88                __aeabi_uldivmod
 .text          0x0000000008000bb8      0x2c4 c:/st/stm32cubeide_1.8.0/stm32cubeide/plugins/com.st.stm32cube.ide.mcu.externaltools.gnu-tools-for-stm32.9-2020-q2-update.win32_2.0.0.202105311346/tools/bin/../lib/gcc/arm-none-eabi/9.3.1/thumb/v7e-m+fp/hard\libgcc.a(_udivmoddi4.o)
                0x0000000008000bb8                __udivmoddi4
 .text          0x0000000008000e7c        0x4 c:/st/stm32cubeide_1.8.0/stm32cubeide/plugins/com.st.stm32cube.ide.mcu.externaltools.gnu-tools-for-stm32.9-2020-q2-update.win32_2.0.0.202105311346/tools/bin/../lib/gcc/arm-none-eabi/9.3.1/thumb/v7e-m+fp/hard\libgcc.a(_dvmd_tls.o)
                0x0000000008000e7c                __aeabi_idiv0
                0x0000000008000e7c                __aeabi_ldiv0
 *(.text*)
 .text.ft5336_Init
                0x0000000008000e80       0x1c ./Core/Src/ft5336.o
                0x0000000008000e80                ft5336_Init
 .text.ft5336_Reset
                0x0000000008000e9c       0x16 ./Core/Src/ft5336.o
                0x0000000008000e9c                ft5336_Reset
 .text.ft5336_ReadID
                0x0000000008000eb2       0x5c ./Core/Src/ft5336.o
                0x0000000008000eb2                ft5336_ReadID
 .text.ft5336_TS_Start
                0x0000000008000f0e       0x22 ./Core/Src/ft5336.o
                0x0000000008000f0e                ft5336_TS_Start
 .text.ft5336_TS_DetectTouch
                0x0000000008000f30       0x54 ./Core/Src/ft5336.o
                0x0000000008000f30                ft5336_TS_DetectTouch
 .text.ft5336_TS_GetXY
                0x0000000008000f84      0x1e0 ./Core/Src/ft5336.o
                0x0000000008000f84                ft5336_TS_GetXY
 .text.ft5336_TS_EnableIT
                0x0000000008001164       0x28 ./Core/Src/ft5336.o
                0x0000000008001164                ft5336_TS_EnableIT
 .text.ft5336_TS_DisableIT
                0x000000000800118c       0x28 ./Core/Src/ft5336.o
                0x000000000800118c                ft5336_TS_DisableIT
 .text.ft5336_TS_ITStatus
                0x00000000080011b4       0x18 ./Core/Src/ft5336.o
                0x00000000080011b4                ft5336_TS_ITStatus
 .text.ft5336_TS_ClearIT
                0x00000000080011cc       0x16 ./Core/Src/ft5336.o
                0x00000000080011cc                ft5336_TS_ClearIT
 .text.ft5336_TS_GetGestureID
                0x00000000080011e2       0x32 ./Core/Src/ft5336.o
                0x00000000080011e2                ft5336_TS_GetGestureID
 .text.ft5336_TS_GetTouchInfo
                0x0000000008001214      0x15c ./Core/Src/ft5336.o
                0x0000000008001214                ft5336_TS_GetTouchInfo
 .text.ft5336_Get_I2C_InitializedStatus
                0x0000000008001370       0x18 ./Core/Src/ft5336.o
 .text.ft5336_I2C_InitializeIfRequired
                0x0000000008001388       0x20 ./Core/Src/ft5336.o
 .text.ft5336_TS_Configure
                0x00000000080013a8       0x1c ./Core/Src/ft5336.o
 .text.main     0x00000000080013c4      0x51c ./Core/Src/main.o
                0x00000000080013c4                main
 .text.fillTabPositions
                0x00000000080018e0       0x38 ./Core/Src/main.o
                0x00000000080018e0                fillTabPositions
 .text.drawHexagon
                0x0000000008001918      0x2cc ./Core/Src/main.o
                0x0000000008001918                drawHexagon
 .text.myDelay  0x0000000008001be4       0x32 ./Core/Src/main.o
                0x0000000008001be4                myDelay
 *fill*         0x0000000008001c16        0x2 
 .text.SystemClock_Config
                0x0000000008001c18       0xe4 ./Core/Src/main.o
                0x0000000008001c18                SystemClock_Config
 .text.MX_ADC1_Init
                0x0000000008001cfc       0xa4 ./Core/Src/main.o
 .text.MX_ADC3_Init
                0x0000000008001da0       0xa4 ./Core/Src/main.o
 .text.MX_DAC_Init
                0x0000000008001e44       0x68 ./Core/Src/main.o
 .text.MX_DMA2D_Init
                0x0000000008001eac       0x64 ./Core/Src/main.o
 .text.MX_I2C1_Init
                0x0000000008001f10       0x80 ./Core/Src/main.o
 .text.MX_I2C3_Init
                0x0000000008001f90       0x80 ./Core/Src/main.o
 .text.MX_LTDC_Init
                0x0000000008002010      0x104 ./Core/Src/main.o
 .text.MX_RTC_Init
                0x0000000008002114      0x14c ./Core/Src/main.o
 .text.MX_SPI2_Init
                0x0000000008002260       0x7c ./Core/Src/main.o
 .text.MX_TIM1_Init
                0x00000000080022dc       0xa8 ./Core/Src/main.o
 .text.MX_TIM2_Init
                0x0000000008002384       0x9c ./Core/Src/main.o
 .text.MX_TIM3_Init
                0x0000000008002420       0x9c ./Core/Src/main.o
 .text.MX_TIM5_Init
                0x00000000080024bc       0x9c ./Core/Src/main.o
 .text.MX_TIM7_Init
                0x0000000008002558       0x70 ./Core/Src/main.o
 .text.MX_TIM8_Init
                0x00000000080025c8       0xa8 ./Core/Src/main.o
 .text.MX_UART7_Init
                0x0000000008002670       0x60 ./Core/Src/main.o
 .text.MX_USART1_UART_Init
                0x00000000080026d0       0x60 ./Core/Src/main.o
 .text.MX_USART6_UART_Init
                0x0000000008002730       0x60 ./Core/Src/main.o
 .text.MX_DMA_Init
                0x0000000008002790       0x3c ./Core/Src/main.o
 .text.MX_FMC_Init
                0x00000000080027cc       0xa0 ./Core/Src/main.o
 .text.MX_GPIO_Init
                0x000000000800286c      0x580 ./Core/Src/main.o
 .text.StartDefaultTask
                0x0000000008002dec       0x10 ./Core/Src/main.o
                0x0000000008002dec                StartDefaultTask
 .text.codeTacheJeu
                0x0000000008002dfc       0x10 ./Core/Src/main.o
                0x0000000008002dfc                codeTacheJeu
 .text.codeTacheSon
                0x0000000008002e0c       0x10 ./Core/Src/main.o
                0x0000000008002e0c                codeTacheSon
 .text.HAL_TIM_PeriodElapsedCallback
                0x0000000008002e1c       0x24 ./Core/Src/main.o
                0x0000000008002e1c                HAL_TIM_PeriodElapsedCallback
 .text.Error_Handler
                0x0000000008002e40        0xa ./Core/Src/main.o
                0x0000000008002e40                Error_Handler
 *fill*         0x0000000008002e4a        0x2 
 .text.I2Cx_MspInit
                0x0000000008002e4c      0x160 ./Core/Src/stm32746g_discovery.o
 .text.I2Cx_Init
                0x0000000008002fac       0x78 ./Core/Src/stm32746g_discovery.o
 .text.I2Cx_ReadMultiple
                0x0000000008003024       0x5a ./Core/Src/stm32746g_discovery.o
 .text.I2Cx_WriteMultiple
                0x000000000800307e       0x5a ./Core/Src/stm32746g_discovery.o
 .text.I2Cx_Error
                0x00000000080030d8       0x20 ./Core/Src/stm32746g_discovery.o
 .text.TS_IO_Init
                0x00000000080030f8       0x14 ./Core/Src/stm32746g_discovery.o
                0x00000000080030f8                TS_IO_Init
 .text.TS_IO_Write
                0x000000000800310c       0x34 ./Core/Src/stm32746g_discovery.o
                0x000000000800310c                TS_IO_Write
 .text.TS_IO_Read
                0x0000000008003140       0x3c ./Core/Src/stm32746g_discovery.o
                0x0000000008003140                TS_IO_Read
 .text.TS_IO_Delay
                0x000000000800317c       0x16 ./Core/Src/stm32746g_discovery.o
                0x000000000800317c                TS_IO_Delay
 *fill*         0x0000000008003192        0x2 
 .text.BSP_LCD_Init
                0x0000000008003194       0xe0 ./Core/Src/stm32746g_discovery_lcd.o
                0x0000000008003194                BSP_LCD_Init
 .text.BSP_LCD_GetXSize
                0x0000000008003274       0x28 ./Core/Src/stm32746g_discovery_lcd.o
                0x0000000008003274                BSP_LCD_GetXSize
 .text.BSP_LCD_GetYSize
                0x000000000800329c       0x28 ./Core/Src/stm32746g_discovery_lcd.o
                0x000000000800329c                BSP_LCD_GetYSize
 .text.BSP_LCD_LayerDefaultInit
                0x00000000080032c4       0xc0 ./Core/Src/stm32746g_discovery_lcd.o
                0x00000000080032c4                BSP_LCD_LayerDefaultInit
 .text.BSP_LCD_SelectLayer
                0x0000000008003384       0x20 ./Core/Src/stm32746g_discovery_lcd.o
                0x0000000008003384                BSP_LCD_SelectLayer
 .text.BSP_LCD_SetLayerVisible
                0x00000000080033a4       0x7c ./Core/Src/stm32746g_discovery_lcd.o
                0x00000000080033a4                BSP_LCD_SetLayerVisible
 .text.BSP_LCD_SetTransparency
                0x0000000008003420       0x24 ./Core/Src/stm32746g_discovery_lcd.o
                0x0000000008003420                BSP_LCD_SetTransparency
 .text.BSP_LCD_SetTextColor
                0x0000000008003444       0x30 ./Core/Src/stm32746g_discovery_lcd.o
                0x0000000008003444                BSP_LCD_SetTextColor
 .text.BSP_LCD_SetBackColor
                0x0000000008003474       0x34 ./Core/Src/stm32746g_discovery_lcd.o
                0x0000000008003474                BSP_LCD_SetBackColor
 .text.BSP_LCD_SetFont
                0x00000000080034a8       0x34 ./Core/Src/stm32746g_discovery_lcd.o
                0x00000000080034a8                BSP_LCD_SetFont
 .text.BSP_LCD_GetFont
                0x00000000080034dc       0x2c ./Core/Src/stm32746g_discovery_lcd.o
                0x00000000080034dc                BSP_LCD_GetFont
 .text.BSP_LCD_Clear
                0x0000000008003508       0x50 ./Core/Src/stm32746g_discovery_lcd.o
                0x0000000008003508                BSP_LCD_Clear
 .text.BSP_LCD_DisplayChar
                0x0000000008003558       0x88 ./Core/Src/stm32746g_discovery_lcd.o
                0x0000000008003558                BSP_LCD_DisplayChar
 .text.BSP_LCD_DisplayStringAt
                0x00000000080035e0      0x190 ./Core/Src/stm32746g_discovery_lcd.o
                0x00000000080035e0                BSP_LCD_DisplayStringAt
 .text.BSP_LCD_DisplayStringAtLine
                0x0000000008003770       0x2e ./Core/Src/stm32746g_discovery_lcd.o
                0x0000000008003770                BSP_LCD_DisplayStringAtLine
 *fill*         0x000000000800379e        0x2 
 .text.BSP_LCD_DrawLine
                0x00000000080037a0      0x198 ./Core/Src/stm32746g_discovery_lcd.o
                0x00000000080037a0                BSP_LCD_DrawLine
 .text.BSP_LCD_DrawPixel
                0x0000000008003938       0x90 ./Core/Src/stm32746g_discovery_lcd.o
                0x0000000008003938                BSP_LCD_DrawPixel
 .text.BSP_LCD_DrawBitmap
                0x00000000080039c8      0x164 ./Core/Src/stm32746g_discovery_lcd.o
                0x00000000080039c8                BSP_LCD_DrawBitmap
 .text.BSP_LCD_FillPolygon
                0x0000000008003b2c      0x1c8 ./Core/Src/stm32746g_discovery_lcd.o
                0x0000000008003b2c                BSP_LCD_FillPolygon
 .text.BSP_LCD_DisplayOn
                0x0000000008003cf4       0x3c ./Core/Src/stm32746g_discovery_lcd.o
                0x0000000008003cf4                BSP_LCD_DisplayOn
 .text.BSP_LCD_MspInit
                0x0000000008003d30      0x1b4 ./Core/Src/stm32746g_discovery_lcd.o
                0x0000000008003d30                BSP_LCD_MspInit
 .text.BSP_LCD_ClockConfig
                0x0000000008003ee4       0x38 ./Core/Src/stm32746g_discovery_lcd.o
                0x0000000008003ee4                BSP_LCD_ClockConfig
 .text.DrawChar
                0x0000000008003f1c      0x170 ./Core/Src/stm32746g_discovery_lcd.o
 .text.FillTriangle
                0x000000000800408c      0x180 ./Core/Src/stm32746g_discovery_lcd.o
 .text.LL_FillBuffer
                0x000000000800420c       0x98 ./Core/Src/stm32746g_discovery_lcd.o
 .text.LL_ConvertLineToARGB8888
                0x00000000080042a4       0x88 ./Core/Src/stm32746g_discovery_lcd.o
 .text.BSP_SDRAM_Init
                0x000000000800432c       0xbc ./Core/Src/stm32746g_discovery_sdram.o
                0x000000000800432c                BSP_SDRAM_Init
 .text.BSP_SDRAM_Initialization_sequence
                0x00000000080043e8       0xc0 ./Core/Src/stm32746g_discovery_sdram.o
                0x00000000080043e8                BSP_SDRAM_Initialization_sequence
 .text.BSP_SDRAM_MspInit
                0x00000000080044a8      0x1f0 ./Core/Src/stm32746g_discovery_sdram.o
                0x00000000080044a8                BSP_SDRAM_MspInit
 .text.BSP_TS_Init
                0x0000000008004698       0x80 ./Core/Src/stm32746g_discovery_ts.o
                0x0000000008004698                BSP_TS_Init
 .text.BSP_TS_GetState
                0x0000000008004718      0x3ac ./Core/Src/stm32746g_discovery_ts.o
                0x0000000008004718                BSP_TS_GetState
 .text.BSP_TS_Get_GestureId
                0x0000000008004ac4      0x104 ./Core/Src/stm32746g_discovery_ts.o
                0x0000000008004ac4                BSP_TS_Get_GestureId
 .text.HAL_MspInit
                0x0000000008004bc8       0x50 ./Core/Src/stm32f7xx_hal_msp.o
                0x0000000008004bc8                HAL_MspInit
 .text.HAL_ADC_MspInit
                0x0000000008004c18       0xdc ./Core/Src/stm32f7xx_hal_msp.o
                0x0000000008004c18                HAL_ADC_MspInit
 .text.HAL_DAC_MspInit
                0x0000000008004cf4       0xf8 ./Core/Src/stm32f7xx_hal_msp.o
                0x0000000008004cf4                HAL_DAC_MspInit
 .text.HAL_DAC_MspDeInit
                0x0000000008004dec       0x4c ./Core/Src/stm32f7xx_hal_msp.o
                0x0000000008004dec                HAL_DAC_MspDeInit
 .text.HAL_DMA2D_MspInit
                0x0000000008004e38       0x4c ./Core/Src/stm32f7xx_hal_msp.o
                0x0000000008004e38                HAL_DMA2D_MspInit
 .text.HAL_I2C_MspInit
                0x0000000008004e84      0x150 ./Core/Src/stm32f7xx_hal_msp.o
                0x0000000008004e84                HAL_I2C_MspInit
 .text.HAL_I2C_MspDeInit
                0x0000000008004fd4       0x78 ./Core/Src/stm32f7xx_hal_msp.o
                0x0000000008004fd4                HAL_I2C_MspDeInit
 .text.HAL_LTDC_MspInit
                0x000000000800504c      0x204 ./Core/Src/stm32f7xx_hal_msp.o
                0x000000000800504c                HAL_LTDC_MspInit
 .text.HAL_RTC_MspInit
                0x0000000008005250       0x5c ./Core/Src/stm32f7xx_hal_msp.o
                0x0000000008005250                HAL_RTC_MspInit
 .text.HAL_SPI_MspInit
                0x00000000080052ac       0xc4 ./Core/Src/stm32f7xx_hal_msp.o
                0x00000000080052ac                HAL_SPI_MspInit
 .text.HAL_TIM_Base_MspInit
                0x0000000008005370      0x14c ./Core/Src/stm32f7xx_hal_msp.o
                0x0000000008005370                HAL_TIM_Base_MspInit
 .text.HAL_UART_MspInit
                0x00000000080054bc      0x220 ./Core/Src/stm32f7xx_hal_msp.o
                0x00000000080054bc                HAL_UART_MspInit
 .text.HAL_FMC_MspInit
                0x00000000080056dc      0x120 ./Core/Src/stm32f7xx_hal_msp.o
 .text.HAL_SDRAM_MspInit
                0x00000000080057fc       0x14 ./Core/Src/stm32f7xx_hal_msp.o
                0x00000000080057fc                HAL_SDRAM_MspInit
 .text.HAL_InitTick
                0x0000000008005810       0xb0 ./Core/Src/stm32f7xx_hal_timebase_tim.o
                0x0000000008005810                HAL_InitTick
 .text.NMI_Handler
                0x00000000080058c0        0x6 ./Core/Src/stm32f7xx_it.o
                0x00000000080058c0                NMI_Handler
 .text.HardFault_Handler
                0x00000000080058c6        0x6 ./Core/Src/stm32f7xx_it.o
                0x00000000080058c6                HardFault_Handler
 .text.MemManage_Handler
                0x00000000080058cc        0x6 ./Core/Src/stm32f7xx_it.o
                0x00000000080058cc                MemManage_Handler
 .text.BusFault_Handler
                0x00000000080058d2        0x6 ./Core/Src/stm32f7xx_it.o
                0x00000000080058d2                BusFault_Handler
 .text.UsageFault_Handler
                0x00000000080058d8        0x6 ./Core/Src/stm32f7xx_it.o
                0x00000000080058d8                UsageFault_Handler
 .text.DebugMon_Handler
                0x00000000080058de        0xe ./Core/Src/stm32f7xx_it.o
                0x00000000080058de                DebugMon_Handler
 .text.DMA1_Stream5_IRQHandler
                0x00000000080058ec       0x14 ./Core/Src/stm32f7xx_it.o
                0x00000000080058ec                DMA1_Stream5_IRQHandler
 .text.TIM6_DAC_IRQHandler
                0x0000000008005900       0x28 ./Core/Src/stm32f7xx_it.o
                0x0000000008005900                TIM6_DAC_IRQHandler
 .text.LTDC_IRQHandler
                0x0000000008005928       0x14 ./Core/Src/stm32f7xx_it.o
                0x0000000008005928                LTDC_IRQHandler
 .text.DMA2D_IRQHandler
                0x000000000800593c       0x14 ./Core/Src/stm32f7xx_it.o
                0x000000000800593c                DMA2D_IRQHandler
 .text._times   0x0000000008005950       0x18 ./Core/Src/syscalls.o
                0x0000000008005950                _times
 .text._sbrk    0x0000000008005968       0x6c ./Core/Src/sysmem.o
                0x0000000008005968                _sbrk
 .text.SystemInit
                0x00000000080059d4       0x24 ./Core/Src/system_stm32f7xx.o
                0x00000000080059d4                SystemInit
 .text.Reset_Handler
                0x00000000080059f8       0x50 ./Core/Startup/startup_stm32f746nghx.o
                0x00000000080059f8                Reset_Handler
 .text.Default_Handler
                0x0000000008005a48        0x2 ./Core/Startup/startup_stm32f746nghx.o
                0x0000000008005a48                RTC_Alarm_IRQHandler
                0x0000000008005a48                EXTI2_IRQHandler
                0x0000000008005a48                TIM8_CC_IRQHandler
                0x0000000008005a48                UART8_IRQHandler
                0x0000000008005a48                SPI4_IRQHandler
                0x0000000008005a48                TIM1_CC_IRQHandler
                0x0000000008005a48                DMA2_Stream5_IRQHandler
                0x0000000008005a48                PVD_IRQHandler
                0x0000000008005a48                TAMP_STAMP_IRQHandler
                0x0000000008005a48                CAN2_RX1_IRQHandler
                0x0000000008005a48                EXTI3_IRQHandler
                0x0000000008005a48                TIM8_TRG_COM_TIM14_IRQHandler
                0x0000000008005a48                TIM1_UP_TIM10_IRQHandler
                0x0000000008005a48                TIM8_UP_TIM13_IRQHandler
                0x0000000008005a48                I2C3_ER_IRQHandler
                0x0000000008005a48                EXTI0_IRQHandler
                0x0000000008005a48                I2C2_EV_IRQHandler
                0x0000000008005a48                DMA1_Stream2_IRQHandler
                0x0000000008005a48                CAN1_RX0_IRQHandler
                0x0000000008005a48                FPU_IRQHandler
                0x0000000008005a48                OTG_HS_WKUP_IRQHandler
                0x0000000008005a48                LTDC_ER_IRQHandler
                0x0000000008005a48                CAN2_SCE_IRQHandler
                0x0000000008005a48                DMA2_Stream2_IRQHandler
                0x0000000008005a48                SPI1_IRQHandler
                0x0000000008005a48                TIM1_BRK_TIM9_IRQHandler
                0x0000000008005a48                DCMI_IRQHandler
                0x0000000008005a48                CAN2_RX0_IRQHandler
                0x0000000008005a48                DMA2_Stream3_IRQHandler
                0x0000000008005a48                SAI2_IRQHandler
                0x0000000008005a48                USART6_IRQHandler
                0x0000000008005a48                USART3_IRQHandler
                0x0000000008005a48                CAN1_RX1_IRQHandler
                0x0000000008005a48                UART5_IRQHandler
                0x0000000008005a48                DMA2_Stream0_IRQHandler
                0x0000000008005a48                TIM4_IRQHandler
                0x0000000008005a48                QUADSPI_IRQHandler
                0x0000000008005a48                I2C1_EV_IRQHandler
                0x0000000008005a48                DMA1_Stream6_IRQHandler
                0x0000000008005a48                DMA1_Stream1_IRQHandler
                0x0000000008005a48                UART4_IRQHandler
                0x0000000008005a48                TIM3_IRQHandler
                0x0000000008005a48                RCC_IRQHandler
                0x0000000008005a48                TIM8_BRK_TIM12_IRQHandler
                0x0000000008005a48                Default_Handler
                0x0000000008005a48                CEC_IRQHandler
                0x0000000008005a48                EXTI15_10_IRQHandler
                0x0000000008005a48                ADC_IRQHandler
                0x0000000008005a48                DMA1_Stream7_IRQHandler
                0x0000000008005a48                SPI5_IRQHandler
                0x0000000008005a48                TIM7_IRQHandler
                0x0000000008005a48                SDMMC1_IRQHandler
                0x0000000008005a48                CAN2_TX_IRQHandler
                0x0000000008005a48                TIM5_IRQHandler
                0x0000000008005a48                DMA2_Stream7_IRQHandler
                0x0000000008005a48                I2C3_EV_IRQHandler
                0x0000000008005a48                EXTI9_5_IRQHandler
                0x0000000008005a48                RTC_WKUP_IRQHandler
                0x0000000008005a48                ETH_WKUP_IRQHandler
                0x0000000008005a48                SPDIF_RX_IRQHandler
                0x0000000008005a48                SPI2_IRQHandler
                0x0000000008005a48                OTG_HS_EP1_IN_IRQHandler
                0x0000000008005a48                DMA1_Stream0_IRQHandler
                0x0000000008005a48                CAN1_TX_IRQHandler
                0x0000000008005a48                EXTI4_IRQHandler
                0x0000000008005a48                RNG_IRQHandler
                0x0000000008005a48                ETH_IRQHandler
                0x0000000008005a48                OTG_HS_EP1_OUT_IRQHandler
                0x0000000008005a48                WWDG_IRQHandler
                0x0000000008005a48                SPI6_IRQHandler
                0x0000000008005a48                I2C4_EV_IRQHandler
                0x0000000008005a48                TIM2_IRQHandler
                0x0000000008005a48                OTG_FS_WKUP_IRQHandler
                0x0000000008005a48                TIM1_TRG_COM_TIM11_IRQHandler
                0x0000000008005a48                OTG_HS_IRQHandler
                0x0000000008005a48                EXTI1_IRQHandler
                0x0000000008005a48                UART7_IRQHandler
                0x0000000008005a48                USART2_IRQHandler
                0x0000000008005a48                I2C2_ER_IRQHandler
                0x0000000008005a48                DMA2_Stream1_IRQHandler
                0x0000000008005a48                CAN1_SCE_IRQHandler
                0x0000000008005a48                FLASH_IRQHandler
                0x0000000008005a48                DMA2_Stream4_IRQHandler
                0x0000000008005a48                USART1_IRQHandler
                0x0000000008005a48                OTG_FS_IRQHandler
                0x0000000008005a48                SPI3_IRQHandler
                0x0000000008005a48                DMA1_Stream4_IRQHandler
                0x0000000008005a48                I2C1_ER_IRQHandler
                0x0000000008005a48                FMC_IRQHandler
                0x0000000008005a48                LPTIM1_IRQHandler
                0x0000000008005a48                I2C4_ER_IRQHandler
                0x0000000008005a48                DMA2_Stream6_IRQHandler
                0x0000000008005a48                SAI1_IRQHandler
                0x0000000008005a48                DMA1_Stream3_IRQHandler
 .text.HAL_Init
                0x0000000008005a4a       0x1a ./Drivers/STM32F7xx_HAL_Driver/Src/stm32f7xx_hal.o
                0x0000000008005a4a                HAL_Init
 .text.HAL_IncTick
                0x0000000008005a64       0x28 ./Drivers/STM32F7xx_HAL_Driver/Src/stm32f7xx_hal.o
                0x0000000008005a64                HAL_IncTick
 .text.HAL_GetTick
                0x0000000008005a8c       0x18 ./Drivers/STM32F7xx_HAL_Driver/Src/stm32f7xx_hal.o
                0x0000000008005a8c                HAL_GetTick
 .text.HAL_Delay
                0x0000000008005aa4       0x48 ./Drivers/STM32F7xx_HAL_Driver/Src/stm32f7xx_hal.o
                0x0000000008005aa4                HAL_Delay
 .text.HAL_ADC_Init
                0x0000000008005aec       0x88 ./Drivers/STM32F7xx_HAL_Driver/Src/stm32f7xx_hal_adc.o
                0x0000000008005aec                HAL_ADC_Init
 .text.HAL_ADC_ConfigChannel
                0x0000000008005b74      0x2ac ./Drivers/STM32F7xx_HAL_Driver/Src/stm32f7xx_hal_adc.o
                0x0000000008005b74                HAL_ADC_ConfigChannel
 .text.ADC_Init
                0x0000000008005e20      0x1f4 ./Drivers/STM32F7xx_HAL_Driver/Src/stm32f7xx_hal_adc.o
 .text.__NVIC_SetPriorityGrouping
                0x0000000008006014       0x48 ./Drivers/STM32F7xx_HAL_Driver/Src/stm32f7xx_hal_cortex.o
 .text.__NVIC_GetPriorityGrouping
                0x000000000800605c       0x1c ./Drivers/STM32F7xx_HAL_Driver/Src/stm32f7xx_hal_cortex.o
 .text.__NVIC_EnableIRQ
                0x0000000008006078       0x3c ./Drivers/STM32F7xx_HAL_Driver/Src/stm32f7xx_hal_cortex.o
 .text.__NVIC_DisableIRQ
                0x00000000080060b4       0x48 ./Drivers/STM32F7xx_HAL_Driver/Src/stm32f7xx_hal_cortex.o
 .text.__NVIC_SetPriority
                0x00000000080060fc       0x54 ./Drivers/STM32F7xx_HAL_Driver/Src/stm32f7xx_hal_cortex.o
 .text.NVIC_EncodePriority
                0x0000000008006150       0x66 ./Drivers/STM32F7xx_HAL_Driver/Src/stm32f7xx_hal_cortex.o
 .text.HAL_NVIC_SetPriorityGrouping
                0x00000000080061b6       0x16 ./Drivers/STM32F7xx_HAL_Driver/Src/stm32f7xx_hal_cortex.o
                0x00000000080061b6                HAL_NVIC_SetPriorityGrouping
 .text.HAL_NVIC_SetPriority
                0x00000000080061cc       0x38 ./Drivers/STM32F7xx_HAL_Driver/Src/stm32f7xx_hal_cortex.o
                0x00000000080061cc                HAL_NVIC_SetPriority
 .text.HAL_NVIC_EnableIRQ
                0x0000000008006204       0x1c ./Drivers/STM32F7xx_HAL_Driver/Src/stm32f7xx_hal_cortex.o
                0x0000000008006204                HAL_NVIC_EnableIRQ
 .text.HAL_NVIC_DisableIRQ
                0x0000000008006220       0x1c ./Drivers/STM32F7xx_HAL_Driver/Src/stm32f7xx_hal_cortex.o
                0x0000000008006220                HAL_NVIC_DisableIRQ
 .text.HAL_DAC_Init
                0x000000000800623c       0x44 ./Drivers/STM32F7xx_HAL_Driver/Src/stm32f7xx_hal_dac.o
                0x000000000800623c                HAL_DAC_Init
 .text.HAL_DAC_DeInit
                0x0000000008006280       0x3a ./Drivers/STM32F7xx_HAL_Driver/Src/stm32f7xx_hal_dac.o
                0x0000000008006280                HAL_DAC_DeInit
 *fill*         0x00000000080062ba        0x2 
 .text.HAL_DAC_Start_DMA
                0x00000000080062bc      0x198 ./Drivers/STM32F7xx_HAL_Driver/Src/stm32f7xx_hal_dac.o
                0x00000000080062bc                HAL_DAC_Start_DMA
 .text.HAL_DAC_IRQHandler
                0x0000000008006454       0xb4 ./Drivers/STM32F7xx_HAL_Driver/Src/stm32f7xx_hal_dac.o
                0x0000000008006454                HAL_DAC_IRQHandler
 .text.HAL_DAC_ConvCpltCallbackCh1
                0x0000000008006508       0x14 ./Drivers/STM32F7xx_HAL_Driver/Src/stm32f7xx_hal_dac.o
                0x0000000008006508                HAL_DAC_ConvCpltCallbackCh1
 .text.HAL_DAC_ConvHalfCpltCallbackCh1
                0x000000000800651c       0x14 ./Drivers/STM32F7xx_HAL_Driver/Src/stm32f7xx_hal_dac.o
                0x000000000800651c                HAL_DAC_ConvHalfCpltCallbackCh1
 .text.HAL_DAC_ErrorCallbackCh1
                0x0000000008006530       0x14 ./Drivers/STM32F7xx_HAL_Driver/Src/stm32f7xx_hal_dac.o
                0x0000000008006530                HAL_DAC_ErrorCallbackCh1
 .text.HAL_DAC_DMAUnderrunCallbackCh1
                0x0000000008006544       0x14 ./Drivers/STM32F7xx_HAL_Driver/Src/stm32f7xx_hal_dac.o
                0x0000000008006544                HAL_DAC_DMAUnderrunCallbackCh1
 .text.HAL_DAC_ConfigChannel
                0x0000000008006558       0x9e ./Drivers/STM32F7xx_HAL_Driver/Src/stm32f7xx_hal_dac.o
                0x0000000008006558                HAL_DAC_ConfigChannel
 .text.DAC_DMAConvCpltCh1
                0x00000000080065f6       0x22 ./Drivers/STM32F7xx_HAL_Driver/Src/stm32f7xx_hal_dac.o
                0x00000000080065f6                DAC_DMAConvCpltCh1
 .text.DAC_DMAHalfConvCpltCh1
                0x0000000008006618       0x1c ./Drivers/STM32F7xx_HAL_Driver/Src/stm32f7xx_hal_dac.o
                0x0000000008006618                DAC_DMAHalfConvCpltCh1
 .text.DAC_DMAErrorCh1
                0x0000000008006634       0x2e ./Drivers/STM32F7xx_HAL_Driver/Src/stm32f7xx_hal_dac.o
                0x0000000008006634                DAC_DMAErrorCh1
 .text.HAL_DACEx_ConvCpltCallbackCh2
                0x0000000008006662       0x14 ./Drivers/STM32F7xx_HAL_Driver/Src/stm32f7xx_hal_dac_ex.o
                0x0000000008006662                HAL_DACEx_ConvCpltCallbackCh2
 .text.HAL_DACEx_ConvHalfCpltCallbackCh2
                0x0000000008006676       0x14 ./Drivers/STM32F7xx_HAL_Driver/Src/stm32f7xx_hal_dac_ex.o
                0x0000000008006676                HAL_DACEx_ConvHalfCpltCallbackCh2
 .text.HAL_DACEx_ErrorCallbackCh2
                0x000000000800668a       0x14 ./Drivers/STM32F7xx_HAL_Driver/Src/stm32f7xx_hal_dac_ex.o
                0x000000000800668a                HAL_DACEx_ErrorCallbackCh2
 .text.HAL_DACEx_DMAUnderrunCallbackCh2
                0x000000000800669e       0x14 ./Drivers/STM32F7xx_HAL_Driver/Src/stm32f7xx_hal_dac_ex.o
                0x000000000800669e                HAL_DACEx_DMAUnderrunCallbackCh2
 .text.DAC_DMAConvCpltCh2
                0x00000000080066b2       0x22 ./Drivers/STM32F7xx_HAL_Driver/Src/stm32f7xx_hal_dac_ex.o
                0x00000000080066b2                DAC_DMAConvCpltCh2
 .text.DAC_DMAHalfConvCpltCh2
                0x00000000080066d4       0x1c ./Drivers/STM32F7xx_HAL_Driver/Src/stm32f7xx_hal_dac_ex.o
                0x00000000080066d4                DAC_DMAHalfConvCpltCh2
 .text.DAC_DMAErrorCh2
                0x00000000080066f0       0x2e ./Drivers/STM32F7xx_HAL_Driver/Src/stm32f7xx_hal_dac_ex.o
                0x00000000080066f0                DAC_DMAErrorCh2
 *fill*         0x000000000800671e        0x2 
 .text.HAL_DMA_Init
                0x0000000008006720      0x15c ./Drivers/STM32F7xx_HAL_Driver/Src/stm32f7xx_hal_dma.o
                0x0000000008006720                HAL_DMA_Init
 .text.HAL_DMA_DeInit
                0x000000000800687c       0xbc ./Drivers/STM32F7xx_HAL_Driver/Src/stm32f7xx_hal_dma.o
                0x000000000800687c                HAL_DMA_DeInit
 .text.HAL_DMA_Start_IT
                0x0000000008006938       0xc0 ./Drivers/STM32F7xx_HAL_Driver/Src/stm32f7xx_hal_dma.o
                0x0000000008006938                HAL_DMA_Start_IT
 .text.HAL_DMA_IRQHandler
                0x00000000080069f8      0x314 ./Drivers/STM32F7xx_HAL_Driver/Src/stm32f7xx_hal_dma.o
                0x00000000080069f8                HAL_DMA_IRQHandler
 .text.DMA_SetConfig
                0x0000000008006d0c       0x5c ./Drivers/STM32F7xx_HAL_Driver/Src/stm32f7xx_hal_dma.o
 .text.DMA_CalcBaseAndBitshift
                0x0000000008006d68       0x6c ./Drivers/STM32F7xx_HAL_Driver/Src/stm32f7xx_hal_dma.o
 .text.DMA_CheckFifoParam
                0x0000000008006dd4       0xf8 ./Drivers/STM32F7xx_HAL_Driver/Src/stm32f7xx_hal_dma.o
 .text.HAL_DMA2D_Init
                0x0000000008006ecc       0x94 ./Drivers/STM32F7xx_HAL_Driver/Src/stm32f7xx_hal_dma2d.o
                0x0000000008006ecc                HAL_DMA2D_Init
 .text.HAL_DMA2D_Start
                0x0000000008006f60       0x56 ./Drivers/STM32F7xx_HAL_Driver/Src/stm32f7xx_hal_dma2d.o
                0x0000000008006f60                HAL_DMA2D_Start
 .text.HAL_DMA2D_PollForTransfer
                0x0000000008006fb6      0x1d2 ./Drivers/STM32F7xx_HAL_Driver/Src/stm32f7xx_hal_dma2d.o
                0x0000000008006fb6                HAL_DMA2D_PollForTransfer
 .text.HAL_DMA2D_IRQHandler
                0x0000000008007188      0x1f8 ./Drivers/STM32F7xx_HAL_Driver/Src/stm32f7xx_hal_dma2d.o
                0x0000000008007188                HAL_DMA2D_IRQHandler
 .text.HAL_DMA2D_LineEventCallback
                0x0000000008007380       0x14 ./Drivers/STM32F7xx_HAL_Driver/Src/stm32f7xx_hal_dma2d.o
                0x0000000008007380                HAL_DMA2D_LineEventCallback
 .text.HAL_DMA2D_CLUTLoadingCpltCallback
                0x0000000008007394       0x14 ./Drivers/STM32F7xx_HAL_Driver/Src/stm32f7xx_hal_dma2d.o
                0x0000000008007394                HAL_DMA2D_CLUTLoadingCpltCallback
 .text.HAL_DMA2D_ConfigLayer
                0x00000000080073a8      0x124 ./Drivers/STM32F7xx_HAL_Driver/Src/stm32f7xx_hal_dma2d.o
                0x00000000080073a8                HAL_DMA2D_ConfigLayer
 .text.DMA2D_SetConfig
                0x00000000080074cc      0x138 ./Drivers/STM32F7xx_HAL_Driver/Src/stm32f7xx_hal_dma2d.o
 .text.HAL_GPIO_Init
                0x0000000008007604      0x358 ./Drivers/STM32F7xx_HAL_Driver/Src/stm32f7xx_hal_gpio.o
                0x0000000008007604                HAL_GPIO_Init
 .text.HAL_GPIO_DeInit
                0x000000000800795c      0x218 ./Drivers/STM32F7xx_HAL_Driver/Src/stm32f7xx_hal_gpio.o
                0x000000000800795c                HAL_GPIO_DeInit
 .text.HAL_GPIO_ReadPin
                0x0000000008007b74       0x30 ./Drivers/STM32F7xx_HAL_Driver/Src/stm32f7xx_hal_gpio.o
                0x0000000008007b74                HAL_GPIO_ReadPin
 .text.HAL_GPIO_WritePin
                0x0000000008007ba4       0x32 ./Drivers/STM32F7xx_HAL_Driver/Src/stm32f7xx_hal_gpio.o
                0x0000000008007ba4                HAL_GPIO_WritePin
 *fill*         0x0000000008007bd6        0x2 
 .text.HAL_I2C_Init
                0x0000000008007bd8      0x120 ./Drivers/STM32F7xx_HAL_Driver/Src/stm32f7xx_hal_i2c.o
                0x0000000008007bd8                HAL_I2C_Init
 .text.HAL_I2C_DeInit
                0x0000000008007cf8       0x5e ./Drivers/STM32F7xx_HAL_Driver/Src/stm32f7xx_hal_i2c.o
                0x0000000008007cf8                HAL_I2C_DeInit
 *fill*         0x0000000008007d56        0x2 
 .text.HAL_I2C_Mem_Write
                0x0000000008007d58      0x228 ./Drivers/STM32F7xx_HAL_Driver/Src/stm32f7xx_hal_i2c.o
                0x0000000008007d58                HAL_I2C_Mem_Write
 .text.HAL_I2C_Mem_Read
                0x0000000008007f80      0x234 ./Drivers/STM32F7xx_HAL_Driver/Src/stm32f7xx_hal_i2c.o
                0x0000000008007f80                HAL_I2C_Mem_Read
 .text.HAL_I2C_GetState
                0x00000000080081b4       0x1c ./Drivers/STM32F7xx_HAL_Driver/Src/stm32f7xx_hal_i2c.o
                0x00000000080081b4                HAL_I2C_GetState
 .text.I2C_RequestMemoryWrite
                0x00000000080081d0       0xa8 ./Drivers/STM32F7xx_HAL_Driver/Src/stm32f7xx_hal_i2c.o
 .text.I2C_RequestMemoryRead
                0x0000000008008278       0xa8 ./Drivers/STM32F7xx_HAL_Driver/Src/stm32f7xx_hal_i2c.o
 .text.I2C_Flush_TXDR
                0x0000000008008320       0x48 ./Drivers/STM32F7xx_HAL_Driver/Src/stm32f7xx_hal_i2c.o
 .text.I2C_WaitOnFlagUntilTimeout
                0x0000000008008368       0x80 ./Drivers/STM32F7xx_HAL_Driver/Src/stm32f7xx_hal_i2c.o
 .text.I2C_WaitOnTXISFlagUntilTimeout
                0x00000000080083e8       0x80 ./Drivers/STM32F7xx_HAL_Driver/Src/stm32f7xx_hal_i2c.o
 .text.I2C_WaitOnSTOPFlagUntilTimeout
                0x0000000008008468       0x78 ./Drivers/STM32F7xx_HAL_Driver/Src/stm32f7xx_hal_i2c.o
 .text.I2C_IsErrorOccurred
                0x00000000080084e0      0x1d8 ./Drivers/STM32F7xx_HAL_Driver/Src/stm32f7xx_hal_i2c.o
 .text.I2C_TransferConfig
                0x00000000080086b8       0x64 ./Drivers/STM32F7xx_HAL_Driver/Src/stm32f7xx_hal_i2c.o
 .text.HAL_I2CEx_ConfigAnalogFilter
                0x000000000800871c       0x96 ./Drivers/STM32F7xx_HAL_Driver/Src/stm32f7xx_hal_i2c_ex.o
                0x000000000800871c                HAL_I2CEx_ConfigAnalogFilter
 .text.HAL_I2CEx_ConfigDigitalFilter
                0x00000000080087b2       0x98 ./Drivers/STM32F7xx_HAL_Driver/Src/stm32f7xx_hal_i2c_ex.o
                0x00000000080087b2                HAL_I2CEx_ConfigDigitalFilter
 *fill*         0x000000000800884a        0x2 
 .text.HAL_LTDC_Init
                0x000000000800884c      0x1a0 ./Drivers/STM32F7xx_HAL_Driver/Src/stm32f7xx_hal_ltdc.o
                0x000000000800884c                HAL_LTDC_Init
 .text.HAL_LTDC_IRQHandler
                0x00000000080089ec      0x148 ./Drivers/STM32F7xx_HAL_Driver/Src/stm32f7xx_hal_ltdc.o
                0x00000000080089ec                HAL_LTDC_IRQHandler
 .text.HAL_LTDC_ErrorCallback
                0x0000000008008b34       0x14 ./Drivers/STM32F7xx_HAL_Driver/Src/stm32f7xx_hal_ltdc.o
                0x0000000008008b34                HAL_LTDC_ErrorCallback
 .text.HAL_LTDC_LineEventCallback
                0x0000000008008b48       0x14 ./Drivers/STM32F7xx_HAL_Driver/Src/stm32f7xx_hal_ltdc.o
                0x0000000008008b48                HAL_LTDC_LineEventCallback
 .text.HAL_LTDC_ReloadEventCallback
                0x0000000008008b5c       0x14 ./Drivers/STM32F7xx_HAL_Driver/Src/stm32f7xx_hal_ltdc.o
                0x0000000008008b5c                HAL_LTDC_ReloadEventCallback
 .text.HAL_LTDC_ConfigLayer
                0x0000000008008b70       0x7c ./Drivers/STM32F7xx_HAL_Driver/Src/stm32f7xx_hal_ltdc.o
                0x0000000008008b70                HAL_LTDC_ConfigLayer
 .text.HAL_LTDC_SetAlpha
                0x0000000008008bec       0x6c ./Drivers/STM32F7xx_HAL_Driver/Src/stm32f7xx_hal_ltdc.o
                0x0000000008008bec                HAL_LTDC_SetAlpha
 .text.HAL_LTDC_GetState
                0x0000000008008c58       0x1c ./Drivers/STM32F7xx_HAL_Driver/Src/stm32f7xx_hal_ltdc.o
                0x0000000008008c58                HAL_LTDC_GetState
 .text.LTDC_SetConfig
                0x0000000008008c74      0x334 ./Drivers/STM32F7xx_HAL_Driver/Src/stm32f7xx_hal_ltdc.o
 .text.HAL_PWR_EnableBkUpAccess
                0x0000000008008fa8       0x20 ./Drivers/STM32F7xx_HAL_Driver/Src/stm32f7xx_hal_pwr.o
                0x0000000008008fa8                HAL_PWR_EnableBkUpAccess
 .text.HAL_PWREx_EnableOverDrive
                0x0000000008008fc8       0xa0 ./Drivers/STM32F7xx_HAL_Driver/Src/stm32f7xx_hal_pwr_ex.o
                0x0000000008008fc8                HAL_PWREx_EnableOverDrive
 .text.HAL_RCC_OscConfig
                0x0000000008009068      0x548 ./Drivers/STM32F7xx_HAL_Driver/Src/stm32f7xx_hal_rcc.o
                0x0000000008009068                HAL_RCC_OscConfig
 .text.HAL_RCC_ClockConfig
                0x00000000080095b0      0x1d8 ./Drivers/STM32F7xx_HAL_Driver/Src/stm32f7xx_hal_rcc.o
                0x00000000080095b0                HAL_RCC_ClockConfig
 .text.HAL_RCC_GetSysClockFreq
                0x0000000008009788      0x16c ./Drivers/STM32F7xx_HAL_Driver/Src/stm32f7xx_hal_rcc.o
                0x0000000008009788                HAL_RCC_GetSysClockFreq
 .text.HAL_RCC_GetHCLKFreq
                0x00000000080098f4       0x18 ./Drivers/STM32F7xx_HAL_Driver/Src/stm32f7xx_hal_rcc.o
                0x00000000080098f4                HAL_RCC_GetHCLKFreq
 .text.HAL_RCC_GetPCLK1Freq
                0x000000000800990c       0x28 ./Drivers/STM32F7xx_HAL_Driver/Src/stm32f7xx_hal_rcc.o
                0x000000000800990c                HAL_RCC_GetPCLK1Freq
 .text.HAL_RCC_GetPCLK2Freq
                0x0000000008009934       0x28 ./Drivers/STM32F7xx_HAL_Driver/Src/stm32f7xx_hal_rcc.o
                0x0000000008009934                HAL_RCC_GetPCLK2Freq
 .text.HAL_RCC_GetClockConfig
                0x000000000800995c       0x64 ./Drivers/STM32F7xx_HAL_Driver/Src/stm32f7xx_hal_rcc.o
                0x000000000800995c                HAL_RCC_GetClockConfig
 .text.HAL_RCCEx_PeriphCLKConfig
                0x00000000080099c0      0x7e0 ./Drivers/STM32F7xx_HAL_Driver/Src/stm32f7xx_hal_rcc_ex.o
                0x00000000080099c0                HAL_RCCEx_PeriphCLKConfig
 .text.HAL_RTC_Init
                0x000000000800a1a0      0x124 ./Drivers/STM32F7xx_HAL_Driver/Src/stm32f7xx_hal_rtc.o
                0x000000000800a1a0                HAL_RTC_Init
 .text.HAL_RTC_SetTime
                0x000000000800a2c4      0x17c ./Drivers/STM32F7xx_HAL_Driver/Src/stm32f7xx_hal_rtc.o
                0x000000000800a2c4                HAL_RTC_SetTime
 .text.HAL_RTC_SetDate
                0x000000000800a440      0x150 ./Drivers/STM32F7xx_HAL_Driver/Src/stm32f7xx_hal_rtc.o
                0x000000000800a440                HAL_RTC_SetDate
 .text.HAL_RTC_SetAlarm
                0x000000000800a590      0x230 ./Drivers/STM32F7xx_HAL_Driver/Src/stm32f7xx_hal_rtc.o
                0x000000000800a590                HAL_RTC_SetAlarm
 .text.HAL_RTC_WaitForSynchro
                0x000000000800a7c0       0x50 ./Drivers/STM32F7xx_HAL_Driver/Src/stm32f7xx_hal_rtc.o
                0x000000000800a7c0                HAL_RTC_WaitForSynchro
 .text.RTC_EnterInitMode
                0x000000000800a810       0x58 ./Drivers/STM32F7xx_HAL_Driver/Src/stm32f7xx_hal_rtc.o
                0x000000000800a810                RTC_EnterInitMode
 .text.RTC_ByteToBcd2
                0x000000000800a868       0x3c ./Drivers/STM32F7xx_HAL_Driver/Src/stm32f7xx_hal_rtc.o
                0x000000000800a868                RTC_ByteToBcd2
 .text.HAL_RTCEx_SetTimeStamp
                0x000000000800a8a4       0xac ./Drivers/STM32F7xx_HAL_Driver/Src/stm32f7xx_hal_rtc_ex.o
                0x000000000800a8a4                HAL_RTCEx_SetTimeStamp
 .text.HAL_SDRAM_Init
                0x000000000800a950       0x68 ./Drivers/STM32F7xx_HAL_Driver/Src/stm32f7xx_hal_sdram.o
                0x000000000800a950                HAL_SDRAM_Init
 .text.HAL_SDRAM_SendCommand
                0x000000000800a9b8       0x6a ./Drivers/STM32F7xx_HAL_Driver/Src/stm32f7xx_hal_sdram.o
                0x000000000800a9b8                HAL_SDRAM_SendCommand
 .text.HAL_SDRAM_ProgramRefreshRate
                0x000000000800aa22       0x50 ./Drivers/STM32F7xx_HAL_Driver/Src/stm32f7xx_hal_sdram.o
                0x000000000800aa22                HAL_SDRAM_ProgramRefreshRate
 .text.HAL_SPI_Init
                0x000000000800aa72      0x156 ./Drivers/STM32F7xx_HAL_Driver/Src/stm32f7xx_hal_spi.o
                0x000000000800aa72                HAL_SPI_Init
 .text.HAL_TIM_Base_Init
                0x000000000800abc8       0xae ./Drivers/STM32F7xx_HAL_Driver/Src/stm32f7xx_hal_tim.o
                0x000000000800abc8                HAL_TIM_Base_Init
 *fill*         0x000000000800ac76        0x2 
 .text.HAL_TIM_Base_Start
                0x000000000800ac78       0xe0 ./Drivers/STM32F7xx_HAL_Driver/Src/stm32f7xx_hal_tim.o
                0x000000000800ac78                HAL_TIM_Base_Start
 .text.HAL_TIM_Base_Start_IT
                0x000000000800ad58       0xf0 ./Drivers/STM32F7xx_HAL_Driver/Src/stm32f7xx_hal_tim.o
                0x000000000800ad58                HAL_TIM_Base_Start_IT
 .text.HAL_TIM_IRQHandler
                0x000000000800ae48      0x23e ./Drivers/STM32F7xx_HAL_Driver/Src/stm32f7xx_hal_tim.o
                0x000000000800ae48                HAL_TIM_IRQHandler
 *fill*         0x000000000800b086        0x2 
 .text.HAL_TIM_ConfigClockSource
                0x000000000800b088      0x194 ./Drivers/STM32F7xx_HAL_Driver/Src/stm32f7xx_hal_tim.o
                0x000000000800b088                HAL_TIM_ConfigClockSource
 .text.HAL_TIM_OC_DelayElapsedCallback
                0x000000000800b21c       0x14 ./Drivers/STM32F7xx_HAL_Driver/Src/stm32f7xx_hal_tim.o
                0x000000000800b21c                HAL_TIM_OC_DelayElapsedCallback
 .text.HAL_TIM_IC_CaptureCallback
                0x000000000800b230       0x14 ./Drivers/STM32F7xx_HAL_Driver/Src/stm32f7xx_hal_tim.o
                0x000000000800b230                HAL_TIM_IC_CaptureCallback
 .text.HAL_TIM_PWM_PulseFinishedCallback
                0x000000000800b244       0x14 ./Drivers/STM32F7xx_HAL_Driver/Src/stm32f7xx_hal_tim.o
                0x000000000800b244                HAL_TIM_PWM_PulseFinishedCallback
 .text.HAL_TIM_TriggerCallback
                0x000000000800b258       0x14 ./Drivers/STM32F7xx_HAL_Driver/Src/stm32f7xx_hal_tim.o
                0x000000000800b258                HAL_TIM_TriggerCallback
 .text.TIM_Base_SetConfig
                0x000000000800b26c      0x140 ./Drivers/STM32F7xx_HAL_Driver/Src/stm32f7xx_hal_tim.o
                0x000000000800b26c                TIM_Base_SetConfig
 .text.TIM_TI1_ConfigInputStage
                0x000000000800b3ac       0x5e ./Drivers/STM32F7xx_HAL_Driver/Src/stm32f7xx_hal_tim.o
 .text.TIM_TI2_ConfigInputStage
                0x000000000800b40a       0x60 ./Drivers/STM32F7xx_HAL_Driver/Src/stm32f7xx_hal_tim.o
 .text.TIM_ITRx_SetConfig
                0x000000000800b46a       0x36 ./Drivers/STM32F7xx_HAL_Driver/Src/stm32f7xx_hal_tim.o
 .text.TIM_ETR_SetConfig
                0x000000000800b4a0       0x40 ./Drivers/STM32F7xx_HAL_Driver/Src/stm32f7xx_hal_tim.o
                0x000000000800b4a0                TIM_ETR_SetConfig
 .text.HAL_TIMEx_MasterConfigSynchronization
                0x000000000800b4e0      0x11c ./Drivers/STM32F7xx_HAL_Driver/Src/stm32f7xx_hal_tim_ex.o
                0x000000000800b4e0                HAL_TIMEx_MasterConfigSynchronization
 .text.HAL_TIMEx_CommutCallback
                0x000000000800b5fc       0x14 ./Drivers/STM32F7xx_HAL_Driver/Src/stm32f7xx_hal_tim_ex.o
                0x000000000800b5fc                HAL_TIMEx_CommutCallback
 .text.HAL_TIMEx_BreakCallback
                0x000000000800b610       0x14 ./Drivers/STM32F7xx_HAL_Driver/Src/stm32f7xx_hal_tim_ex.o
                0x000000000800b610                HAL_TIMEx_BreakCallback
 .text.HAL_TIMEx_Break2Callback
                0x000000000800b624       0x14 ./Drivers/STM32F7xx_HAL_Driver/Src/stm32f7xx_hal_tim_ex.o
                0x000000000800b624                HAL_TIMEx_Break2Callback
 .text.HAL_UART_Init
                0x000000000800b638       0x9c ./Drivers/STM32F7xx_HAL_Driver/Src/stm32f7xx_hal_uart.o
                0x000000000800b638                HAL_UART_Init
 .text.UART_SetConfig
                0x000000000800b6d4      0x4c4 ./Drivers/STM32F7xx_HAL_Driver/Src/stm32f7xx_hal_uart.o
                0x000000000800b6d4                UART_SetConfig
 .text.UART_AdvFeatureConfig
                0x000000000800bb98      0x144 ./Drivers/STM32F7xx_HAL_Driver/Src/stm32f7xx_hal_uart.o
                0x000000000800bb98                UART_AdvFeatureConfig
 .text.UART_CheckIdleState
                0x000000000800bcdc       0x66 ./Drivers/STM32F7xx_HAL_Driver/Src/stm32f7xx_hal_uart.o
                0x000000000800bcdc                UART_CheckIdleState
 .text.UART_WaitOnFlagUntilTimeout
                0x000000000800bd42      0x188 ./Drivers/STM32F7xx_HAL_Driver/Src/stm32f7xx_hal_uart.o
                0x000000000800bd42                UART_WaitOnFlagUntilTimeout
 *fill*         0x000000000800beca        0x2 
 .text.FMC_SDRAM_Init
                0x000000000800becc       0xb8 ./Drivers/STM32F7xx_HAL_Driver/Src/stm32f7xx_ll_fmc.o
                0x000000000800becc                FMC_SDRAM_Init
 .text.FMC_SDRAM_Timing_Init
                0x000000000800bf84       0xd4 ./Drivers/STM32F7xx_HAL_Driver/Src/stm32f7xx_ll_fmc.o
                0x000000000800bf84                FMC_SDRAM_Timing_Init
 .text.FMC_SDRAM_SendCommand
                0x000000000800c058       0x48 ./Drivers/STM32F7xx_HAL_Driver/Src/stm32f7xx_ll_fmc.o
                0x000000000800c058                FMC_SDRAM_SendCommand
 .text.FMC_SDRAM_ProgramRefreshRate
                0x000000000800c0a0       0x30 ./Drivers/STM32F7xx_HAL_Driver/Src/stm32f7xx_ll_fmc.o
                0x000000000800c0a0                FMC_SDRAM_ProgramRefreshRate
 .text.makeFreeRtosPriority
                0x000000000800c0d0       0x30 ./Middlewares/Third_Party/FreeRTOS/Source/CMSIS_RTOS/cmsis_os.o
 .text.osThreadCreate
                0x000000000800c100       0x98 ./Middlewares/Third_Party/FreeRTOS/Source/CMSIS_RTOS/cmsis_os.o
                0x000000000800c100                osThreadCreate
 .text.osDelay  0x000000000800c198       0x28 ./Middlewares/Third_Party/FreeRTOS/Source/CMSIS_RTOS/cmsis_os.o
                0x000000000800c198                osDelay
 .text.vListInitialise
                0x000000000800c1c0       0x40 ./Middlewares/Third_Party/FreeRTOS/Source/list.o
                0x000000000800c1c0                vListInitialise
 .text.vListInitialiseItem
                0x000000000800c200       0x1a ./Middlewares/Third_Party/FreeRTOS/Source/list.o
                0x000000000800c200                vListInitialiseItem
 .text.vListInsertEnd
                0x000000000800c21a       0x48 ./Middlewares/Third_Party/FreeRTOS/Source/list.o
                0x000000000800c21a                vListInsertEnd
 .text.vListInsert
                0x000000000800c262       0x72 ./Middlewares/Third_Party/FreeRTOS/Source/list.o
                0x000000000800c262                vListInsert
 .text.uxListRemove
                0x000000000800c2d4       0x54 ./Middlewares/Third_Party/FreeRTOS/Source/list.o
                0x000000000800c2d4                uxListRemove
 .text.xTaskCreateStatic
                0x000000000800c328       0xc6 ./Middlewares/Third_Party/FreeRTOS/Source/tasks.o
                0x000000000800c328                xTaskCreateStatic
 .text.xTaskCreate
                0x000000000800c3ee       0x8a ./Middlewares/Third_Party/FreeRTOS/Source/tasks.o
                0x000000000800c3ee                xTaskCreate
 .text.prvInitialiseNewTask
                0x000000000800c478      0x140 ./Middlewares/Third_Party/FreeRTOS/Source/tasks.o
 .text.prvAddNewTaskToReadyList
                0x000000000800c5b8       0xd4 ./Middlewares/Third_Party/FreeRTOS/Source/tasks.o
 .text.vTaskDelay
                0x000000000800c68c       0x6c ./Middlewares/Third_Party/FreeRTOS/Source/tasks.o
                0x000000000800c68c                vTaskDelay
 .text.vTaskSuspendAll
                0x000000000800c6f8       0x1c ./Middlewares/Third_Party/FreeRTOS/Source/tasks.o
                0x000000000800c6f8                vTaskSuspendAll
 .text.xTaskResumeAll
                0x000000000800c714      0x13c ./Middlewares/Third_Party/FreeRTOS/Source/tasks.o
                0x000000000800c714                xTaskResumeAll
 .text.xTaskIncrementTick
                0x000000000800c850      0x174 ./Middlewares/Third_Party/FreeRTOS/Source/tasks.o
                0x000000000800c850                xTaskIncrementTick
 .text.vTaskSwitchContext
                0x000000000800c9c4       0xc8 ./Middlewares/Third_Party/FreeRTOS/Source/tasks.o
                0x000000000800c9c4                vTaskSwitchContext
 .text.prvInitialiseTaskLists
                0x000000000800ca8c       0x80 ./Middlewares/Third_Party/FreeRTOS/Source/tasks.o
 .text.prvResetNextTaskUnblockTime
                0x000000000800cb0c       0x40 ./Middlewares/Third_Party/FreeRTOS/Source/tasks.o
 .text.prvAddCurrentTaskToDelayedList
                0x000000000800cb4c       0xcc ./Middlewares/Third_Party/FreeRTOS/Source/tasks.o
 .text.pxPortInitialiseStack
                0x000000000800cc18       0x68 ./Middlewares/Third_Party/FreeRTOS/Source/portable/GCC/ARM_CM7/r0p1/port.o
                0x000000000800cc18                pxPortInitialiseStack
 .text.prvTaskExitError
                0x000000000800cc80       0x60 ./Middlewares/Third_Party/FreeRTOS/Source/portable/GCC/ARM_CM7/r0p1/port.o
 .text.SVC_Handler
                0x000000000800cce0       0x28 ./Middlewares/Third_Party/FreeRTOS/Source/portable/GCC/ARM_CM7/r0p1/port.o
                0x000000000800cce0                SVC_Handler
 .text.vPortEnterCritical
                0x000000000800cd08       0x68 ./Middlewares/Third_Party/FreeRTOS/Source/portable/GCC/ARM_CM7/r0p1/port.o
                0x000000000800cd08                vPortEnterCritical
 .text.vPortExitCritical
                0x000000000800cd70       0x58 ./Middlewares/Third_Party/FreeRTOS/Source/portable/GCC/ARM_CM7/r0p1/port.o
                0x000000000800cd70                vPortExitCritical
 *fill*         0x000000000800cdc8        0x8 
 .text.PendSV_Handler
                0x000000000800cdd0       0x68 ./Middlewares/Third_Party/FreeRTOS/Source/portable/GCC/ARM_CM7/r0p1/port.o
                0x000000000800cdd0                PendSV_Handler
 .text.SysTick_Handler
                0x000000000800ce38       0x48 ./Middlewares/Third_Party/FreeRTOS/Source/portable/GCC/ARM_CM7/r0p1/port.o
                0x000000000800ce38                SysTick_Handler
 .text.pvPortMalloc
                0x000000000800ce80      0x194 ./Middlewares/Third_Party/FreeRTOS/Source/portable/MemMang/heap_4.o
                0x000000000800ce80                pvPortMalloc
 .text.vPortFree
                0x000000000800d014       0xbc ./Middlewares/Third_Party/FreeRTOS/Source/portable/MemMang/heap_4.o
                0x000000000800d014                vPortFree
 .text.prvHeapInit
                0x000000000800d0d0       0xc4 ./Middlewares/Third_Party/FreeRTOS/Source/portable/MemMang/heap_4.o
 .text.prvInsertBlockIntoFreeList
                0x000000000800d194       0xb4 ./Middlewares/Third_Party/FreeRTOS/Source/portable/MemMang/heap_4.o
 .text.clock    0x000000000800d248       0x28 c:/st/stm32cubeide_1.8.0/stm32cubeide/plugins/com.st.stm32cube.ide.mcu.externaltools.gnu-tools-for-stm32.9-2020-q2-update.win32_2.0.0.202105311346/tools/bin/../lib/gcc/arm-none-eabi/9.3.1/../../../../arm-none-eabi/lib/thumb/v7e-m+fp/hard\libc_nano.a(lib_a-clock.o)
                0x000000000800d248                clock
 .text.__errno  0x000000000800d270        0xc c:/st/stm32cubeide_1.8.0/stm32cubeide/plugins/com.st.stm32cube.ide.mcu.externaltools.gnu-tools-for-stm32.9-2020-q2-update.win32_2.0.0.202105311346/tools/bin/../lib/gcc/arm-none-eabi/9.3.1/../../../../arm-none-eabi/lib/thumb/v7e-m+fp/hard\libc_nano.a(lib_a-errno.o)
                0x000000000800d270                __errno
 .text.__libc_init_array
                0x000000000800d27c       0x48 c:/st/stm32cubeide_1.8.0/stm32cubeide/plugins/com.st.stm32cube.ide.mcu.externaltools.gnu-tools-for-stm32.9-2020-q2-update.win32_2.0.0.202105311346/tools/bin/../lib/gcc/arm-none-eabi/9.3.1/../../../../arm-none-eabi/lib/thumb/v7e-m+fp/hard\libc_nano.a(lib_a-init.o)
                0x000000000800d27c                __libc_init_array
 .text.__retarget_lock_acquire_recursive
                0x000000000800d2c4        0x2 c:/st/stm32cubeide_1.8.0/stm32cubeide/plugins/com.st.stm32cube.ide.mcu.externaltools.gnu-tools-for-stm32.9-2020-q2-update.win32_2.0.0.202105311346/tools/bin/../lib/gcc/arm-none-eabi/9.3.1/../../../../arm-none-eabi/lib/thumb/v7e-m+fp/hard\libc_nano.a(lib_a-lock.o)
                0x000000000800d2c4                __retarget_lock_acquire_recursive
 .text.__retarget_lock_release_recursive
                0x000000000800d2c6        0x2 c:/st/stm32cubeide_1.8.0/stm32cubeide/plugins/com.st.stm32cube.ide.mcu.externaltools.gnu-tools-for-stm32.9-2020-q2-update.win32_2.0.0.202105311346/tools/bin/../lib/gcc/arm-none-eabi/9.3.1/../../../../arm-none-eabi/lib/thumb/v7e-m+fp/hard\libc_nano.a(lib_a-lock.o)
                0x000000000800d2c6                __retarget_lock_release_recursive
 .text.memcpy   0x000000000800d2c8       0x1c c:/st/stm32cubeide_1.8.0/stm32cubeide/plugins/com.st.stm32cube.ide.mcu.externaltools.gnu-tools-for-stm32.9-2020-q2-update.win32_2.0.0.202105311346/tools/bin/../lib/gcc/arm-none-eabi/9.3.1/../../../../arm-none-eabi/lib/thumb/v7e-m+fp/hard\libc_nano.a(lib_a-memcpy-stub.o)
                0x000000000800d2c8                memcpy
 .text.memset   0x000000000800d2e4       0x10 c:/st/stm32cubeide_1.8.0/stm32cubeide/plugins/com.st.stm32cube.ide.mcu.externaltools.gnu-tools-for-stm32.9-2020-q2-update.win32_2.0.0.202105311346/tools/bin/../lib/gcc/arm-none-eabi/9.3.1/../../../../arm-none-eabi/lib/thumb/v7e-m+fp/hard\libc_nano.a(lib_a-memset.o)
                0x000000000800d2e4                memset
 .text._malloc_r
                0x000000000800d2f4       0xb4 c:/st/stm32cubeide_1.8.0/stm32cubeide/plugins/com.st.stm32cube.ide.mcu.externaltools.gnu-tools-for-stm32.9-2020-q2-update.win32_2.0.0.202105311346/tools/bin/../lib/gcc/arm-none-eabi/9.3.1/../../../../arm-none-eabi/lib/thumb/v7e-m+fp/hard\libc_nano.a(lib_a-nano-mallocr.o)
                0x000000000800d2f4                _malloc_r
 .text._sbrk_r  0x000000000800d3a8       0x20 c:/st/stm32cubeide_1.8.0/stm32cubeide/plugins/com.st.stm32cube.ide.mcu.externaltools.gnu-tools-for-stm32.9-2020-q2-update.win32_2.0.0.202105311346/tools/bin/../lib/gcc/arm-none-eabi/9.3.1/../../../../arm-none-eabi/lib/thumb/v7e-m+fp/hard\libc_nano.a(lib_a-sbrkr.o)
                0x000000000800d3a8                _sbrk_r
 .text.sprintf  0x000000000800d3c8       0x40 c:/st/stm32cubeide_1.8.0/stm32cubeide/plugins/com.st.stm32cube.ide.mcu.externaltools.gnu-tools-for-stm32.9-2020-q2-update.win32_2.0.0.202105311346/tools/bin/../lib/gcc/arm-none-eabi/9.3.1/../../../../arm-none-eabi/lib/thumb/v7e-m+fp/hard\libc_nano.a(lib_a-sprintf.o)
                0x000000000800d3c8                siprintf
                0x000000000800d3c8                sprintf
 .text._times_r
                0x000000000800d408        0x6 c:/st/stm32cubeide_1.8.0/stm32cubeide/plugins/com.st.stm32cube.ide.mcu.externaltools.gnu-tools-for-stm32.9-2020-q2-update.win32_2.0.0.202105311346/tools/bin/../lib/gcc/arm-none-eabi/9.3.1/../../../../arm-none-eabi/lib/thumb/v7e-m+fp/hard\libc_nano.a(lib_a-timesr.o)
                0x000000000800d408                _times_r
 *fill*         0x000000000800d40e        0x2 
 .text.__malloc_lock
                0x000000000800d410        0xc c:/st/stm32cubeide_1.8.0/stm32cubeide/plugins/com.st.stm32cube.ide.mcu.externaltools.gnu-tools-for-stm32.9-2020-q2-update.win32_2.0.0.202105311346/tools/bin/../lib/gcc/arm-none-eabi/9.3.1/../../../../arm-none-eabi/lib/thumb/v7e-m+fp/hard\libc_nano.a(lib_a-mlock.o)
                0x000000000800d410                __malloc_lock
 .text.__malloc_unlock
                0x000000000800d41c        0xc c:/st/stm32cubeide_1.8.0/stm32cubeide/plugins/com.st.stm32cube.ide.mcu.externaltools.gnu-tools-for-stm32.9-2020-q2-update.win32_2.0.0.202105311346/tools/bin/../lib/gcc/arm-none-eabi/9.3.1/../../../../arm-none-eabi/lib/thumb/v7e-m+fp/hard\libc_nano.a(lib_a-mlock.o)
                0x000000000800d41c                __malloc_unlock
 .text._free_r  0x000000000800d428       0xa0 c:/st/stm32cubeide_1.8.0/stm32cubeide/plugins/com.st.stm32cube.ide.mcu.externaltools.gnu-tools-for-stm32.9-2020-q2-update.win32_2.0.0.202105311346/tools/bin/../lib/gcc/arm-none-eabi/9.3.1/../../../../arm-none-eabi/lib/thumb/v7e-m+fp/hard\libc_nano.a(lib_a-nano-freer.o)
                0x000000000800d428                _free_r
 .text.__ssputs_r
                0x000000000800d4c8       0xb6 c:/st/stm32cubeide_1.8.0/stm32cubeide/plugins/com.st.stm32cube.ide.mcu.externaltools.gnu-tools-for-stm32.9-2020-q2-update.win32_2.0.0.202105311346/tools/bin/../lib/gcc/arm-none-eabi/9.3.1/../../../../arm-none-eabi/lib/thumb/v7e-m+fp/hard\libc_nano.a(lib_a-nano-svfprintf.o)
                0x000000000800d4c8                __ssputs_r
 *fill*         0x000000000800d57e        0x2 
 .text._svfprintf_r
                0x000000000800d580      0x200 c:/st/stm32cubeide_1.8.0/stm32cubeide/plugins/com.st.stm32cube.ide.mcu.externaltools.gnu-tools-for-stm32.9-2020-q2-update.win32_2.0.0.202105311346/tools/bin/../lib/gcc/arm-none-eabi/9.3.1/../../../../arm-none-eabi/lib/thumb/v7e-m+fp/hard\libc_nano.a(lib_a-nano-svfprintf.o)
                0x000000000800d580                _svfiprintf_r
                0x000000000800d580                _svfprintf_r
 .text._printf_common
                0x000000000800d780       0xda c:/st/stm32cubeide_1.8.0/stm32cubeide/plugins/com.st.stm32cube.ide.mcu.externaltools.gnu-tools-for-stm32.9-2020-q2-update.win32_2.0.0.202105311346/tools/bin/../lib/gcc/arm-none-eabi/9.3.1/../../../../arm-none-eabi/lib/thumb/v7e-m+fp/hard\libc_nano.a(lib_a-nano-vfprintf_i.o)
                0x000000000800d780                _printf_common
 *fill*         0x000000000800d85a        0x2 
 .text._printf_i
                0x000000000800d85c      0x24c c:/st/stm32cubeide_1.8.0/stm32cubeide/plugins/com.st.stm32cube.ide.mcu.externaltools.gnu-tools-for-stm32.9-2020-q2-update.win32_2.0.0.202105311346/tools/bin/../lib/gcc/arm-none-eabi/9.3.1/../../../../arm-none-eabi/lib/thumb/v7e-m+fp/hard\libc_nano.a(lib_a-nano-vfprintf_i.o)
                0x000000000800d85c                _printf_i
 .text.memmove  0x000000000800daa8       0x34 c:/st/stm32cubeide_1.8.0/stm32cubeide/plugins/com.st.stm32cube.ide.mcu.externaltools.gnu-tools-for-stm32.9-2020-q2-update.win32_2.0.0.202105311346/tools/bin/../lib/gcc/arm-none-eabi/9.3.1/../../../../arm-none-eabi/lib/thumb/v7e-m+fp/hard\libc_nano.a(lib_a-memmove.o)
                0x000000000800daa8                memmove
 .text._realloc_r
                0x000000000800dadc       0x4c c:/st/stm32cubeide_1.8.0/stm32cubeide/plugins/com.st.stm32cube.ide.mcu.externaltools.gnu-tools-for-stm32.9-2020-q2-update.win32_2.0.0.202105311346/tools/bin/../lib/gcc/arm-none-eabi/9.3.1/../../../../arm-none-eabi/lib/thumb/v7e-m+fp/hard\libc_nano.a(lib_a-nano-reallocr.o)
                0x000000000800dadc                _realloc_r
 .text._malloc_usable_size_r
                0x000000000800db28       0x10 c:/st/stm32cubeide_1.8.0/stm32cubeide/plugins/com.st.stm32cube.ide.mcu.externaltools.gnu-tools-for-stm32.9-2020-q2-update.win32_2.0.0.202105311346/tools/bin/../lib/gcc/arm-none-eabi/9.3.1/../../../../arm-none-eabi/lib/thumb/v7e-m+fp/hard\libc_nano.a(lib_a-nano-msizer.o)
                0x000000000800db28                _malloc_usable_size_r
 .text.pow      0x000000000800db38      0x15c c:/st/stm32cubeide_1.8.0/stm32cubeide/plugins/com.st.stm32cube.ide.mcu.externaltools.gnu-tools-for-stm32.9-2020-q2-update.win32_2.0.0.202105311346/tools/bin/../lib/gcc/arm-none-eabi/9.3.1/../../../../arm-none-eabi/lib/thumb/v7e-m+fp/hard\libm.a(lib_a-w_pow.o)
                0x000000000800db38                pow
 *fill*         0x000000000800dc94        0x4 
 .text.__ieee754_pow
                0x000000000800dc98      0xa44 c:/st/stm32cubeide_1.8.0/stm32cubeide/plugins/com.st.stm32cube.ide.mcu.externaltools.gnu-tools-for-stm32.9-2020-q2-update.win32_2.0.0.202105311346/tools/bin/../lib/gcc/arm-none-eabi/9.3.1/../../../../arm-none-eabi/lib/thumb/v7e-m+fp/hard\libm.a(lib_a-e_pow.o)
                0x000000000800dc98                __ieee754_pow
 .text.__ieee754_sqrt
                0x000000000800e6dc      0x168 c:/st/stm32cubeide_1.8.0/stm32cubeide/plugins/com.st.stm32cube.ide.mcu.externaltools.gnu-tools-for-stm32.9-2020-q2-update.win32_2.0.0.202105311346/tools/bin/../lib/gcc/arm-none-eabi/9.3.1/../../../../arm-none-eabi/lib/thumb/v7e-m+fp/hard\libm.a(lib_a-e_sqrt.o)
                0x000000000800e6dc                __ieee754_sqrt
 .text.fabs     0x000000000800e844       0x12 c:/st/stm32cubeide_1.8.0/stm32cubeide/plugins/com.st.stm32cube.ide.mcu.externaltools.gnu-tools-for-stm32.9-2020-q2-update.win32_2.0.0.202105311346/tools/bin/../lib/gcc/arm-none-eabi/9.3.1/../../../../arm-none-eabi/lib/thumb/v7e-m+fp/hard\libm.a(lib_a-s_fabs.o)
                0x000000000800e844                fabs
 .text.finite   0x000000000800e856       0x16 c:/st/stm32cubeide_1.8.0/stm32cubeide/plugins/com.st.stm32cube.ide.mcu.externaltools.gnu-tools-for-stm32.9-2020-q2-update.win32_2.0.0.202105311346/tools/bin/../lib/gcc/arm-none-eabi/9.3.1/../../../../arm-none-eabi/lib/thumb/v7e-m+fp/hard\libm.a(lib_a-s_finite.o)
                0x000000000800e856                finite
 *fill*         0x000000000800e86c        0x4 
 .text.nan      0x000000000800e870       0x10 c:/st/stm32cubeide_1.8.0/stm32cubeide/plugins/com.st.stm32cube.ide.mcu.externaltools.gnu-tools-for-stm32.9-2020-q2-update.win32_2.0.0.202105311346/tools/bin/../lib/gcc/arm-none-eabi/9.3.1/../../../../arm-none-eabi/lib/thumb/v7e-m+fp/hard\libm.a(lib_a-s_nan.o)
                0x000000000800e870                nan
 .text.rint     0x000000000800e880      0x114 c:/st/stm32cubeide_1.8.0/stm32cubeide/plugins/com.st.stm32cube.ide.mcu.externaltools.gnu-tools-for-stm32.9-2020-q2-update.win32_2.0.0.202105311346/tools/bin/../lib/gcc/arm-none-eabi/9.3.1/../../../../arm-none-eabi/lib/thumb/v7e-m+fp/hard\libm.a(lib_a-s_rint.o)
                0x000000000800e880                rint
 *fill*         0x000000000800e994        0x4 
 .text.scalbn   0x000000000800e998      0x10c c:/st/stm32cubeide_1.8.0/stm32cubeide/plugins/com.st.stm32cube.ide.mcu.externaltools.gnu-tools-for-stm32.9-2020-q2-update.win32_2.0.0.202105311346/tools/bin/../lib/gcc/arm-none-eabi/9.3.1/../../../../arm-none-eabi/lib/thumb/v7e-m+fp/hard\libm.a(lib_a-s_scalbn.o)
                0x000000000800e998                scalbn
 *(.glue_7)
 .glue_7        0x000000000800eaa4        0x0 linker stubs
 *(.glue_7t)
 .glue_7t       0x000000000800eaa4        0x0 linker stubs
 *(.eh_frame)
 .eh_frame      0x000000000800eaa4        0x0 c:/st/stm32cubeide_1.8.0/stm32cubeide/plugins/com.st.stm32cube.ide.mcu.externaltools.gnu-tools-for-stm32.9-2020-q2-update.win32_2.0.0.202105311346/tools/bin/../lib/gcc/arm-none-eabi/9.3.1/thumb/v7e-m+fp/hard/crtbegin.o
 *(.init)
 .init          0x000000000800eaa4        0x4 c:/st/stm32cubeide_1.8.0/stm32cubeide/plugins/com.st.stm32cube.ide.mcu.externaltools.gnu-tools-for-stm32.9-2020-q2-update.win32_2.0.0.202105311346/tools/bin/../lib/gcc/arm-none-eabi/9.3.1/thumb/v7e-m+fp/hard/crti.o
                0x000000000800eaa4                _init
 .init          0x000000000800eaa8        0x8 c:/st/stm32cubeide_1.8.0/stm32cubeide/plugins/com.st.stm32cube.ide.mcu.externaltools.gnu-tools-for-stm32.9-2020-q2-update.win32_2.0.0.202105311346/tools/bin/../lib/gcc/arm-none-eabi/9.3.1/thumb/v7e-m+fp/hard/crtn.o
 *(.fini)
 .fini          0x000000000800eab0        0x4 c:/st/stm32cubeide_1.8.0/stm32cubeide/plugins/com.st.stm32cube.ide.mcu.externaltools.gnu-tools-for-stm32.9-2020-q2-update.win32_2.0.0.202105311346/tools/bin/../lib/gcc/arm-none-eabi/9.3.1/thumb/v7e-m+fp/hard/crti.o
                0x000000000800eab0                _fini
 .fini          0x000000000800eab4        0x8 c:/st/stm32cubeide_1.8.0/stm32cubeide/plugins/com.st.stm32cube.ide.mcu.externaltools.gnu-tools-for-stm32.9-2020-q2-update.win32_2.0.0.202105311346/tools/bin/../lib/gcc/arm-none-eabi/9.3.1/thumb/v7e-m+fp/hard/crtn.o
                0x000000000800eabc                . = ALIGN (0x4)
                0x000000000800eabc                _etext = .

.vfp11_veneer   0x000000000800eabc        0x0
 .vfp11_veneer  0x000000000800eabc        0x0 linker stubs

.v4_bx          0x000000000800eabc        0x0
 .v4_bx         0x000000000800eabc        0x0 linker stubs

.iplt           0x000000000800eabc        0x0
 .iplt          0x000000000800eabc        0x0 c:/st/stm32cubeide_1.8.0/stm32cubeide/plugins/com.st.stm32cube.ide.mcu.externaltools.gnu-tools-for-stm32.9-2020-q2-update.win32_2.0.0.202105311346/tools/bin/../lib/gcc/arm-none-eabi/9.3.1/thumb/v7e-m+fp/hard/crtbegin.o

.rodata         0x000000000800eac0    0x80d18
                0x000000000800eac0                . = ALIGN (0x4)
 *(.rodata)
 .rodata        0x000000000800eac0      0x363 ./Core/Src/main.o
 *(.rodata*)
 *fill*         0x000000000800ee23        0x1 
 .rodata.fondHexbmp_bmp
                0x000000000800ee24    0x3f4c6 ./Core/Src/main.o
                0x000000000800ee24                fondHexbmp_bmp
 *fill*         0x000000000804e2ea        0x2 
 .rodata.paused_bmp
                0x000000000804e2ec    0x3f4c6 ./Core/Src/main.o
                0x000000000804e2ec                paused_bmp
 *fill*         0x000000000808d7b2        0x2 
 .rodata.Font24_Table
                0x000000000808d7b4     0x1ab8 ./Core/Src/stm32746g_discovery_lcd.o
                0x000000000808d7b4                Font24_Table
 .rodata.Font12_Table
                0x000000000808f26c      0x474 ./Core/Src/stm32746g_discovery_lcd.o
                0x000000000808f26c                Font12_Table
 .rodata.AHBPrescTable
                0x000000000808f6e0       0x10 ./Core/Src/system_stm32f7xx.o
                0x000000000808f6e0                AHBPrescTable
 .rodata.APBPrescTable
                0x000000000808f6f0        0x8 ./Core/Src/system_stm32f7xx.o
                0x000000000808f6f0                APBPrescTable
 .rodata.flagBitshiftOffset.10101
                0x000000000808f6f8        0x8 ./Drivers/STM32F7xx_HAL_Driver/Src/stm32f7xx_hal_dma.o
 .rodata.__sf_fake_stderr
                0x000000000808f700       0x20 c:/st/stm32cubeide_1.8.0/stm32cubeide/plugins/com.st.stm32cube.ide.mcu.externaltools.gnu-tools-for-stm32.9-2020-q2-update.win32_2.0.0.202105311346/tools/bin/../lib/gcc/arm-none-eabi/9.3.1/../../../../arm-none-eabi/lib/thumb/v7e-m+fp/hard\libc_nano.a(lib_a-findfp.o)
                0x000000000808f700                __sf_fake_stderr
 .rodata.__sf_fake_stdin
                0x000000000808f720       0x20 c:/st/stm32cubeide_1.8.0/stm32cubeide/plugins/com.st.stm32cube.ide.mcu.externaltools.gnu-tools-for-stm32.9-2020-q2-update.win32_2.0.0.202105311346/tools/bin/../lib/gcc/arm-none-eabi/9.3.1/../../../../arm-none-eabi/lib/thumb/v7e-m+fp/hard\libc_nano.a(lib_a-findfp.o)
                0x000000000808f720                __sf_fake_stdin
 .rodata.__sf_fake_stdout
                0x000000000808f740       0x20 c:/st/stm32cubeide_1.8.0/stm32cubeide/plugins/com.st.stm32cube.ide.mcu.externaltools.gnu-tools-for-stm32.9-2020-q2-update.win32_2.0.0.202105311346/tools/bin/../lib/gcc/arm-none-eabi/9.3.1/../../../../arm-none-eabi/lib/thumb/v7e-m+fp/hard\libc_nano.a(lib_a-findfp.o)
                0x000000000808f740                __sf_fake_stdout
 .rodata._svfprintf_r.str1.1
                0x000000000808f760       0x11 c:/st/stm32cubeide_1.8.0/stm32cubeide/plugins/com.st.stm32cube.ide.mcu.externaltools.gnu-tools-for-stm32.9-2020-q2-update.win32_2.0.0.202105311346/tools/bin/../lib/gcc/arm-none-eabi/9.3.1/../../../../arm-none-eabi/lib/thumb/v7e-m+fp/hard\libc_nano.a(lib_a-nano-svfprintf.o)
 .rodata._printf_i.str1.1
                0x000000000808f771       0x22 c:/st/stm32cubeide_1.8.0/stm32cubeide/plugins/com.st.stm32cube.ide.mcu.externaltools.gnu-tools-for-stm32.9-2020-q2-update.win32_2.0.0.202105311346/tools/bin/../lib/gcc/arm-none-eabi/9.3.1/../../../../arm-none-eabi/lib/thumb/v7e-m+fp/hard\libc_nano.a(lib_a-nano-vfprintf_i.o)
 .rodata.__ieee754_pow.str1.1
                0x000000000808f793       0x22 c:/st/stm32cubeide_1.8.0/stm32cubeide/plugins/com.st.stm32cube.ide.mcu.externaltools.gnu-tools-for-stm32.9-2020-q2-update.win32_2.0.0.202105311346/tools/bin/../lib/gcc/arm-none-eabi/9.3.1/../../../../arm-none-eabi/lib/thumb/v7e-m+fp/hard\libm.a(lib_a-e_pow.o)
                                          0x1 (size before relaxing)
 *fill*         0x000000000808f793        0x5 
 .rodata.bp     0x000000000808f798       0x10 c:/st/stm32cubeide_1.8.0/stm32cubeide/plugins/com.st.stm32cube.ide.mcu.externaltools.gnu-tools-for-stm32.9-2020-q2-update.win32_2.0.0.202105311346/tools/bin/../lib/gcc/arm-none-eabi/9.3.1/../../../../arm-none-eabi/lib/thumb/v7e-m+fp/hard\libm.a(lib_a-e_pow.o)
 .rodata.dp_h   0x000000000808f7a8       0x10 c:/st/stm32cubeide_1.8.0/stm32cubeide/plugins/com.st.stm32cube.ide.mcu.externaltools.gnu-tools-for-stm32.9-2020-q2-update.win32_2.0.0.202105311346/tools/bin/../lib/gcc/arm-none-eabi/9.3.1/../../../../arm-none-eabi/lib/thumb/v7e-m+fp/hard\libm.a(lib_a-e_pow.o)
 .rodata.dp_l   0x000000000808f7b8       0x10 c:/st/stm32cubeide_1.8.0/stm32cubeide/plugins/com.st.stm32cube.ide.mcu.externaltools.gnu-tools-for-stm32.9-2020-q2-update.win32_2.0.0.202105311346/tools/bin/../lib/gcc/arm-none-eabi/9.3.1/../../../../arm-none-eabi/lib/thumb/v7e-m+fp/hard\libm.a(lib_a-e_pow.o)
 .rodata.TWO52  0x000000000808f7c8       0x10 c:/st/stm32cubeide_1.8.0/stm32cubeide/plugins/com.st.stm32cube.ide.mcu.externaltools.gnu-tools-for-stm32.9-2020-q2-update.win32_2.0.0.202105311346/tools/bin/../lib/gcc/arm-none-eabi/9.3.1/../../../../arm-none-eabi/lib/thumb/v7e-m+fp/hard\libm.a(lib_a-s_rint.o)
                0x000000000808f7d8                . = ALIGN (0x4)

.ARM.extab      0x000000000808f7d8        0x0
                0x000000000808f7d8                . = ALIGN (0x4)
 *(.ARM.extab* .gnu.linkonce.armextab.*)
                0x000000000808f7d8                . = ALIGN (0x4)

.ARM            0x000000000808f7d8        0x8
                0x000000000808f7d8                . = ALIGN (0x4)
                0x000000000808f7d8                __exidx_start = .
 *(.ARM.exidx*)
 .ARM.exidx     0x000000000808f7d8        0x8 c:/st/stm32cubeide_1.8.0/stm32cubeide/plugins/com.st.stm32cube.ide.mcu.externaltools.gnu-tools-for-stm32.9-2020-q2-update.win32_2.0.0.202105311346/tools/bin/../lib/gcc/arm-none-eabi/9.3.1/thumb/v7e-m+fp/hard\libgcc.a(_udivmoddi4.o)
                0x000000000808f7e0                __exidx_end = .
                0x000000000808f7e0                . = ALIGN (0x4)

.rel.dyn        0x000000000808f7e0        0x0
 .rel.iplt      0x000000000808f7e0        0x0 c:/st/stm32cubeide_1.8.0/stm32cubeide/plugins/com.st.stm32cube.ide.mcu.externaltools.gnu-tools-for-stm32.9-2020-q2-update.win32_2.0.0.202105311346/tools/bin/../lib/gcc/arm-none-eabi/9.3.1/thumb/v7e-m+fp/hard/crtbegin.o

.preinit_array  0x000000000808f7e0        0x0
                0x000000000808f7e0                . = ALIGN (0x4)
                0x000000000808f7e0                PROVIDE (__preinit_array_start = .)
 *(.preinit_array*)
                0x000000000808f7e0                PROVIDE (__preinit_array_end = .)
                0x000000000808f7e0                . = ALIGN (0x4)

.init_array     0x000000000808f7e0        0x4
                0x000000000808f7e0                . = ALIGN (0x4)
                0x000000000808f7e0                PROVIDE (__init_array_start = .)
 *(SORT_BY_NAME(.init_array.*))
 *(.init_array*)
 .init_array    0x000000000808f7e0        0x4 c:/st/stm32cubeide_1.8.0/stm32cubeide/plugins/com.st.stm32cube.ide.mcu.externaltools.gnu-tools-for-stm32.9-2020-q2-update.win32_2.0.0.202105311346/tools/bin/../lib/gcc/arm-none-eabi/9.3.1/thumb/v7e-m+fp/hard/crtbegin.o
                0x000000000808f7e4                PROVIDE (__init_array_end = .)
                0x000000000808f7e4                . = ALIGN (0x4)

.fini_array     0x000000000808f7e4        0x4
                0x000000000808f7e4                . = ALIGN (0x4)
                [!provide]                        PROVIDE (__fini_array_start = .)
 *(SORT_BY_NAME(.fini_array.*))
 *(.fini_array*)
 .fini_array    0x000000000808f7e4        0x4 c:/st/stm32cubeide_1.8.0/stm32cubeide/plugins/com.st.stm32cube.ide.mcu.externaltools.gnu-tools-for-stm32.9-2020-q2-update.win32_2.0.0.202105311346/tools/bin/../lib/gcc/arm-none-eabi/9.3.1/thumb/v7e-m+fp/hard/crtbegin.o
                [!provide]                        PROVIDE (__fini_array_end = .)
                0x000000000808f7e8                . = ALIGN (0x4)
                0x000000000808f7e8                _sidata = LOADADDR (.data)

.data           0x0000000020000000       0xb8 load address 0x000000000808f7e8
                0x0000000020000000                . = ALIGN (0x4)
                0x0000000020000000                _sdata = .
 *(.data)
 *(.data*)
 .data.ft5336_ts_drv
                0x0000000020000000       0x28 ./Core/Src/ft5336.o
                0x0000000020000000                ft5336_ts_drv
 .data.pfill    0x0000000020000028        0x4 ./Core/Src/main.o
                0x0000000020000028                pfill
 .data.Font24   0x000000002000002c        0x8 ./Core/Src/stm32746g_discovery_lcd.o
                0x000000002000002c                Font24
 .data.Font12   0x0000000020000034        0x8 ./Core/Src/stm32746g_discovery_lcd.o
                0x0000000020000034                Font12
 .data.sdramstatus.10017
                0x000000002000003c        0x1 ./Core/Src/stm32746g_discovery_sdram.o
 *fill*         0x000000002000003d        0x3 
 .data.SystemCoreClock
                0x0000000020000040        0x4 ./Core/Src/system_stm32f7xx.o
                0x0000000020000040                SystemCoreClock
 .data.uwTickPrio
                0x0000000020000044        0x4 ./Drivers/STM32F7xx_HAL_Driver/Src/stm32f7xx_hal.o
                0x0000000020000044                uwTickPrio
 .data.uwTickFreq
                0x0000000020000048        0x1 ./Drivers/STM32F7xx_HAL_Driver/Src/stm32f7xx_hal.o
                0x0000000020000048                uwTickFreq
 *fill*         0x0000000020000049        0x3 
 .data.uxCriticalNesting
                0x000000002000004c        0x4 ./Middlewares/Third_Party/FreeRTOS/Source/portable/GCC/ARM_CM7/r0p1/port.o
 .data._impure_ptr
                0x0000000020000050        0x4 c:/st/stm32cubeide_1.8.0/stm32cubeide/plugins/com.st.stm32cube.ide.mcu.externaltools.gnu-tools-for-stm32.9-2020-q2-update.win32_2.0.0.202105311346/tools/bin/../lib/gcc/arm-none-eabi/9.3.1/../../../../arm-none-eabi/lib/thumb/v7e-m+fp/hard\libc_nano.a(lib_a-impure.o)
                0x0000000020000050                _impure_ptr
 .data.impure_data
                0x0000000020000054       0x60 c:/st/stm32cubeide_1.8.0/stm32cubeide/plugins/com.st.stm32cube.ide.mcu.externaltools.gnu-tools-for-stm32.9-2020-q2-update.win32_2.0.0.202105311346/tools/bin/../lib/gcc/arm-none-eabi/9.3.1/../../../../arm-none-eabi/lib/thumb/v7e-m+fp/hard\libc_nano.a(lib_a-impure.o)
 .data.__fdlib_version
                0x00000000200000b4        0x1 c:/st/stm32cubeide_1.8.0/stm32cubeide/plugins/com.st.stm32cube.ide.mcu.externaltools.gnu-tools-for-stm32.9-2020-q2-update.win32_2.0.0.202105311346/tools/bin/../lib/gcc/arm-none-eabi/9.3.1/../../../../arm-none-eabi/lib/thumb/v7e-m+fp/hard\libm.a(lib_a-s_lib_ver.o)
                0x00000000200000b4                __fdlib_version
 *(.RamFunc)
 *(.RamFunc*)
                0x00000000200000b8                . = ALIGN (0x4)
 *fill*         0x00000000200000b5        0x3 
                0x00000000200000b8                _edata = .

.igot.plt       0x00000000200000b8        0x0 load address 0x000000000808f8a0
 .igot.plt      0x00000000200000b8        0x0 c:/st/stm32cubeide_1.8.0/stm32cubeide/plugins/com.st.stm32cube.ide.mcu.externaltools.gnu-tools-for-stm32.9-2020-q2-update.win32_2.0.0.202105311346/tools/bin/../lib/gcc/arm-none-eabi/9.3.1/thumb/v7e-m+fp/hard/crtbegin.o
                0x00000000200000b8                . = ALIGN (0x4)

.bss            0x00000000200000b8     0x4830 load address 0x000000000808f8a0
                0x00000000200000b8                _sbss = .
                0x00000000200000b8                __bss_start__ = _sbss
 *(.bss)
 .bss           0x00000000200000b8       0x1c c:/st/stm32cubeide_1.8.0/stm32cubeide/plugins/com.st.stm32cube.ide.mcu.externaltools.gnu-tools-for-stm32.9-2020-q2-update.win32_2.0.0.202105311346/tools/bin/../lib/gcc/arm-none-eabi/9.3.1/thumb/v7e-m+fp/hard/crtbegin.o
 *(.bss*)
 .bss.ft5336_handle
                0x00000000200000d4        0x3 ./Core/Src/ft5336.o
 *fill*         0x00000000200000d7        0x1 
 .bss.coord.5659
                0x00000000200000d8        0x2 ./Core/Src/ft5336.o
 *fill*         0x00000000200000da        0x2 
 .bss.compteurTab
                0x00000000200000dc        0x4 ./Core/Src/main.o
                0x00000000200000dc                compteurTab
 .bss.compteurRemplissage
                0x00000000200000e0        0x4 ./Core/Src/main.o
                0x00000000200000e0                compteurRemplissage
 .bss.compteurJoueurs
                0x00000000200000e4        0x4 ./Core/Src/main.o
                0x00000000200000e4                compteurJoueurs
 .bss.pause     0x00000000200000e8        0x4 ./Core/Src/main.o
                0x00000000200000e8                pause
 .bss.TSold     0x00000000200000ec        0x4 ./Core/Src/main.o
                0x00000000200000ec                TSold
 .bss.TS_State.12959
                0x00000000200000f0       0x2c ./Core/Src/main.o
 .bss.hI2cAudioHandler
                0x000000002000011c       0x4c ./Core/Src/stm32746g_discovery.o
 .bss.hDma2dHandler
                0x0000000020000168       0x40 ./Core/Src/stm32746g_discovery_lcd.o
 .bss.ActiveLayer
                0x00000000200001a8        0x4 ./Core/Src/stm32746g_discovery_lcd.o
 .bss.DrawProp  0x00000000200001ac       0x18 ./Core/Src/stm32746g_discovery_lcd.o
 .bss.periph_clk_init_struct.10604
                0x00000000200001c4       0x84 ./Core/Src/stm32746g_discovery_lcd.o
 .bss.Timing    0x0000000020000248       0x1c ./Core/Src/stm32746g_discovery_sdram.o
 .bss.Command   0x0000000020000264       0x10 ./Core/Src/stm32746g_discovery_sdram.o
 .bss.dma_handle.10053
                0x0000000020000274       0x60 ./Core/Src/stm32746g_discovery_sdram.o
 .bss.tsDriver  0x00000000200002d4        0x4 ./Core/Src/stm32746g_discovery_ts.o
 .bss.tsXBoundary
                0x00000000200002d8        0x2 ./Core/Src/stm32746g_discovery_ts.o
 .bss.tsYBoundary
                0x00000000200002da        0x2 ./Core/Src/stm32746g_discovery_ts.o
 .bss.tsOrientation
                0x00000000200002dc        0x1 ./Core/Src/stm32746g_discovery_ts.o
 .bss.I2cAddress
                0x00000000200002dd        0x1 ./Core/Src/stm32746g_discovery_ts.o
 *fill*         0x00000000200002de        0x2 
 .bss._x.10169  0x00000000200002e0       0x14 ./Core/Src/stm32746g_discovery_ts.o
 .bss._y.10170  0x00000000200002f4       0x14 ./Core/Src/stm32746g_discovery_ts.o
 .bss.FMC_Initialized
                0x0000000020000308        0x4 ./Core/Src/stm32f7xx_hal_msp.o
 .bss.__sbrk_heap_end
                0x000000002000030c        0x4 ./Core/Src/sysmem.o
 .bss.pxCurrentTCB
                0x0000000020000310        0x4 ./Middlewares/Third_Party/FreeRTOS/Source/tasks.o
                0x0000000020000310                pxCurrentTCB
 .bss.pxReadyTasksLists