Archive member included to satisfy reference by file (symbol)

c:/st/stm32cubeide_1.8.0/stm32cubeide/plugins/com.st.stm32cube.ide.mcu.externaltools.gnu-tools-for-stm32.9-2020-q2-update.win32_2.0.0.202105311346/tools/bin/../lib/gcc/arm-none-eabi/9.3.1/../../../../arm-none-eabi/lib/thumb/v7e-m+fp/hard\libc_nano.a(lib_a-errno.o)
                              ./Core/Src/syscalls.o (__errno)
c:/st/stm32cubeide_1.8.0/stm32cubeide/plugins/com.st.stm32cube.ide.mcu.externaltools.gnu-tools-for-stm32.9-2020-q2-update.win32_2.0.0.202105311346/tools/bin/../lib/gcc/arm-none-eabi/9.3.1/../../../../arm-none-eabi/lib/thumb/v7e-m+fp/hard\libc_nano.a(lib_a-exit.o)
                              c:/st/stm32cubeide_1.8.0/stm32cubeide/plugins/com.st.stm32cube.ide.mcu.externaltools.gnu-tools-for-stm32.9-2020-q2-update.win32_2.0.0.202105311346/tools/bin/../lib/gcc/arm-none-eabi/9.3.1/../../../../arm-none-eabi/lib/thumb/v7e-m+fp/hard/crt0.o (exit)
c:/st/stm32cubeide_1.8.0/stm32cubeide/plugins/com.st.stm32cube.ide.mcu.externaltools.gnu-tools-for-stm32.9-2020-q2-update.win32_2.0.0.202105311346/tools/bin/../lib/gcc/arm-none-eabi/9.3.1/../../../../arm-none-eabi/lib/thumb/v7e-m+fp/hard\libc_nano.a(lib_a-impure.o)
                              c:/st/stm32cubeide_1.8.0/stm32cubeide/plugins/com.st.stm32cube.ide.mcu.externaltools.gnu-tools-for-stm32.9-2020-q2-update.win32_2.0.0.202105311346/tools/bin/../lib/gcc/arm-none-eabi/9.3.1/../../../../arm-none-eabi/lib/thumb/v7e-m+fp/hard\libc_nano.a(lib_a-exit.o) (_global_impure_ptr)
c:/st/stm32cubeide_1.8.0/stm32cubeide/plugins/com.st.stm32cube.ide.mcu.externaltools.gnu-tools-for-stm32.9-2020-q2-update.win32_2.0.0.202105311346/tools/bin/../lib/gcc/arm-none-eabi/9.3.1/../../../../arm-none-eabi/lib/thumb/v7e-m+fp/hard\libc_nano.a(lib_a-init.o)
                              c:/st/stm32cubeide_1.8.0/stm32cubeide/plugins/com.st.stm32cube.ide.mcu.externaltools.gnu-tools-for-stm32.9-2020-q2-update.win32_2.0.0.202105311346/tools/bin/../lib/gcc/arm-none-eabi/9.3.1/../../../../arm-none-eabi/lib/thumb/v7e-m+fp/hard/crt0.o (__libc_init_array)
c:/st/stm32cubeide_1.8.0/stm32cubeide/plugins/com.st.stm32cube.ide.mcu.externaltools.gnu-tools-for-stm32.9-2020-q2-update.win32_2.0.0.202105311346/tools/bin/../lib/gcc/arm-none-eabi/9.3.1/../../../../arm-none-eabi/lib/thumb/v7e-m+fp/hard\libc_nano.a(lib_a-memset.o)
                              c:/st/stm32cubeide_1.8.0/stm32cubeide/plugins/com.st.stm32cube.ide.mcu.externaltools.gnu-tools-for-stm32.9-2020-q2-update.win32_2.0.0.202105311346/tools/bin/../lib/gcc/arm-none-eabi/9.3.1/../../../../arm-none-eabi/lib/thumb/v7e-m+fp/hard/crt0.o (memset)
c:/st/stm32cubeide_1.8.0/stm32cubeide/plugins/com.st.stm32cube.ide.mcu.externaltools.gnu-tools-for-stm32.9-2020-q2-update.win32_2.0.0.202105311346/tools/bin/../lib/gcc/arm-none-eabi/9.3.1/../../../../arm-none-eabi/lib/thumb/v7e-m+fp/hard\libc_nano.a(lib_a-sprintf.o)
                              ./Core/Src/main.o (sprintf)
c:/st/stm32cubeide_1.8.0/stm32cubeide/plugins/com.st.stm32cube.ide.mcu.externaltools.gnu-tools-for-stm32.9-2020-q2-update.win32_2.0.0.202105311346/tools/bin/../lib/gcc/arm-none-eabi/9.3.1/../../../../arm-none-eabi/lib/thumb/v7e-m+fp/hard\libc_nano.a(lib_a-nano-svfprintf.o)
                              c:/st/stm32cubeide_1.8.0/stm32cubeide/plugins/com.st.stm32cube.ide.mcu.externaltools.gnu-tools-for-stm32.9-2020-q2-update.win32_2.0.0.202105311346/tools/bin/../lib/gcc/arm-none-eabi/9.3.1/../../../../arm-none-eabi/lib/thumb/v7e-m+fp/hard\libc_nano.a(lib_a-sprintf.o) (_svfprintf_r)
c:/st/stm32cubeide_1.8.0/stm32cubeide/plugins/com.st.stm32cube.ide.mcu.externaltools.gnu-tools-for-stm32.9-2020-q2-update.win32_2.0.0.202105311346/tools/bin/../lib/gcc/arm-none-eabi/9.3.1/../../../../arm-none-eabi/lib/thumb/v7e-m+fp/hard\libc_nano.a(lib_a-nano-vfprintf_i.o)
                              c:/st/stm32cubeide_1.8.0/stm32cubeide/plugins/com.st.stm32cube.ide.mcu.externaltools.gnu-tools-for-stm32.9-2020-q2-update.win32_2.0.0.202105311346/tools/bin/../lib/gcc/arm-none-eabi/9.3.1/../../../../arm-none-eabi/lib/thumb/v7e-m+fp/hard\libc_nano.a(lib_a-nano-svfprintf.o) (_printf_i)
c:/st/stm32cubeide_1.8.0/stm32cubeide/plugins/com.st.stm32cube.ide.mcu.externaltools.gnu-tools-for-stm32.9-2020-q2-update.win32_2.0.0.202105311346/tools/bin/../lib/gcc/arm-none-eabi/9.3.1/../../../../arm-none-eabi/lib/thumb/v7e-m+fp/hard\libc_nano.a(lib_a-memchr.o)
                              c:/st/stm32cubeide_1.8.0/stm32cubeide/plugins/com.st.stm32cube.ide.mcu.externaltools.gnu-tools-for-stm32.9-2020-q2-update.win32_2.0.0.202105311346/tools/bin/../lib/gcc/arm-none-eabi/9.3.1/../../../../arm-none-eabi/lib/thumb/v7e-m+fp/hard\libc_nano.a(lib_a-nano-svfprintf.o) (memchr)
c:/st/stm32cubeide_1.8.0/stm32cubeide/plugins/com.st.stm32cube.ide.mcu.externaltools.gnu-tools-for-stm32.9-2020-q2-update.win32_2.0.0.202105311346/tools/bin/../lib/gcc/arm-none-eabi/9.3.1/../../../../arm-none-eabi/lib/thumb/v7e-m+fp/hard\libc_nano.a(lib_a-memcpy-stub.o)
[...]
Memory Configuration

Name             Origin             Length             Attributes
RAM              0x0000000020000000 0x0000000000050000 xrw
FLASH            0x0000000008000000 0x0000000000100000 xr
*default*        0x0000000000000000 0xffffffffffffffff

Linker script and memory map

LOAD c:/st/stm32cubeide_1.8.0/stm32cubeide/plugins/com.st.stm32cube.ide.mcu.externaltools.gnu-tools-for-stm32.9-2020-q2-update.win32_2.0.0.202105311346/tools/bin/../lib/gcc/arm-none-eabi/9.3.1/thumb/v7e-m+fp/hard/crti.o
LOAD c:/st/stm32cubeide_1.8.0/stm32cubeide/plugins/com.st.stm32cube.ide.mcu.externaltools.gnu-tools-for-stm32.9-2020-q2-update.win32_2.0.0.202105311346/tools/bin/../lib/gcc/arm-none-eabi/9.3.1/thumb/v7e-m+fp/hard/crtbegin.o
LOAD c:/st/stm32cubeide_1.8.0/stm32cubeide/plugins/com.st.stm32cube.ide.mcu.externaltools.gnu-tools-for-stm32.9-2020-q2-update.win32_2.0.0.202105311346/tools/bin/../lib/gcc/arm-none-eabi/9.3.1/../../../../arm-none-eabi/lib/thumb/v7e-m+fp/hard/crt0.o
LOAD ./Core/Src/ft5336.o
LOAD ./Core/Src/main.o
LOAD ./Core/Src/stm32746g_discovery.o
LOAD ./Core/Src/stm32746g_discovery_lcd.o
LOAD ./Core/Src/stm32746g_discovery_sdram.o
LOAD ./Core/Src/stm32746g_discovery_ts.o
LOAD ./Core/Src/stm32f7xx_hal_msp.o
LOAD ./Core/Src/stm32f7xx_hal_timebase_tim.o
LOAD ./Core/Src/stm32f7xx_it.o
LOAD ./Core/Src/syscalls.o
LOAD ./Core/Src/sysmem.o
LOAD ./Core/Src/system_stm32f7xx.o
LOAD ./Core/Startup/startup_stm32f746nghx.o
LOAD ./Drivers/STM32F7xx_HAL_Driver/Src/stm32f7xx_hal.o
LOAD ./Drivers/STM32F7xx_HAL_Driver/Src/stm32f7xx_hal_adc.o
LOAD ./Drivers/STM32F7xx_HAL_Driver/Src/stm32f7xx_hal_adc_ex.o
LOAD ./Drivers/STM32F7xx_HAL_Driver/Src/stm32f7xx_hal_cortex.o
LOAD ./Drivers/STM32F7xx_HAL_Driver/Src/stm32f7xx_hal_dac.o
LOAD ./Drivers/STM32F7xx_HAL_Driver/Src/stm32f7xx_hal_dac_ex.o
LOAD ./Drivers/STM32F7xx_HAL_Driver/Src/stm32f7xx_hal_dma.o
LOAD ./Drivers/STM32F7xx_HAL_Driver/Src/stm32f7xx_hal_dma2d.o
LOAD ./Drivers/STM32F7xx_HAL_Driver/Src/stm32f7xx_hal_dma_ex.o
LOAD ./Drivers/STM32F7xx_HAL_Driver/Src/stm32f7xx_hal_dsi.o
LOAD ./Drivers/STM32F7xx_HAL_Driver/Src/stm32f7xx_hal_exti.o
LOAD ./Drivers/STM32F7xx_HAL_Driver/Src/stm32f7xx_hal_flash.o
LOAD ./Drivers/STM32F7xx_HAL_Driver/Src/stm32f7xx_hal_flash_ex.o
LOAD ./Drivers/STM32F7xx_HAL_Driver/Src/stm32f7xx_hal_gpio.o
LOAD ./Drivers/STM32F7xx_HAL_Driver/Src/stm32f7xx_hal_i2c.o
LOAD ./Drivers/STM32F7xx_HAL_Driver/Src/stm32f7xx_hal_i2c_ex.o
LOAD ./Drivers/STM32F7xx_HAL_Driver/Src/stm32f7xx_hal_ltdc.o
LOAD ./Drivers/STM32F7xx_HAL_Driver/Src/stm32f7xx_hal_ltdc_ex.o
LOAD ./Drivers/STM32F7xx_HAL_Driver/Src/stm32f7xx_hal_pwr.o
LOAD ./Drivers/STM32F7xx_HAL_Driver/Src/stm32f7xx_hal_pwr_ex.o
LOAD ./Drivers/STM32F7xx_HAL_Driver/Src/stm32f7xx_hal_rcc.o
LOAD ./Drivers/STM32F7xx_HAL_Driver/Src/stm32f7xx_hal_rcc_ex.o
LOAD ./Drivers/STM32F7xx_HAL_Driver/Src/stm32f7xx_hal_rtc.o
LOAD ./Drivers/STM32F7xx_HAL_Driver/Src/stm32f7xx_hal_rtc_ex.o
LOAD ./Drivers/STM32F7xx_HAL_Driver/Src/stm32f7xx_hal_sdram.o
LOAD ./Drivers/STM32F7xx_HAL_Driver/Src/stm32f7xx_hal_spi.o
LOAD ./Drivers/STM32F7xx_HAL_Driver/Src/stm32f7xx_hal_spi_ex.o
LOAD ./Drivers/STM32F7xx_HAL_Driver/Src/stm32f7xx_hal_tim.o
LOAD ./Drivers/STM32F7xx_HAL_Driver/Src/stm32f7xx_hal_tim_ex.o
LOAD ./Drivers/STM32F7xx_HAL_Driver/Src/stm32f7xx_hal_uart.o
LOAD ./Drivers/STM32F7xx_HAL_Driver/Src/stm32f7xx_hal_uart_ex.o
LOAD ./Drivers/STM32F7xx_HAL_Driver/Src/stm32f7xx_ll_fmc.o
START GROUP
LOAD c:/st/stm32cubeide_1.8.0/stm32cubeide/plugins/com.st.stm32cube.ide.mcu.externaltools.gnu-tools-for-stm32.9-2020-q2-update.win32_2.0.0.202105311346/tools/bin/../lib/gcc/arm-none-eabi/9.3.1/../../../../arm-none-eabi/lib/thumb/v7e-m+fp/hard\libc_nano.a
LOAD c:/st/stm32cubeide_1.8.0/stm32cubeide/plugins/com.st.stm32cube.ide.mcu.externaltools.gnu-tools-for-stm32.9-2020-q2-update.win32_2.0.0.202105311346/tools/bin/../lib/gcc/arm-none-eabi/9.3.1/../../../../arm-none-eabi/lib/thumb/v7e-m+fp/hard\libm.a
END GROUP
START GROUP
LOAD c:/st/stm32cubeide_1.8.0/stm32cubeide/plugins/com.st.stm32cube.ide.mcu.externaltools.gnu-tools-for-stm32.9-2020-q2-update.win32_2.0.0.202105311346/tools/bin/../lib/gcc/arm-none-eabi/9.3.1/thumb/v7e-m+fp/hard\libgcc.a
LOAD c:/st/stm32cubeide_1.8.0/stm32cubeide/plugins/com.st.stm32cube.ide.mcu.externaltools.gnu-tools-for-stm32.9-2020-q2-update.win32_2.0.0.202105311346/tools/bin/../lib/gcc/arm-none-eabi/9.3.1/../../../../arm-none-eabi/lib/thumb/v7e-m+fp/hard\libc_nano.a
END GROUP
START GROUP
LOAD c:/st/stm32cubeide_1.8.0/stm32cubeide/plugins/com.st.stm32cube.ide.mcu.externaltools.gnu-tools-for-stm32.9-2020-q2-update.win32_2.0.0.202105311346/tools/bin/../lib/gcc/arm-none-eabi/9.3.1/thumb/v7e-m+fp/hard\libgcc.a
LOAD c:/st/stm32cubeide_1.8.0/stm32cubeide/plugins/com.st.stm32cube.ide.mcu.externaltools.gnu-tools-for-stm32.9-2020-q2-update.win32_2.0.0.202105311346/tools/bin/../lib/gcc/arm-none-eabi/9.3.1/../../../../arm-none-eabi/lib/thumb/v7e-m+fp/hard\libc_nano.a
LOAD c:/st/stm32cubeide_1.8.0/stm32cubeide/plugins/com.st.stm32cube.ide.mcu.externaltools.gnu-tools-for-stm32.9-2020-q2-update.win32_2.0.0.202105311346/tools/bin/../lib/gcc/arm-none-eabi/9.3.1/../../../../arm-none-eabi/lib/thumb/v7e-m+fp/hard\libnosys.a
END GROUP
START GROUP
LOAD c:/st/stm32cubeide_1.8.0/stm32cubeide/plugins/com.st.stm32cube.ide.mcu.externaltools.gnu-tools-for-stm32.9-2020-q2-update.win32_2.0.0.202105311346/tools/bin/../lib/gcc/arm-none-eabi/9.3.1/thumb/v7e-m+fp/hard\libgcc.a
LOAD c:/st/stm32cubeide_1.8.0/stm32cubeide/plugins/com.st.stm32cube.ide.mcu.externaltools.gnu-tools-for-stm32.9-2020-q2-update.win32_2.0.0.202105311346/tools/bin/../lib/gcc/arm-none-eabi/9.3.1/../../../../arm-none-eabi/lib/thumb/v7e-m+fp/hard\libc_nano.a
LOAD c:/st/stm32cubeide_1.8.0/stm32cubeide/plugins/com.st.stm32cube.ide.mcu.externaltools.gnu-tools-for-stm32.9-2020-q2-update.win32_2.0.0.202105311346/tools/bin/../lib/gcc/arm-none-eabi/9.3.1/../../../../arm-none-eabi/lib/thumb/v7e-m+fp/hard\libnosys.a
END GROUP
LOAD c:/st/stm32cubeide_1.8.0/stm32cubeide/plugins/com.st.stm32cube.ide.mcu.externaltools.gnu-tools-for-stm32.9-2020-q2-update.win32_2.0.0.202105311346/tools/bin/../lib/gcc/arm-none-eabi/9.3.1/thumb/v7e-m+fp/hard/crtend.o
LOAD c:/st/stm32cubeide_1.8.0/stm32cubeide/plugins/com.st.stm32cube.ide.mcu.externaltools.gnu-tools-for-stm32.9-2020-q2-update.win32_2.0.0.202105311346/tools/bin/../lib/gcc/arm-none-eabi/9.3.1/thumb/v7e-m+fp/hard/crtn.o
                0x0000000020050000                _estack = (ORIGIN (RAM) + LENGTH (RAM))
                0x0000000000000200                _Min_Heap_Size = 0x200
                0x0000000000000400                _Min_Stack_Size = 0x400

.isr_vector     0x0000000008000000      0x1c8
                0x0000000008000000                . = ALIGN (0x4)
 *(.isr_vector)
 .isr_vector    0x0000000008000000      0x1c8 ./Core/Startup/startup_stm32f746nghx.o
                0x0000000008000000                g_pfnVectors
                0x00000000080001c8                . = ALIGN (0x4)

.text           0x00000000080001d0     0xaf58
                0x00000000080001d0                . = ALIGN (0x4)
 *(.text)
 .text          0x00000000080001d0       0x40 c:/st/stm32cubeide_1.8.0/stm32cubeide/plugins/com.st.stm32cube.ide.mcu.externaltools.gnu-tools-for-stm32.9-2020-q2-update.win32_2.0.0.202105311346/tools/bin/../lib/gcc/arm-none-eabi/9.3.1/thumb/v7e-m+fp/hard/crtbegin.o
 .text          0x0000000008000210       0xa0 c:/st/stm32cubeide_1.8.0/stm32cubeide/plugins/com.st.stm32cube.ide.mcu.externaltools.gnu-tools-for-stm32.9-2020-q2-update.win32_2.0.0.202105311346/tools/bin/../lib/gcc/arm-none-eabi/9.3.1/../../../../arm-none-eabi/lib/thumb/v7e-m+fp/hard\libc_nano.a(lib_a-memchr.o)
                0x0000000008000210                memchr
 .text          0x00000000080002b0       0x30 c:/st/stm32cubeide_1.8.0/stm32cubeide/plugins/com.st.stm32cube.ide.mcu.externaltools.gnu-tools-for-stm32.9-2020-q2-update.win32_2.0.0.202105311346/tools/bin/../lib/gcc/arm-none-eabi/9.3.1/thumb/v7e-m+fp/hard\libgcc.a(_aeabi_uldivmod.o)
                0x00000000080002b0                __aeabi_uldivmod
 .text          0x00000000080002e0      0x2c4 c:/st/stm32cubeide_1.8.0/stm32cubeide/plugins/com.st.stm32cube.ide.mcu.externaltools.gnu-tools-for-stm32.9-2020-q2-update.win32_2.0.0.202105311346/tools/bin/../lib/gcc/arm-none-eabi/9.3.1/thumb/v7e-m+fp/hard\libgcc.a(_udivmoddi4.o)
                0x00000000080002e0                __udivmoddi4
 .text          0x00000000080005a4        0x4 c:/st/stm32cubeide_1.8.0/stm32cubeide/plugins/com.st.stm32cube.ide.mcu.externaltools.gnu-tools-for-stm32.9-2020-q2-update.win32_2.0.0.202105311346/tools/bin/../lib/gcc/arm-none-eabi/9.3.1/thumb/v7e-m+fp/hard\libgcc.a(_dvmd_tls.o)
                0x00000000080005a4                __aeabi_idiv0
                0x00000000080005a4                __aeabi_ldiv0
 *(.text*)
 .text.ft5336_Init
                0x00000000080005a8       0x1c ./Core/Src/ft5336.o
                0x00000000080005a8                ft5336_Init
 .text.ft5336_Reset
                0x00000000080005c4       0x16 ./Core/Src/ft5336.o
                0x00000000080005c4                ft5336_Reset
 .text.ft5336_ReadID
                0x00000000080005da       0x5c ./Core/Src/ft5336.o
                0x00000000080005da                ft5336_ReadID
 .text.ft5336_TS_Start
                0x0000000008000636       0x22 ./Core/Src/ft5336.o
                0x0000000008000636                ft5336_TS_Start
 .text.ft5336_TS_DetectTouch
                0x0000000008000658       0x54 ./Core/Src/ft5336.o
                0x0000000008000658                ft5336_TS_DetectTouch
 .text.ft5336_TS_GetXY
                0x00000000080006ac      0x1e0 ./Core/Src/ft5336.o
                0x00000000080006ac                ft5336_TS_GetXY
 .text.ft5336_TS_EnableIT
                0x000000000800088c       0x28 ./Core/Src/ft5336.o
                0x000000000800088c                ft5336_TS_EnableIT
 .text.ft5336_TS_DisableIT
                0x00000000080008b4       0x28 ./Core/Src/ft5336.o
                0x00000000080008b4                ft5336_TS_DisableIT
 .text.ft5336_TS_ITStatus
                0x00000000080008dc       0x18 ./Core/Src/ft5336.o
                0x00000000080008dc                ft5336_TS_ITStatus
 .text.ft5336_TS_ClearIT
                0x00000000080008f4       0x16 ./Core/Src/ft5336.o
                0x00000000080008f4                ft5336_TS_ClearIT
 .text.ft5336_TS_GetGestureID
                0x000000000800090a       0x32 ./Core/Src/ft5336.o
                0x000000000800090a                ft5336_TS_GetGestureID
 .text.ft5336_TS_GetTouchInfo
                0x000000000800093c      0x15c ./Core/Src/ft5336.o
                0x000000000800093c                ft5336_TS_GetTouchInfo
 .text.ft5336_Get_I2C_InitializedStatus
                0x0000000008000a98       0x18 ./Core/Src/ft5336.o
 .text.ft5336_I2C_InitializeIfRequired
                0x0000000008000ab0       0x20 ./Core/Src/ft5336.o
 .text.ft5336_TS_Configure
                0x0000000008000ad0       0x1c ./Core/Src/ft5336.o
 .text.main     0x0000000008000aec      0x268 ./Core/Src/main.o
                0x0000000008000aec                main
 .text.SystemClock_Config
                0x0000000008000d54       0xe4 ./Core/Src/main.o
                0x0000000008000d54                SystemClock_Config
 .text.MX_ADC1_Init
                0x0000000008000e38       0xa4 ./Core/Src/main.o
 .text.MX_ADC3_Init
                0x0000000008000edc       0xa4 ./Core/Src/main.o
 .text.MX_DAC_Init
                0x0000000008000f80       0x54 ./Core/Src/main.o
 .text.MX_DMA2D_Init
                0x0000000008000fd4       0x64 ./Core/Src/main.o
 .text.MX_I2C1_Init
                0x0000000008001038       0x80 ./Core/Src/main.o
 .text.MX_I2C3_Init
                0x00000000080010b8       0x80 ./Core/Src/main.o
 .text.MX_LTDC_Init
                0x0000000008001138      0x104 ./Core/Src/main.o
 .text.MX_RTC_Init
                0x000000000800123c      0x14c ./Core/Src/main.o
 .text.MX_SPI2_Init
                0x0000000008001388       0x7c ./Core/Src/main.o
 .text.MX_TIM1_Init
                0x0000000008001404       0xa8 ./Core/Src/main.o
 .text.MX_TIM2_Init
                0x00000000080014ac       0x9c ./Core/Src/main.o
 .text.MX_TIM3_Init
                0x0000000008001548       0x9c ./Core/Src/main.o
 .text.MX_TIM5_Init
                0x00000000080015e4       0x9c ./Core/Src/main.o
 .text.MX_TIM8_Init
                0x0000000008001680       0xa8 ./Core/Src/main.o
 .text.MX_UART7_Init
                0x0000000008001728       0x60 ./Core/Src/main.o
 .text.MX_USART1_UART_Init
                0x0000000008001788       0x60 ./Core/Src/main.o
 .text.MX_USART6_UART_Init
                0x00000000080017e8       0x60 ./Core/Src/main.o
 .text.MX_FMC_Init
                0x0000000008001848       0xa0 ./Core/Src/main.o
 .text.MX_GPIO_Init
                0x00000000080018e8      0x580 ./Core/Src/main.o
 .text.HAL_TIM_PeriodElapsedCallback
                0x0000000008001e68       0x24 ./Core/Src/main.o
                0x0000000008001e68                HAL_TIM_PeriodElapsedCallback
 .text.Error_Handler
                0x0000000008001e8c        0xa ./Core/Src/main.o
                0x0000000008001e8c                Error_Handler
 *fill*         0x0000000008001e96        0x2 
 .text.I2Cx_MspInit
                0x0000000008001e98      0x160 ./Core/Src/stm32746g_discovery.o
 .text.I2Cx_Init
                0x0000000008001ff8       0x78 ./Core/Src/stm32746g_discovery.o
 .text.I2Cx_ReadMultiple
                0x0000000008002070       0x5a ./Core/Src/stm32746g_discovery.o
 .text.I2Cx_WriteMultiple
                0x00000000080020ca       0x5a ./Core/Src/stm32746g_discovery.o
 .text.I2Cx_Error
                0x0000000008002124       0x20 ./Core/Src/stm32746g_discovery.o
 .text.TS_IO_Init
                0x0000000008002144       0x14 ./Core/Src/stm32746g_discovery.o
                0x0000000008002144                TS_IO_Init
 .text.TS_IO_Write
                0x0000000008002158       0x34 ./Core/Src/stm32746g_discovery.o
                0x0000000008002158                TS_IO_Write
 .text.TS_IO_Read
                0x000000000800218c       0x3c ./Core/Src/stm32746g_discovery.o
                0x000000000800218c                TS_IO_Read
 .text.TS_IO_Delay
                0x00000000080021c8       0x16 ./Core/Src/stm32746g_discovery.o
                0x00000000080021c8                TS_IO_Delay
 *fill*         0x00000000080021de        0x2 
 .text.BSP_LCD_Init
                0x00000000080021e0       0xe0 ./Core/Src/stm32746g_discovery_lcd.o
                0x00000000080021e0                BSP_LCD_Init
 .text.BSP_LCD_GetXSize
                0x00000000080022c0       0x28 ./Core/Src/stm32746g_discovery_lcd.o
                0x00000000080022c0                BSP_LCD_GetXSize
 .text.BSP_LCD_GetYSize
                0x00000000080022e8       0x28 ./Core/Src/stm32746g_discovery_lcd.o
                0x00000000080022e8                BSP_LCD_GetYSize
 .text.BSP_LCD_LayerDefaultInit
                0x0000000008002310       0xc0 ./Core/Src/stm32746g_discovery_lcd.o
                0x0000000008002310                BSP_LCD_LayerDefaultInit
 .text.BSP_LCD_SelectLayer
                0x00000000080023d0       0x20 ./Core/Src/stm32746g_discovery_lcd.o
                0x00000000080023d0                BSP_LCD_SelectLayer
 .text.BSP_LCD_SetTextColor
                0x00000000080023f0       0x30 ./Core/Src/stm32746g_discovery_lcd.o
                0x00000000080023f0                BSP_LCD_SetTextColor
 .text.BSP_LCD_SetBackColor
                0x0000000008002420       0x34 ./Core/Src/stm32746g_discovery_lcd.o
                0x0000000008002420                BSP_LCD_SetBackColor
 .text.BSP_LCD_SetFont
                0x0000000008002454       0x34 ./Core/Src/stm32746g_discovery_lcd.o
                0x0000000008002454                BSP_LCD_SetFont
 .text.BSP_LCD_GetFont
                0x0000000008002488       0x2c ./Core/Src/stm32746g_discovery_lcd.o
                0x0000000008002488                BSP_LCD_GetFont
 .text.BSP_LCD_Clear
                0x00000000080024b4       0x50 ./Core/Src/stm32746g_discovery_lcd.o
                0x00000000080024b4                BSP_LCD_Clear
 .text.BSP_LCD_DisplayChar
                0x0000000008002504       0x88 ./Core/Src/stm32746g_discovery_lcd.o
                0x0000000008002504                BSP_LCD_DisplayChar
 .text.BSP_LCD_DisplayStringAt
                0x000000000800258c      0x190 ./Core/Src/stm32746g_discovery_lcd.o
                0x000000000800258c                BSP_LCD_DisplayStringAt
 .text.BSP_LCD_DisplayStringAtLine
                0x000000000800271c       0x2e ./Core/Src/stm32746g_discovery_lcd.o
                0x000000000800271c                BSP_LCD_DisplayStringAtLine
 *fill*         0x000000000800274a        0x2 
 .text.BSP_LCD_DrawHLine
                0x000000000800274c       0xbc ./Core/Src/stm32746g_discovery_lcd.o
                0x000000000800274c                BSP_LCD_DrawHLine
 .text.BSP_LCD_DrawCircle
                0x0000000008002808      0x1d4 ./Core/Src/stm32746g_discovery_lcd.o
                0x0000000008002808                BSP_LCD_DrawCircle
 .text.BSP_LCD_DrawPixel
                0x00000000080029dc       0x90 ./Core/Src/stm32746g_discovery_lcd.o
                0x00000000080029dc                BSP_LCD_DrawPixel
 .text.BSP_LCD_DrawBitmap
                0x0000000008002a6c      0x164 ./Core/Src/stm32746g_discovery_lcd.o
                0x0000000008002a6c                BSP_LCD_DrawBitmap
 .text.BSP_LCD_FillCircle
                0x0000000008002bd0      0x140 ./Core/Src/stm32746g_discovery_lcd.o
                0x0000000008002bd0                BSP_LCD_FillCircle
 .text.BSP_LCD_DisplayOn
                0x0000000008002d10       0x3c ./Core/Src/stm32746g_discovery_lcd.o
                0x0000000008002d10                BSP_LCD_DisplayOn
 .text.BSP_LCD_MspInit
                0x0000000008002d4c      0x1b4 ./Core/Src/stm32746g_discovery_lcd.o
                0x0000000008002d4c                BSP_LCD_MspInit
 .text.BSP_LCD_ClockConfig
                0x0000000008002f00       0x38 ./Core/Src/stm32746g_discovery_lcd.o
                0x0000000008002f00                BSP_LCD_ClockConfig
 .text.DrawChar
                0x0000000008002f38      0x170 ./Core/Src/stm32746g_discovery_lcd.o
 .text.LL_FillBuffer
                0x00000000080030a8       0x98 ./Core/Src/stm32746g_discovery_lcd.o
 .text.LL_ConvertLineToARGB8888
                0x0000000008003140       0x88 ./Core/Src/stm32746g_discovery_lcd.o
 .text.BSP_SDRAM_Init
                0x00000000080031c8       0xbc ./Core/Src/stm32746g_discovery_sdram.o
                0x00000000080031c8                BSP_SDRAM_Init
 .text.BSP_SDRAM_Initialization_sequence
                0x0000000008003284       0xc0 ./Core/Src/stm32746g_discovery_sdram.o
                0x0000000008003284                BSP_SDRAM_Initialization_sequence
 .text.BSP_SDRAM_MspInit
                0x0000000008003344      0x1f0 ./Core/Src/stm32746g_discovery_sdram.o
                0x0000000008003344                BSP_SDRAM_MspInit
 .text.BSP_TS_Init
                0x0000000008003534       0x80 ./Core/Src/stm32746g_discovery_ts.o
                0x0000000008003534                BSP_TS_Init
 .text.BSP_TS_GetState
                0x00000000080035b4      0x3ac ./Core/Src/stm32746g_discovery_ts.o
                0x00000000080035b4                BSP_TS_GetState
 .text.BSP_TS_Get_GestureId
                0x0000000008003960      0x104 ./Core/Src/stm32746g_discovery_ts.o
                0x0000000008003960                BSP_TS_Get_GestureId
 .text.HAL_MspInit
                0x0000000008003a64       0x48 ./Core/Src/stm32f7xx_hal_msp.o
                0x0000000008003a64                HAL_MspInit
 .text.HAL_ADC_MspInit
                0x0000000008003aac       0xdc ./Core/Src/stm32f7xx_hal_msp.o
                0x0000000008003aac                HAL_ADC_MspInit
 .text.HAL_DAC_MspInit
                0x0000000008003b88       0x90 ./Core/Src/stm32f7xx_hal_msp.o
                0x0000000008003b88                HAL_DAC_MspInit
 .text.HAL_DMA2D_MspInit
                0x0000000008003c18       0x4c ./Core/Src/stm32f7xx_hal_msp.o
                0x0000000008003c18                HAL_DMA2D_MspInit
 .text.HAL_I2C_MspInit
                0x0000000008003c64      0x150 ./Core/Src/stm32f7xx_hal_msp.o
                0x0000000008003c64                HAL_I2C_MspInit
 .text.HAL_I2C_MspDeInit
                0x0000000008003db4       0x78 ./Core/Src/stm32f7xx_hal_msp.o
                0x0000000008003db4                HAL_I2C_MspDeInit
 .text.HAL_LTDC_MspInit
                0x0000000008003e2c      0x204 ./Core/Src/stm32f7xx_hal_msp.o
                0x0000000008003e2c                HAL_LTDC_MspInit
 .text.HAL_RTC_MspInit
                0x0000000008004030       0x5c ./Core/Src/stm32f7xx_hal_msp.o
                0x0000000008004030                HAL_RTC_MspInit
 .text.HAL_SPI_MspInit
                0x000000000800408c       0xc4 ./Core/Src/stm32f7xx_hal_msp.o
                0x000000000800408c                HAL_SPI_MspInit
 .text.HAL_TIM_Base_MspInit
                0x0000000008004150      0x124 ./Core/Src/stm32f7xx_hal_msp.o
                0x0000000008004150                HAL_TIM_Base_MspInit
 .text.HAL_UART_MspInit
                0x0000000008004274      0x220 ./Core/Src/stm32f7xx_hal_msp.o
                0x0000000008004274                HAL_UART_MspInit
 .text.HAL_FMC_MspInit
                0x0000000008004494      0x120 ./Core/Src/stm32f7xx_hal_msp.o
 .text.HAL_SDRAM_MspInit
                0x00000000080045b4       0x14 ./Core/Src/stm32f7xx_hal_msp.o
                0x00000000080045b4                HAL_SDRAM_MspInit
 .text.HAL_InitTick
                0x00000000080045c8       0xb0 ./Core/Src/stm32f7xx_hal_timebase_tim.o
                0x00000000080045c8                HAL_InitTick
 .text.NMI_Handler
                0x0000000008004678        0x6 ./Core/Src/stm32f7xx_it.o
                0x0000000008004678                NMI_Handler
 .text.HardFault_Handler
                0x000000000800467e        0x6 ./Core/Src/stm32f7xx_it.o
                0x000000000800467e                HardFault_Handler
 .text.MemManage_Handler
                0x0000000008004684        0x6 ./Core/Src/stm32f7xx_it.o
                0x0000000008004684                MemManage_Handler
 .text.BusFault_Handler
                0x000000000800468a        0x6 ./Core/Src/stm32f7xx_it.o
                0x000000000800468a                BusFault_Handler
 .text.UsageFault_Handler
                0x0000000008004690        0x6 ./Core/Src/stm32f7xx_it.o
                0x0000000008004690                UsageFault_Handler
 .text.SVC_Handler
                0x0000000008004696        0xe ./Core/Src/stm32f7xx_it.o
                0x0000000008004696                SVC_Handler
 .text.DebugMon_Handler
                0x00000000080046a4        0xe ./Core/Src/stm32f7xx_it.o
                0x00000000080046a4                DebugMon_Handler
 .text.PendSV_Handler
                0x00000000080046b2        0xe ./Core/Src/stm32f7xx_it.o
                0x00000000080046b2                PendSV_Handler
 .text.SysTick_Handler
                0x00000000080046c0        0xe ./Core/Src/stm32f7xx_it.o
                0x00000000080046c0                SysTick_Handler
 *fill*         0x00000000080046ce        0x2 
 .text.TIM6_DAC_IRQHandler
                0x00000000080046d0       0x28 ./Core/Src/stm32f7xx_it.o
                0x00000000080046d0                TIM6_DAC_IRQHandler
 .text.LTDC_IRQHandler
                0x00000000080046f8       0x14 ./Core/Src/stm32f7xx_it.o
                0x00000000080046f8                LTDC_IRQHandler
 .text.DMA2D_IRQHandler
                0x000000000800470c       0x14 ./Core/Src/stm32f7xx_it.o
                0x000000000800470c                DMA2D_IRQHandler
 .text._sbrk    0x0000000008004720       0x6c ./Core/Src/sysmem.o
                0x0000000008004720                _sbrk
 .text.SystemInit
                0x000000000800478c       0x24 ./Core/Src/system_stm32f7xx.o
                0x000000000800478c                SystemInit
 .text.Reset_Handler
                0x00000000080047b0       0x50 ./Core/Startup/startup_stm32f746nghx.o
                0x00000000080047b0                Reset_Handler
 .text.Default_Handler
                0x0000000008004800        0x2 ./Core/Startup/startup_stm32f746nghx.o
                0x0000000008004800                RTC_Alarm_IRQHandler
                0x0000000008004800                EXTI2_IRQHandler
                0x0000000008004800                TIM8_CC_IRQHandler
                0x0000000008004800                UART8_IRQHandler
                0x0000000008004800                SPI4_IRQHandler
                0x0000000008004800                TIM1_CC_IRQHandler
                0x0000000008004800                DMA2_Stream5_IRQHandler
                0x0000000008004800                DMA1_Stream5_IRQHandler
                0x0000000008004800                PVD_IRQHandler
                0x0000000008004800                TAMP_STAMP_IRQHandler
                0x0000000008004800                CAN2_RX1_IRQHandler
                0x0000000008004800                EXTI3_IRQHandler
                0x0000000008004800                TIM8_TRG_COM_TIM14_IRQHandler
                0x0000000008004800                TIM1_UP_TIM10_IRQHandler
                0x0000000008004800                TIM8_UP_TIM13_IRQHandler
                0x0000000008004800                I2C3_ER_IRQHandler
                0x0000000008004800                EXTI0_IRQHandler
                0x0000000008004800                I2C2_EV_IRQHandler
                0x0000000008004800                DMA1_Stream2_IRQHandler
                0x0000000008004800                CAN1_RX0_IRQHandler
                0x0000000008004800                FPU_IRQHandler
                0x0000000008004800                OTG_HS_WKUP_IRQHandler
                0x0000000008004800                LTDC_ER_IRQHandler
                0x0000000008004800                CAN2_SCE_IRQHandler
                0x0000000008004800                DMA2_Stream2_IRQHandler
                0x0000000008004800                SPI1_IRQHandler
                0x0000000008004800                TIM1_BRK_TIM9_IRQHandler
                0x0000000008004800                DCMI_IRQHandler
                0x0000000008004800                CAN2_RX0_IRQHandler
                0x0000000008004800                DMA2_Stream3_IRQHandler
                0x0000000008004800                SAI2_IRQHandler
                0x0000000008004800                USART6_IRQHandler
                0x0000000008004800                USART3_IRQHandler
                0x0000000008004800                CAN1_RX1_IRQHandler
                0x0000000008004800                UART5_IRQHandler
                0x0000000008004800                DMA2_Stream0_IRQHandler
                0x0000000008004800                TIM4_IRQHandler
                0x0000000008004800                QUADSPI_IRQHandler
                0x0000000008004800                I2C1_EV_IRQHandler
                0x0000000008004800                DMA1_Stream6_IRQHandler
                0x0000000008004800                DMA1_Stream1_IRQHandler
                0x0000000008004800                UART4_IRQHandler
                0x0000000008004800                TIM3_IRQHandler
                0x0000000008004800                RCC_IRQHandler
                0x0000000008004800                TIM8_BRK_TIM12_IRQHandler
                0x0000000008004800                Default_Handler
                0x0000000008004800                CEC_IRQHandler
                0x0000000008004800                EXTI15_10_IRQHandler
                0x0000000008004800                ADC_IRQHandler
                0x0000000008004800                DMA1_Stream7_IRQHandler
                0x0000000008004800                SPI5_IRQHandler
                0x0000000008004800                TIM7_IRQHandler
                0x0000000008004800                SDMMC1_IRQHandler
                0x0000000008004800                CAN2_TX_IRQHandler
                0x0000000008004800                TIM5_IRQHandler
                0x0000000008004800                DMA2_Stream7_IRQHandler
                0x0000000008004800                I2C3_EV_IRQHandler
                0x0000000008004800                EXTI9_5_IRQHandler
                0x0000000008004800                RTC_WKUP_IRQHandler
                0x0000000008004800                ETH_WKUP_IRQHandler
                0x0000000008004800                SPDIF_RX_IRQHandler
                0x0000000008004800                SPI2_IRQHandler
                0x0000000008004800                OTG_HS_EP1_IN_IRQHandler
                0x0000000008004800                DMA1_Stream0_IRQHandler
                0x0000000008004800                CAN1_TX_IRQHandler
                0x0000000008004800                EXTI4_IRQHandler
                0x0000000008004800                RNG_IRQHandler
                0x0000000008004800                ETH_IRQHandler
                0x0000000008004800                OTG_HS_EP1_OUT_IRQHandler
                0x0000000008004800                WWDG_IRQHandler
                0x0000000008004800                SPI6_IRQHandler
                0x0000000008004800                I2C4_EV_IRQHandler
                0x0000000008004800                TIM2_IRQHandler
                0x0000000008004800                OTG_FS_WKUP_IRQHandler
                0x0000000008004800                TIM1_TRG_COM_TIM11_IRQHandler
                0x0000000008004800                OTG_HS_IRQHandler
                0x0000000008004800                EXTI1_IRQHandler
                0x0000000008004800                UART7_IRQHandler
                0x0000000008004800                USART2_IRQHandler
                0x0000000008004800                I2C2_ER_IRQHandler
                0x0000000008004800                DMA2_Stream1_IRQHandler
                0x0000000008004800                CAN1_SCE_IRQHandler
                0x0000000008004800                FLASH_IRQHandler
                0x0000000008004800                DMA2_Stream4_IRQHandler
                0x0000000008004800                USART1_IRQHandler
                0x0000000008004800                OTG_FS_IRQHandler
                0x0000000008004800                SPI3_IRQHandler
                0x0000000008004800                DMA1_Stream4_IRQHandler
                0x0000000008004800                I2C1_ER_IRQHandler
                0x0000000008004800                FMC_IRQHandler
                0x0000000008004800                LPTIM1_IRQHandler
                0x0000000008004800                I2C4_ER_IRQHandler
                0x0000000008004800                DMA2_Stream6_IRQHandler
                0x0000000008004800                SAI1_IRQHandler
                0x0000000008004800                DMA1_Stream3_IRQHandler
 .text.HAL_Init
                0x0000000008004802       0x1a ./Drivers/STM32F7xx_HAL_Driver/Src/stm32f7xx_hal.o
                0x0000000008004802                HAL_Init
 .text.HAL_IncTick
                0x000000000800481c       0x28 ./Drivers/STM32F7xx_HAL_Driver/Src/stm32f7xx_hal.o
                0x000000000800481c                HAL_IncTick
 .text.HAL_GetTick
                0x0000000008004844       0x18 ./Drivers/STM32F7xx_HAL_Driver/Src/stm32f7xx_hal.o
                0x0000000008004844                HAL_GetTick
 .text.HAL_Delay
                0x000000000800485c       0x48 ./Drivers/STM32F7xx_HAL_Driver/Src/stm32f7xx_hal.o
                0x000000000800485c                HAL_Delay
 .text.HAL_ADC_Init
                0x00000000080048a4       0x88 ./Drivers/STM32F7xx_HAL_Driver/Src/stm32f7xx_hal_adc.o
                0x00000000080048a4                HAL_ADC_Init
 .text.HAL_ADC_Start
                0x000000000800492c      0x19c ./Drivers/STM32F7xx_HAL_Driver/Src/stm32f7xx_hal_adc.o
                0x000000000800492c                HAL_ADC_Start
 .text.HAL_ADC_PollForConversion
                0x0000000008004ac8      0x116 ./Drivers/STM32F7xx_HAL_Driver/Src/stm32f7xx_hal_adc.o
                0x0000000008004ac8                HAL_ADC_PollForConversion
 .text.HAL_ADC_GetValue
                0x0000000008004bde       0x1a ./Drivers/STM32F7xx_HAL_Driver/Src/stm32f7xx_hal_adc.o
                0x0000000008004bde                HAL_ADC_GetValue
 .text.HAL_ADC_ConfigChannel
                0x0000000008004bf8      0x2ac ./Drivers/STM32F7xx_HAL_Driver/Src/stm32f7xx_hal_adc.o
                0x0000000008004bf8                HAL_ADC_ConfigChannel
 .text.ADC_Init
                0x0000000008004ea4      0x1f4 ./Drivers/STM32F7xx_HAL_Driver/Src/stm32f7xx_hal_adc.o
 .text.__NVIC_SetPriorityGrouping
                0x0000000008005098       0x48 ./Drivers/STM32F7xx_HAL_Driver/Src/stm32f7xx_hal_cortex.o
 .text.__NVIC_GetPriorityGrouping
                0x00000000080050e0       0x1c ./Drivers/STM32F7xx_HAL_Driver/Src/stm32f7xx_hal_cortex.o
 .text.__NVIC_EnableIRQ
                0x00000000080050fc       0x3c ./Drivers/STM32F7xx_HAL_Driver/Src/stm32f7xx_hal_cortex.o
 .text.__NVIC_SetPriority
                0x0000000008005138       0x54 ./Drivers/STM32F7xx_HAL_Driver/Src/stm32f7xx_hal_cortex.o
 .text.NVIC_EncodePriority
                0x000000000800518c       0x66 ./Drivers/STM32F7xx_HAL_Driver/Src/stm32f7xx_hal_cortex.o
 .text.HAL_NVIC_SetPriorityGrouping
                0x00000000080051f2       0x16 ./Drivers/STM32F7xx_HAL_Driver/Src/stm32f7xx_hal_cortex.o
                0x00000000080051f2                HAL_NVIC_SetPriorityGrouping
 .text.HAL_NVIC_SetPriority
                0x0000000008005208       0x38 ./Drivers/STM32F7xx_HAL_Driver/Src/stm32f7xx_hal_cortex.o
                0x0000000008005208                HAL_NVIC_SetPriority
 .text.HAL_NVIC_EnableIRQ
                0x0000000008005240       0x1c ./Drivers/STM32F7xx_HAL_Driver/Src/stm32f7xx_hal_cortex.o
                0x0000000008005240                HAL_NVIC_EnableIRQ
 .text.HAL_DAC_Init
                0x000000000800525c       0x44 ./Drivers/STM32F7xx_HAL_Driver/Src/stm32f7xx_hal_dac.o
                0x000000000800525c                HAL_DAC_Init
 .text.HAL_DAC_IRQHandler
                0x00000000080052a0       0xb4 ./Drivers/STM32F7xx_HAL_Driver/Src/stm32f7xx_hal_dac.o
                0x00000000080052a0                HAL_DAC_IRQHandler
 .text.HAL_DAC_DMAUnderrunCallbackCh1
                0x0000000008005354       0x14 ./Drivers/STM32F7xx_HAL_Driver/Src/stm32f7xx_hal_dac.o
                0x0000000008005354                HAL_DAC_DMAUnderrunCallbackCh1
 .text.HAL_DAC_ConfigChannel
                0x0000000008005368       0x9e ./Drivers/STM32F7xx_HAL_Driver/Src/stm32f7xx_hal_dac.o
                0x0000000008005368                HAL_DAC_ConfigChannel
 .text.HAL_DACEx_DMAUnderrunCallbackCh2
                0x0000000008005406       0x14 ./Drivers/STM32F7xx_HAL_Driver/Src/stm32f7xx_hal_dac_ex.o
                0x0000000008005406                HAL_DACEx_DMAUnderrunCallbackCh2
 *fill*         0x000000000800541a        0x2 
 .text.HAL_DMA_Init
                0x000000000800541c      0x15c ./Drivers/STM32F7xx_HAL_Driver/Src/stm32f7xx_hal_dma.o
                0x000000000800541c                HAL_DMA_Init
 .text.HAL_DMA_DeInit
                0x0000000008005578       0xbc ./Drivers/STM32F7xx_HAL_Driver/Src/stm32f7xx_hal_dma.o
                0x0000000008005578                HAL_DMA_DeInit
 .text.DMA_CalcBaseAndBitshift
                0x0000000008005634       0x6c ./Drivers/STM32F7xx_HAL_Driver/Src/stm32f7xx_hal_dma.o
 .text.DMA_CheckFifoParam
                0x00000000080056a0       0xf8 ./Drivers/STM32F7xx_HAL_Driver/Src/stm32f7xx_hal_dma.o
 .text.HAL_DMA2D_Init
                0x0000000008005798       0x94 ./Drivers/STM32F7xx_HAL_Driver/Src/stm32f7xx_hal_dma2d.o
                0x0000000008005798                HAL_DMA2D_Init
 .text.HAL_DMA2D_Start
                0x000000000800582c       0x56 ./Drivers/STM32F7xx_HAL_Driver/Src/stm32f7xx_hal_dma2d.o
                0x000000000800582c                HAL_DMA2D_Start
 .text.HAL_DMA2D_PollForTransfer
                0x0000000008005882      0x1d2 ./Drivers/STM32F7xx_HAL_Driver/Src/stm32f7xx_hal_dma2d.o
                0x0000000008005882                HAL_DMA2D_PollForTransfer
 .text.HAL_DMA2D_IRQHandler
                0x0000000008005a54      0x1f8 ./Drivers/STM32F7xx_HAL_Driver/Src/stm32f7xx_hal_dma2d.o
                0x0000000008005a54                HAL_DMA2D_IRQHandler
 .text.HAL_DMA2D_LineEventCallback
                0x0000000008005c4c       0x14 ./Drivers/STM32F7xx_HAL_Driver/Src/stm32f7xx_hal_dma2d.o
                0x0000000008005c4c                HAL_DMA2D_LineEventCallback
 .text.HAL_DMA2D_CLUTLoadingCpltCallback
                0x0000000008005c60       0x14 ./Drivers/STM32F7xx_HAL_Driver/Src/stm32f7xx_hal_dma2d.o
                0x0000000008005c60                HAL_DMA2D_CLUTLoadingCpltCallback
 .text.HAL_DMA2D_ConfigLayer
                0x0000000008005c74      0x124 ./Drivers/STM32F7xx_HAL_Driver/Src/stm32f7xx_hal_dma2d.o
                0x0000000008005c74                HAL_DMA2D_ConfigLayer
 .text.DMA2D_SetConfig
                0x0000000008005d98      0x138 ./Drivers/STM32F7xx_HAL_Driver/Src/stm32f7xx_hal_dma2d.o
 .text.HAL_GPIO_Init
                0x0000000008005ed0      0x358 ./Drivers/STM32F7xx_HAL_Driver/Src/stm32f7xx_hal_gpio.o
                0x0000000008005ed0                HAL_GPIO_Init
 .text.HAL_GPIO_DeInit
                0x0000000008006228      0x218 ./Drivers/STM32F7xx_HAL_Driver/Src/stm32f7xx_hal_gpio.o
                0x0000000008006228                HAL_GPIO_DeInit
 .text.HAL_GPIO_ReadPin
                0x0000000008006440       0x30 ./Drivers/STM32F7xx_HAL_Driver/Src/stm32f7xx_hal_gpio.o
                0x0000000008006440                HAL_GPIO_ReadPin
 .text.HAL_GPIO_WritePin
                0x0000000008006470       0x32 ./Drivers/STM32F7xx_HAL_Driver/Src/stm32f7xx_hal_gpio.o
                0x0000000008006470                HAL_GPIO_WritePin
 *fill*         0x00000000080064a2        0x2 
 .text.HAL_I2C_Init
                0x00000000080064a4      0x120 ./Drivers/STM32F7xx_HAL_Driver/Src/stm32f7xx_hal_i2c.o
                0x00000000080064a4                HAL_I2C_Init
 .text.HAL_I2C_DeInit
                0x00000000080065c4       0x5e ./Drivers/STM32F7xx_HAL_Driver/Src/stm32f7xx_hal_i2c.o
                0x00000000080065c4                HAL_I2C_DeInit
 *fill*         0x0000000008006622        0x2 
 .text.HAL_I2C_Mem_Write
                0x0000000008006624      0x228 ./Drivers/STM32F7xx_HAL_Driver/Src/stm32f7xx_hal_i2c.o
                0x0000000008006624                HAL_I2C_Mem_Write
 .text.HAL_I2C_Mem_Read
                0x000000000800684c      0x234 ./Drivers/STM32F7xx_HAL_Driver/Src/stm32f7xx_hal_i2c.o
                0x000000000800684c                HAL_I2C_Mem_Read
 .text.HAL_I2C_GetState
                0x0000000008006a80       0x1c ./Drivers/STM32F7xx_HAL_Driver/Src/stm32f7xx_hal_i2c.o
                0x0000000008006a80                HAL_I2C_GetState
 .text.I2C_RequestMemoryWrite
                0x0000000008006a9c       0xa8 ./Drivers/STM32F7xx_HAL_Driver/Src/stm32f7xx_hal_i2c.o
 .text.I2C_RequestMemoryRead
                0x0000000008006b44       0xa8 ./Drivers/STM32F7xx_HAL_Driver/Src/stm32f7xx_hal_i2c.o
 .text.I2C_Flush_TXDR
                0x0000000008006bec       0x48 ./Drivers/STM32F7xx_HAL_Driver/Src/stm32f7xx_hal_i2c.o
 .text.I2C_WaitOnFlagUntilTimeout
                0x0000000008006c34       0x80 ./Drivers/STM32F7xx_HAL_Driver/Src/stm32f7xx_hal_i2c.o
 .text.I2C_WaitOnTXISFlagUntilTimeout
                0x0000000008006cb4       0x80 ./Drivers/STM32F7xx_HAL_Driver/Src/stm32f7xx_hal_i2c.o
 .text.I2C_WaitOnSTOPFlagUntilTimeout
                0x0000000008006d34       0x78 ./Drivers/STM32F7xx_HAL_Driver/Src/stm32f7xx_hal_i2c.o
 .text.I2C_IsErrorOccurred
                0x0000000008006dac      0x1d8 ./Drivers/STM32F7xx_HAL_Driver/Src/stm32f7xx_hal_i2c.o
 .text.I2C_TransferConfig
                0x0000000008006f84       0x64 ./Drivers/STM32F7xx_HAL_Driver/Src/stm32f7xx_hal_i2c.o
 .text.HAL_I2CEx_ConfigAnalogFilter
                0x0000000008006fe8       0x96 ./Drivers/STM32F7xx_HAL_Driver/Src/stm32f7xx_hal_i2c_ex.o
                0x0000000008006fe8                HAL_I2CEx_ConfigAnalogFilter
 .text.HAL_I2CEx_ConfigDigitalFilter
                0x000000000800707e       0x98 ./Drivers/STM32F7xx_HAL_Driver/Src/stm32f7xx_hal_i2c_ex.o
                0x000000000800707e                HAL_I2CEx_ConfigDigitalFilter
 *fill*         0x0000000008007116        0x2 
 .text.HAL_LTDC_Init
                0x0000000008007118      0x1a0 ./Drivers/STM32F7xx_HAL_Driver/Src/stm32f7xx_hal_ltdc.o
                0x0000000008007118                HAL_LTDC_Init
 .text.HAL_LTDC_IRQHandler
                0x00000000080072b8      0x148 ./Drivers/STM32F7xx_HAL_Driver/Src/stm32f7xx_hal_ltdc.o
                0x00000000080072b8                HAL_LTDC_IRQHandler
 .text.HAL_LTDC_ErrorCallback
                0x0000000008007400       0x14 ./Drivers/STM32F7xx_HAL_Driver/Src/stm32f7xx_hal_ltdc.o
                0x0000000008007400                HAL_LTDC_ErrorCallback
 .text.HAL_LTDC_LineEventCallback
                0x0000000008007414       0x14 ./Drivers/STM32F7xx_HAL_Driver/Src/stm32f7xx_hal_ltdc.o
                0x0000000008007414                HAL_LTDC_LineEventCallback
 .text.HAL_LTDC_ReloadEventCallback
                0x0000000008007428       0x14 ./Drivers/STM32F7xx_HAL_Driver/Src/stm32f7xx_hal_ltdc.o
                0x0000000008007428                HAL_LTDC_ReloadEventCallback
 .text.HAL_LTDC_ConfigLayer
                0x000000000800743c       0x7c ./Drivers/STM32F7xx_HAL_Driver/Src/stm32f7xx_hal_ltdc.o
                0x000000000800743c                HAL_LTDC_ConfigLayer
 .text.HAL_LTDC_GetState
                0x00000000080074b8       0x1c ./Drivers/STM32F7xx_HAL_Driver/Src/stm32f7xx_hal_ltdc.o
                0x00000000080074b8                HAL_LTDC_GetState
 .text.LTDC_SetConfig
                0x00000000080074d4      0x334 ./Drivers/STM32F7xx_HAL_Driver/Src/stm32f7xx_hal_ltdc.o
 .text.HAL_PWR_EnableBkUpAccess
                0x0000000008007808       0x20 ./Drivers/STM32F7xx_HAL_Driver/Src/stm32f7xx_hal_pwr.o
                0x0000000008007808                HAL_PWR_EnableBkUpAccess
 .text.HAL_PWREx_EnableOverDrive
                0x0000000008007828       0xa0 ./Drivers/STM32F7xx_HAL_Driver/Src/stm32f7xx_hal_pwr_ex.o
                0x0000000008007828                HAL_PWREx_EnableOverDrive
 .text.HAL_RCC_OscConfig
                0x00000000080078c8      0x548 ./Drivers/STM32F7xx_HAL_Driver/Src/stm32f7xx_hal_rcc.o
                0x00000000080078c8                HAL_RCC_OscConfig
 .text.HAL_RCC_ClockConfig
                0x0000000008007e10      0x1d8 ./Drivers/STM32F7xx_HAL_Driver/Src/stm32f7xx_hal_rcc.o
                0x0000000008007e10                HAL_RCC_ClockConfig
 .text.HAL_RCC_GetSysClockFreq
                0x0000000008007fe8      0x16c ./Drivers/STM32F7xx_HAL_Driver/Src/stm32f7xx_hal_rcc.o
                0x0000000008007fe8                HAL_RCC_GetSysClockFreq
 .text.HAL_RCC_GetHCLKFreq
                0x0000000008008154       0x18 ./Drivers/STM32F7xx_HAL_Driver/Src/stm32f7xx_hal_rcc.o
                0x0000000008008154                HAL_RCC_GetHCLKFreq
 .text.HAL_RCC_GetPCLK1Freq
                0x000000000800816c       0x28 ./Drivers/STM32F7xx_HAL_Driver/Src/stm32f7xx_hal_rcc.o
                0x000000000800816c                HAL_RCC_GetPCLK1Freq
 .text.HAL_RCC_GetPCLK2Freq
                0x0000000008008194       0x28 ./Drivers/STM32F7xx_HAL_Driver/Src/stm32f7xx_hal_rcc.o
                0x0000000008008194                HAL_RCC_GetPCLK2Freq
 .text.HAL_RCC_GetClockConfig
                0x00000000080081bc       0x64 ./Drivers/STM32F7xx_HAL_Driver/Src/stm32f7xx_hal_rcc.o
                0x00000000080081bc                HAL_RCC_GetClockConfig
 .text.HAL_RCCEx_PeriphCLKConfig
                0x0000000008008220      0x7e0 ./Drivers/STM32F7xx_HAL_Driver/Src/stm32f7xx_hal_rcc_ex.o
                0x0000000008008220                HAL_RCCEx_PeriphCLKConfig
 .text.HAL_RTC_Init
                0x0000000008008a00      0x124 ./Drivers/STM32F7xx_HAL_Driver/Src/stm32f7xx_hal_rtc.o
                0x0000000008008a00                HAL_RTC_Init
 .text.HAL_RTC_SetTime
                0x0000000008008b24      0x17c ./Drivers/STM32F7xx_HAL_Driver/Src/stm32f7xx_hal_rtc.o
                0x0000000008008b24                HAL_RTC_SetTime
 .text.HAL_RTC_SetDate
                0x0000000008008ca0      0x150 ./Drivers/STM32F7xx_HAL_Driver/Src/stm32f7xx_hal_rtc.o
                0x0000000008008ca0                HAL_RTC_SetDate
 .text.HAL_RTC_SetAlarm
                0x0000000008008df0      0x230 ./Drivers/STM32F7xx_HAL_Driver/Src/stm32f7xx_hal_rtc.o
                0x0000000008008df0                HAL_RTC_SetAlarm
 .text.HAL_RTC_WaitForSynchro
                0x0000000008009020       0x50 ./Drivers/STM32F7xx_HAL_Driver/Src/stm32f7xx_hal_rtc.o
                0x0000000008009020                HAL_RTC_WaitForSynchro
 .text.RTC_EnterInitMode
                0x0000000008009070       0x58 ./Drivers/STM32F7xx_HAL_Driver/Src/stm32f7xx_hal_rtc.o
                0x0000000008009070                RTC_EnterInitMode
 .text.RTC_ByteToBcd2
                0x00000000080090c8       0x3c ./Drivers/STM32F7xx_HAL_Driver/Src/stm32f7xx_hal_rtc.o
                0x00000000080090c8                RTC_ByteToBcd2
 .text.HAL_RTCEx_SetTimeStamp
                0x0000000008009104       0xac ./Drivers/STM32F7xx_HAL_Driver/Src/stm32f7xx_hal_rtc_ex.o
                0x0000000008009104                HAL_RTCEx_SetTimeStamp
 .text.HAL_SDRAM_Init
                0x00000000080091b0       0x68 ./Drivers/STM32F7xx_HAL_Driver/Src/stm32f7xx_hal_sdram.o
                0x00000000080091b0                HAL_SDRAM_Init
 .text.HAL_SDRAM_SendCommand
                0x0000000008009218       0x6a ./Drivers/STM32F7xx_HAL_Driver/Src/stm32f7xx_hal_sdram.o
                0x0000000008009218                HAL_SDRAM_SendCommand
 .text.HAL_SDRAM_ProgramRefreshRate
                0x0000000008009282       0x50 ./Drivers/STM32F7xx_HAL_Driver/Src/stm32f7xx_hal_sdram.o
                0x0000000008009282                HAL_SDRAM_ProgramRefreshRate
 .text.HAL_SPI_Init
                0x00000000080092d2      0x156 ./Drivers/STM32F7xx_HAL_Driver/Src/stm32f7xx_hal_spi.o
                0x00000000080092d2                HAL_SPI_Init
 .text.HAL_TIM_Base_Init
                0x0000000008009428       0xae ./Drivers/STM32F7xx_HAL_Driver/Src/stm32f7xx_hal_tim.o
                0x0000000008009428                HAL_TIM_Base_Init
 *fill*         0x00000000080094d6        0x2 
 .text.HAL_TIM_Base_Start_IT
                0x00000000080094d8       0xf0 ./Drivers/STM32F7xx_HAL_Driver/Src/stm32f7xx_hal_tim.o
                0x00000000080094d8                HAL_TIM_Base_Start_IT
 .text.HAL_TIM_IRQHandler
                0x00000000080095c8      0x23e ./Drivers/STM32F7xx_HAL_Driver/Src/stm32f7xx_hal_tim.o
                0x00000000080095c8                HAL_TIM_IRQHandler
 *fill*         0x0000000008009806        0x2 
 .text.HAL_TIM_ConfigClockSource
                0x0000000008009808      0x194 ./Drivers/STM32F7xx_HAL_Driver/Src/stm32f7xx_hal_tim.o
                0x0000000008009808                HAL_TIM_ConfigClockSource
 .text.HAL_TIM_OC_DelayElapsedCallback
                0x000000000800999c       0x14 ./Drivers/STM32F7xx_HAL_Driver/Src/stm32f7xx_hal_tim.o
                0x000000000800999c                HAL_TIM_OC_DelayElapsedCallback
 .text.HAL_TIM_IC_CaptureCallback
                0x00000000080099b0       0x14 ./Drivers/STM32F7xx_HAL_Driver/Src/stm32f7xx_hal_tim.o
                0x00000000080099b0                HAL_TIM_IC_CaptureCallback
 .text.HAL_TIM_PWM_PulseFinishedCallback
                0x00000000080099c4       0x14 ./Drivers/STM32F7xx_HAL_Driver/Src/stm32f7xx_hal_tim.o
                0x00000000080099c4                HAL_TIM_PWM_PulseFinishedCallback
 .text.HAL_TIM_TriggerCallback
                0x00000000080099d8       0x14 ./Drivers/STM32F7xx_HAL_Driver/Src/stm32f7xx_hal_tim.o
                0x00000000080099d8                HAL_TIM_TriggerCallback
 .text.TIM_Base_SetConfig
                0x00000000080099ec      0x140 ./Drivers/STM32F7xx_HAL_Driver/Src/stm32f7xx_hal_tim.o
                0x00000000080099ec                TIM_Base_SetConfig
 .text.TIM_TI1_ConfigInputStage
                0x0000000008009b2c       0x5e ./Drivers/STM32F7xx_HAL_Driver/Src/stm32f7xx_hal_tim.o
 .text.TIM_TI2_ConfigInputStage
                0x0000000008009b8a       0x60 ./Drivers/STM32F7xx_HAL_Driver/Src/stm32f7xx_hal_tim.o
 .text.TIM_ITRx_SetConfig
                0x0000000008009bea       0x36 ./Drivers/STM32F7xx_HAL_Driver/Src/stm32f7xx_hal_tim.o
 .text.TIM_ETR_SetConfig
                0x0000000008009c20       0x40 ./Drivers/STM32F7xx_HAL_Driver/Src/stm32f7xx_hal_tim.o
                0x0000000008009c20                TIM_ETR_SetConfig
 .text.HAL_TIMEx_MasterConfigSynchronization
                0x0000000008009c60      0x11c ./Drivers/STM32F7xx_HAL_Driver/Src/stm32f7xx_hal_tim_ex.o
                0x0000000008009c60                HAL_TIMEx_MasterConfigSynchronization
 .text.HAL_TIMEx_CommutCallback
                0x0000000008009d7c       0x14 ./Drivers/STM32F7xx_HAL_Driver/Src/stm32f7xx_hal_tim_ex.o
                0x0000000008009d7c                HAL_TIMEx_CommutCallback
 .text.HAL_TIMEx_BreakCallback
                0x0000000008009d90       0x14 ./Drivers/STM32F7xx_HAL_Driver/Src/stm32f7xx_hal_tim_ex.o
                0x0000000008009d90                HAL_TIMEx_BreakCallback
 .text.HAL_TIMEx_Break2Callback
                0x0000000008009da4       0x14 ./Drivers/STM32F7xx_HAL_Driver/Src/stm32f7xx_hal_tim_ex.o
                0x0000000008009da4                HAL_TIMEx_Break2Callback
 .text.HAL_UART_Init
                0x0000000008009db8       0x9c ./Drivers/STM32F7xx_HAL_Driver/Src/stm32f7xx_hal_uart.o
                0x0000000008009db8                HAL_UART_Init
 .text.UART_SetConfig
                0x0000000008009e54      0x4c4 ./Drivers/STM32F7xx_HAL_Driver/Src/stm32f7xx_hal_uart.o
                0x0000000008009e54                UART_SetConfig
 .text.UART_AdvFeatureConfig
                0x000000000800a318      0x144 ./Drivers/STM32F7xx_HAL_Driver/Src/stm32f7xx_hal_uart.o
                0x000000000800a318                UART_AdvFeatureConfig
 .text.UART_CheckIdleState
                0x000000000800a45c       0x66 ./Drivers/STM32F7xx_HAL_Driver/Src/stm32f7xx_hal_uart.o
                0x000000000800a45c                UART_CheckIdleState
 .text.UART_WaitOnFlagUntilTimeout
                0x000000000800a4c2      0x188 ./Drivers/STM32F7xx_HAL_Driver/Src/stm32f7xx_hal_uart.o
                0x000000000800a4c2                UART_WaitOnFlagUntilTimeout
 *fill*         0x000000000800a64a        0x2 
 .text.FMC_SDRAM_Init
                0x000000000800a64c       0xb8 ./Drivers/STM32F7xx_HAL_Driver/Src/stm32f7xx_ll_fmc.o
                0x000000000800a64c                FMC_SDRAM_Init
 .text.FMC_SDRAM_Timing_Init
                0x000000000800a704       0xd4 ./Drivers/STM32F7xx_HAL_Driver/Src/stm32f7xx_ll_fmc.o
                0x000000000800a704                FMC_SDRAM_Timing_Init
 .text.FMC_SDRAM_SendCommand
                0x000000000800a7d8       0x48 ./Drivers/STM32F7xx_HAL_Driver/Src/stm32f7xx_ll_fmc.o
                0x000000000800a7d8                FMC_SDRAM_SendCommand
 .text.FMC_SDRAM_ProgramRefreshRate
                0x000000000800a820       0x30 ./Drivers/STM32F7xx_HAL_Driver/Src/stm32f7xx_ll_fmc.o
                0x000000000800a820                FMC_SDRAM_ProgramRefreshRate
 .text.__errno  0x000000000800a850        0xc c:/st/stm32cubeide_1.8.0/stm32cubeide/plugins/com.st.stm32cube.ide.mcu.externaltools.gnu-tools-for-stm32.9-2020-q2-update.win32_2.0.0.202105311346/tools/bin/../lib/gcc/arm-none-eabi/9.3.1/../../../../arm-none-eabi/lib/thumb/v7e-m+fp/hard\libc_nano.a(lib_a-errno.o)
                0x000000000800a850                __errno
 .text.__libc_init_array
                0x000000000800a85c       0x48 c:/st/stm32cubeide_1.8.0/stm32cubeide/plugins/com.st.stm32cube.ide.mcu.externaltools.gnu-tools-for-stm32.9-2020-q2-update.win32_2.0.0.202105311346/tools/bin/../lib/gcc/arm-none-eabi/9.3.1/../../../../arm-none-eabi/lib/thumb/v7e-m+fp/hard\libc_nano.a(lib_a-init.o)
                0x000000000800a85c                __libc_init_array
 .text.memset   0x000000000800a8a4       0x10 c:/st/stm32cubeide_1.8.0/stm32cubeide/plugins/com.st.stm32cube.ide.mcu.externaltools.gnu-tools-for-stm32.9-2020-q2-update.win32_2.0.0.202105311346/tools/bin/../lib/gcc/arm-none-eabi/9.3.1/../../../../arm-none-eabi/lib/thumb/v7e-m+fp/hard\libc_nano.a(lib_a-memset.o)
                0x000000000800a8a4                memset
 .text.sprintf  0x000000000800a8b4       0x40 c:/st/stm32cubeide_1.8.0/stm32cubeide/plugins/com.st.stm32cube.ide.mcu.externaltools.gnu-tools-for-stm32.9-2020-q2-update.win32_2.0.0.202105311346/tools/bin/../lib/gcc/arm-none-eabi/9.3.1/../../../../arm-none-eabi/lib/thumb/v7e-m+fp/hard\libc_nano.a(lib_a-sprintf.o)
                0x000000000800a8b4                siprintf
                0x000000000800a8b4                sprintf
 .text.__ssputs_r
                0x000000000800a8f4       0xb6 c:/st/stm32cubeide_1.8.0/stm32cubeide/plugins/com.st.stm32cube.ide.mcu.externaltools.gnu-tools-for-stm32.9-2020-q2-update.win32_2.0.0.202105311346/tools/bin/../lib/gcc/arm-none-eabi/9.3.1/../../../../arm-none-eabi/lib/thumb/v7e-m+fp/hard\libc_nano.a(lib_a-nano-svfprintf.o)
                0x000000000800a8f4                __ssputs_r
 *fill*         0x000000000800a9aa        0x2 
 .text._svfprintf_r
                0x000000000800a9ac      0x200 c:/st/stm32cubeide_1.8.0/stm32cubeide/plugins/com.st.stm32cube.ide.mcu.externaltools.gnu-tools-for-stm32.9-2020-q2-update.win32_2.0.0.202105311346/tools/bin/../lib/gcc/arm-none-eabi/9.3.1/../../../../arm-none-eabi/lib/thumb/v7e-m+fp/hard\libc_nano.a(lib_a-nano-svfprintf.o)
                0x000000000800a9ac                _svfiprintf_r
                0x000000000800a9ac                _svfprintf_r
 .text._printf_common
                0x000000000800abac       0xda c:/st/stm32cubeide_1.8.0/stm32cubeide/plugins/com.st.stm32cube.ide.mcu.externaltools.gnu-tools-for-stm32.9-2020-q2-update.win32_2.0.0.202105311346/tools/bin/../lib/gcc/arm-none-eabi/9.3.1/../../../../arm-none-eabi/lib/thumb/v7e-m+fp/hard\libc_nano.a(lib_a-nano-vfprintf_i.o)
                0x000000000800abac                _printf_common
 *fill*         0x000000000800ac86        0x2 
 .text._printf_i
                0x000000000800ac88      0x24c c:/st/stm32cubeide_1.8.0/stm32cubeide/plugins/com.st.stm32cube.ide.mcu.externaltools.gnu-tools-for-stm32.9-2020-q2-update.win32_2.0.0.202105311346/tools/bin/../lib/gcc/arm-none-eabi/9.3.1/../../../../arm-none-eabi/lib/thumb/v7e-m+fp/hard\libc_nano.a(lib_a-nano-vfprintf_i.o)
                0x000000000800ac88                _printf_i
 .text.memcpy   0x000000000800aed4       0x1c c:/st/stm32cubeide_1.8.0/stm32cubeide/plugins/com.st.stm32cube.ide.mcu.externaltools.gnu-tools-for-stm32.9-2020-q2-update.win32_2.0.0.202105311346/tools/bin/../lib/gcc/arm-none-eabi/9.3.1/../../../../arm-none-eabi/lib/thumb/v7e-m+fp/hard\libc_nano.a(lib_a-memcpy-stub.o)
                0x000000000800aed4                memcpy
 .text.memmove  0x000000000800aef0       0x34 c:/st/stm32cubeide_1.8.0/stm32cubeide/plugins/com.st.stm32cube.ide.mcu.externaltools.gnu-tools-for-stm32.9-2020-q2-update.win32_2.0.0.202105311346/tools/bin/../lib/gcc/arm-none-eabi/9.3.1/../../../../arm-none-eabi/lib/thumb/v7e-m+fp/hard\libc_nano.a(lib_a-memmove.o)
                0x000000000800aef0                memmove
 .text._free_r  0x000000000800af24       0xa0 c:/st/stm32cubeide_1.8.0/stm32cubeide/plugins/com.st.stm32cube.ide.mcu.externaltools.gnu-tools-for-stm32.9-2020-q2-update.win32_2.0.0.202105311346/tools/bin/../lib/gcc/arm-none-eabi/9.3.1/../../../../arm-none-eabi/lib/thumb/v7e-m+fp/hard\libc_nano.a(lib_a-nano-freer.o)
                0x000000000800af24                _free_r
 .text._malloc_r
                0x000000000800afc4       0xb4 c:/st/stm32cubeide_1.8.0/stm32cubeide/plugins/com.st.stm32cube.ide.mcu.externaltools.gnu-tools-for-stm32.9-2020-q2-update.win32_2.0.0.202105311346/tools/bin/../lib/gcc/arm-none-eabi/9.3.1/../../../../arm-none-eabi/lib/thumb/v7e-m+fp/hard\libc_nano.a(lib_a-nano-mallocr.o)
                0x000000000800afc4                _malloc_r
 .text._realloc_r
                0x000000000800b078       0x4c c:/st/stm32cubeide_1.8.0/stm32cubeide/plugins/com.st.stm32cube.ide.mcu.externaltools.gnu-tools-for-stm32.9-2020-q2-update.win32_2.0.0.202105311346/tools/bin/../lib/gcc/arm-none-eabi/9.3.1/../../../../arm-none-eabi/lib/thumb/v7e-m+fp/hard\libc_nano.a(lib_a-nano-reallocr.o)
                0x000000000800b078                _realloc_r
 .text._sbrk_r  0x000000000800b0c4       0x20 c:/st/stm32cubeide_1.8.0/stm32cubeide/plugins/com.st.stm32cube.ide.mcu.externaltools.gnu-tools-for-stm32.9-2020-q2-update.win32_2.0.0.202105311346/tools/bin/../lib/gcc/arm-none-eabi/9.3.1/../../../../arm-none-eabi/lib/thumb/v7e-m+fp/hard\libc_nano.a(lib_a-sbrkr.o)
                0x000000000800b0c4                _sbrk_r
 .text.__malloc_lock
                0x000000000800b0e4        0xc c:/st/stm32cubeide_1.8.0/stm32cubeide/plugins/com.st.stm32cube.ide.mcu.externaltools.gnu-tools-for-stm32.9-2020-q2-update.win32_2.0.0.202105311346/tools/bin/../lib/gcc/arm-none-eabi/9.3.1/../../../../arm-none-eabi/lib/thumb/v7e-m+fp/hard\libc_nano.a(lib_a-mlock.o)
                0x000000000800b0e4                __malloc_lock
 .text.__malloc_unlock
                0x000000000800b0f0        0xc c:/st/stm32cubeide_1.8.0/stm32cubeide/plugins/com.st.stm32cube.ide.mcu.externaltools.gnu-tools-for-stm32.9-2020-q2-update.win32_2.0.0.202105311346/tools/bin/../lib/gcc/arm-none-eabi/9.3.1/../../../../arm-none-eabi/lib/thumb/v7e-m+fp/hard\libc_nano.a(lib_a-mlock.o)
                0x000000000800b0f0                __malloc_unlock
 .text._malloc_usable_size_r
                0x000000000800b0fc       0x10 c:/st/stm32cubeide_1.8.0/stm32cubeide/plugins/com.st.stm32cube.ide.mcu.externaltools.gnu-tools-for-stm32.9-2020-q2-update.win32_2.0.0.202105311346/tools/bin/../lib/gcc/arm-none-eabi/9.3.1/../../../../arm-none-eabi/lib/thumb/v7e-m+fp/hard\libc_nano.a(lib_a-nano-msizer.o)
                0x000000000800b0fc                _malloc_usable_size_r
 .text.__retarget_lock_acquire_recursive
                0x000000000800b10c        0x2 c:/st/stm32cubeide_1.8.0/stm32cubeide/plugins/com.st.stm32cube.ide.mcu.externaltools.gnu-tools-for-stm32.9-2020-q2-update.win32_2.0.0.202105311346/tools/bin/../lib/gcc/arm-none-eabi/9.3.1/../../../../arm-none-eabi/lib/thumb/v7e-m+fp/hard\libc_nano.a(lib_a-lock.o)
                0x000000000800b10c                __retarget_lock_acquire_recursive
 .text.__retarget_lock_release_recursive
                0x000000000800b10e        0x2 c:/st/stm32cubeide_1.8.0/stm32cubeide/plugins/com.st.stm32cube.ide.mcu.externaltools.gnu-tools-for-stm32.9-2020-q2-update.win32_2.0.0.202105311346/tools/bin/../lib/gcc/arm-none-eabi/9.3.1/../../../../arm-none-eabi/lib/thumb/v7e-m+fp/hard\libc_nano.a(lib_a-lock.o)
                0x000000000800b10e                __retarget_lock_release_recursive
 *(.glue_7)
 .glue_7        0x000000000800b110        0x0 linker stubs
 *(.glue_7t)
 .glue_7t       0x000000000800b110        0x0 linker stubs
 *(.eh_frame)
 .eh_frame      0x000000000800b110        0x0 c:/st/stm32cubeide_1.8.0/stm32cubeide/plugins/com.st.stm32cube.ide.mcu.externaltools.gnu-tools-for-stm32.9-2020-q2-update.win32_2.0.0.202105311346/tools/bin/../lib/gcc/arm-none-eabi/9.3.1/thumb/v7e-m+fp/hard/crtbegin.o
 *(.init)
 .init          0x000000000800b110        0x4 c:/st/stm32cubeide_1.8.0/stm32cubeide/plugins/com.st.stm32cube.ide.mcu.externaltools.gnu-tools-for-stm32.9-2020-q2-update.win32_2.0.0.202105311346/tools/bin/../lib/gcc/arm-none-eabi/9.3.1/thumb/v7e-m+fp/hard/crti.o
                0x000000000800b110                _init
 .init          0x000000000800b114        0x8 c:/st/stm32cubeide_1.8.0/stm32cubeide/plugins/com.st.stm32cube.ide.mcu.externaltools.gnu-tools-for-stm32.9-2020-q2-update.win32_2.0.0.202105311346/tools/bin/../lib/gcc/arm-none-eabi/9.3.1/thumb/v7e-m+fp/hard/crtn.o
 *(.fini)
 .fini          0x000000000800b11c        0x4 c:/st/stm32cubeide_1.8.0/stm32cubeide/plugins/com.st.stm32cube.ide.mcu.externaltools.gnu-tools-for-stm32.9-2020-q2-update.win32_2.0.0.202105311346/tools/bin/../lib/gcc/arm-none-eabi/9.3.1/thumb/v7e-m+fp/hard/crti.o
                0x000000000800b11c                _fini
 .fini          0x000000000800b120        0x8 c:/st/stm32cubeide_1.8.0/stm32cubeide/plugins/com.st.stm32cube.ide.mcu.externaltools.gnu-tools-for-stm32.9-2020-q2-update.win32_2.0.0.202105311346/tools/bin/../lib/gcc/arm-none-eabi/9.3.1/thumb/v7e-m+fp/hard/crtn.o
                0x000000000800b128                . = ALIGN (0x4)
                0x000000000800b128                _etext = .

.vfp11_veneer   0x000000000800b128        0x0
 .vfp11_veneer  0x000000000800b128        0x0 linker stubs

.v4_bx          0x000000000800b128        0x0
 .v4_bx         0x000000000800b128        0x0 linker stubs

.iplt           0x000000000800b128        0x0
 .iplt          0x000000000800b128        0x0 c:/st/stm32cubeide_1.8.0/stm32cubeide/plugins/com.st.stm32cube.ide.mcu.externaltools.gnu-tools-for-stm32.9-2020-q2-update.win32_2.0.0.202105311346/tools/bin/../lib/gcc/arm-none-eabi/9.3.1/thumb/v7e-m+fp/hard/crtbegin.o

.rodata         0x000000000800b128    0x41c04
                0x000000000800b128                . = ALIGN (0x4)
 *(.rodata)
 .rodata        0x000000000800b128       0x3a ./Core/Src/main.o
 *(.rodata*)
 *fill*         0x000000000800b162        0x2 
 .rodata.HorombeRGB565_bmp
                0x000000000800b164    0x3fc46 ./Core/Src/main.o
                0x000000000800b164                HorombeRGB565_bmp
 *fill*         0x000000000804adaa        0x2 
 .rodata.Font24_Table
                0x000000000804adac     0x1ab8 ./Core/Src/stm32746g_discovery_lcd.o
                0x000000000804adac                Font24_Table
 .rodata.Font12_Table
                0x000000000804c864      0x474 ./Core/Src/stm32746g_discovery_lcd.o
                0x000000000804c864                Font12_Table
 .rodata.AHBPrescTable
                0x000000000804ccd8       0x10 ./Core/Src/system_stm32f7xx.o
                0x000000000804ccd8                AHBPrescTable
 .rodata.APBPrescTable
                0x000000000804cce8        0x8 ./Core/Src/system_stm32f7xx.o
                0x000000000804cce8                APBPrescTable
 .rodata.flagBitshiftOffset.10101
                0x000000000804ccf0        0x8 ./Drivers/STM32F7xx_HAL_Driver/Src/stm32f7xx_hal_dma.o
 .rodata._svfprintf_r.str1.1
                0x000000000804ccf8       0x11 c:/st/stm32cubeide_1.8.0/stm32cubeide/plugins/com.st.stm32cube.ide.mcu.externaltools.gnu-tools-for-stm32.9-2020-q2-update.win32_2.0.0.202105311346/tools/bin/../lib/gcc/arm-none-eabi/9.3.1/../../../../arm-none-eabi/lib/thumb/v7e-m+fp/hard\libc_nano.a(lib_a-nano-svfprintf.o)
 .rodata._printf_i.str1.1
                0x000000000804cd09       0x22 c:/st/stm32cubeide_1.8.0/stm32cubeide/plugins/com.st.stm32cube.ide.mcu.externaltools.gnu-tools-for-stm32.9-2020-q2-update.win32_2.0.0.202105311346/tools/bin/../lib/gcc/arm-none-eabi/9.3.1/../../../../arm-none-eabi/lib/thumb/v7e-m+fp/hard\libc_nano.a(lib_a-nano-vfprintf_i.o)
                0x000000000804cd2c                . = ALIGN (0x4)
 *fill*         0x000000000804cd2b        0x1 

.ARM.extab      0x000000000804cd2c        0x0
                0x000000000804cd2c                . = ALIGN (0x4)
 *(.ARM.extab* .gnu.linkonce.armextab.*)
                0x000000000804cd2c                . = ALIGN (0x4)

.ARM            0x000000000804cd2c        0x8
                0x000000000804cd2c                . = ALIGN (0x4)
                0x000000000804cd2c                __exidx_start = .
 *(.ARM.exidx*)
 .ARM.exidx     0x000000000804cd2c        0x8 c:/st/stm32cubeide_1.8.0/stm32cubeide/plugins/com.st.stm32cube.ide.mcu.externaltools.gnu-tools-for-stm32.9-2020-q2-update.win32_2.0.0.202105311346/tools/bin/../lib/gcc/arm-none-eabi/9.3.1/thumb/v7e-m+fp/hard\libgcc.a(_udivmoddi4.o)
                0x000000000804cd34                __exidx_end = .
                0x000000000804cd34                . = ALIGN (0x4)

.rel.dyn        0x000000000804cd34        0x0
 .rel.iplt      0x000000000804cd34        0x0 c:/st/stm32cubeide_1.8.0/stm32cubeide/plugins/com.st.stm32cube.ide.mcu.externaltools.gnu-tools-for-stm32.9-2020-q2-update.win32_2.0.0.202105311346/tools/bin/../lib/gcc/arm-none-eabi/9.3.1/thumb/v7e-m+fp/hard/crtbegin.o

.preinit_array  0x000000000804cd34        0x0
                0x000000000804cd34                . = ALIGN (0x4)
                0x000000000804cd34                PROVIDE (__preinit_array_start = .)
 *(.preinit_array*)
                0x000000000804cd34                PROVIDE (__preinit_array_end = .)
                0x000000000804cd34                . = ALIGN (0x4)

.init_array     0x000000000804cd34        0x4
                0x000000000804cd34                . = ALIGN (0x4)
                0x000000000804cd34                PROVIDE (__init_array_start = .)
 *(SORT_BY_NAME(.init_array.*))
 *(.init_array*)
 .init_array    0x000000000804cd34        0x4 c:/st/stm32cubeide_1.8.0/stm32cubeide/plugins/com.st.stm32cube.ide.mcu.externaltools.gnu-tools-for-stm32.9-2020-q2-update.win32_2.0.0.202105311346/tools/bin/../lib/gcc/arm-none-eabi/9.3.1/thumb/v7e-m+fp/hard/crtbegin.o
                0x000000000804cd38                PROVIDE (__init_array_end = .)
                0x000000000804cd38                . = ALIGN (0x4)

.fini_array     0x000000000804cd38        0x4
                0x000000000804cd38                . = ALIGN (0x4)
                [!provide]                        PROVIDE (__fini_array_start = .)
 *(SORT_BY_NAME(.fini_array.*))
 *(.fini_array*)
 .fini_array    0x000000000804cd38        0x4 c:/st/stm32cubeide_1.8.0/stm32cubeide/plugins/com.st.stm32cube.ide.mcu.externaltools.gnu-tools-for-stm32.9-2020-q2-update.win32_2.0.0.202105311346/tools/bin/../lib/gcc/arm-none-eabi/9.3.1/thumb/v7e-m+fp/hard/crtbegin.o
                [!provide]                        PROVIDE (__fini_array_end = .)
                0x000000000804cd3c                . = ALIGN (0x4)
                0x000000000804cd3c                _sidata = LOADADDR (.data)

.data           0x0000000020000000       0xac load address 0x000000000804cd3c
                0x0000000020000000                . = ALIGN (0x4)
                0x0000000020000000                _sdata = .
 *(.data)
 *(.data*)
 .data.ft5336_ts_drv
                0x0000000020000000       0x28 ./Core/Src/ft5336.o
                0x0000000020000000                ft5336_ts_drv
 .data.Font24   0x0000000020000028        0x8 ./Core/Src/stm32746g_discovery_lcd.o
                0x0000000020000028                Font24
 .data.Font12   0x0000000020000030        0x8 ./Core/Src/stm32746g_discovery_lcd.o
                0x0000000020000030                Font12
 .data.sdramstatus.10017
                0x0000000020000038        0x1 ./Core/Src/stm32746g_discovery_sdram.o
 *fill*         0x0000000020000039        0x3 
 .data.SystemCoreClock
                0x000000002000003c        0x4 ./Core/Src/system_stm32f7xx.o
                0x000000002000003c                SystemCoreClock
 .data.uwTickPrio
                0x0000000020000040        0x4 ./Drivers/STM32F7xx_HAL_Driver/Src/stm32f7xx_hal.o
                0x0000000020000040                uwTickPrio
 .data.uwTickFreq
                0x0000000020000044        0x1 ./Drivers/STM32F7xx_HAL_Driver/Src/stm32f7xx_hal.o
                0x0000000020000044                uwTickFreq
 *fill*         0x0000000020000045        0x3 
 .data._impure_ptr
                0x0000000020000048        0x4 c:/st/stm32cubeide_1.8.0/stm32cubeide/plugins/com.st.stm32cube.ide.mcu.externaltools.gnu-tools-for-stm32.9-2020-q2-update.win32_2.0.0.202105311346/tools/bin/../lib/gcc/arm-none-eabi/9.3.1/../../../../arm-none-eabi/lib/thumb/v7e-m+fp/hard\libc_nano.a(lib_a-impure.o)
                0x0000000020000048                _impure_ptr
 .data.impure_data
                0x000000002000004c       0x60 c:/st/stm32cubeide_1.8.0/stm32cubeide/plugins/com.st.stm32cube.ide.mcu.externaltools.gnu-tools-for-stm32.9-2020-q2-update.win32_2.0.0.202105311346/tools/bin/../lib/gcc/arm-none-eabi/9.3.1/../../../../arm-none-eabi/lib/thumb/v7e-m+fp/hard\libc_nano.a(lib_a-impure.o)
 *(.RamFunc)
 *(.RamFunc*)
                0x00000000200000ac                . = ALIGN (0x4)
                0x00000000200000ac                _edata = .

.igot.plt       0x00000000200000ac        0x0 load address 0x000000000804cde8
 .igot.plt      0x00000000200000ac        0x0 c:/st/stm32cubeide_1.8.0/stm32cubeide/plugins/com.st.stm32cube.ide.mcu.externaltools.gnu-tools-for-stm32.9-2020-q2-update.win32_2.0.0.202105311346/tools/bin/../lib/gcc/arm-none-eabi/9.3.1/thumb/v7e-m+fp/hard/crtbegin.o
                0x00000000200000ac                . = ALIGN (0x4)

.bss            0x00000000200000ac      0x96c load address 0x000000000804cde8
                0x00000000200000ac                _sbss = .
                0x00000000200000ac                __bss_start__ = _sbss
 *(.bss)
 .bss           0x00000000200000ac       0x1c c:/st/stm32cubeide_1.8.0/stm32cubeide/plugins/com.st.stm32cube.ide.mcu.externaltools.gnu-tools-for-stm32.9-2020-q2-update.win32_2.0.0.202105311346/tools/bin/../lib/gcc/arm-none-eabi/9.3.1/thumb/v7e-m+fp/hard/crtbegin.o
 *(.bss*)
 .bss.ft5336_handle
                0x00000000200000c8        0x3 ./Core/Src/ft5336.o
 *fill*         0x00000000200000cb        0x1 
 .bss.coord.5659
                0x00000000200000cc        0x2 ./Core/Src/ft5336.o
 *fill*         0x00000000200000ce        0x2 
 .bss.TS_State.11459
                0x00000000200000d0       0x2c ./Core/Src/main.o
 .bss.hI2cAudioHandler
                0x00000000200000fc       0x4c ./Core/Src/stm32746g_discovery.o
 .bss.hDma2dHandler
                0x0000000020000148       0x40 ./Core/Src/stm32746g_discovery_lcd.o
 .bss.ActiveLayer
                0x0000000020000188        0x4 ./Core/Src/stm32746g_discovery_lcd.o
 .bss.DrawProp  0x000000002000018c       0x18 ./Core/Src/stm32746g_discovery_lcd.o
 .bss.periph_clk_init_struct.10604
                0x00000000200001a4       0x84 ./Core/Src/stm32746g_discovery_lcd.o
 .bss.Timing    0x0000000020000228       0x1c ./Core/Src/stm32746g_discovery_sdram.o
 .bss.Command   0x0000000020000244       0x10 ./Core/Src/stm32746g_discovery_sdram.o
 .bss.dma_handle.10053
                0x0000000020000254       0x60 ./Core/Src/stm32746g_discovery_sdram.o
 .bss.tsDriver  0x00000000200002b4        0x4 ./Core/Src/stm32746g_discovery_ts.o
 .bss.tsXBoundary
                0x00000000200002b8        0x2 ./Core/Src/stm32746g_discovery_ts.o
 .bss.tsYBoundary
                0x00000000200002ba        0x2 ./Core/Src/stm32746g_discovery_ts.o
 .bss.tsOrientation
                0x00000000200002bc        0x1 ./Core/Src/stm32746g_discovery_ts.o
 .bss.I2cAddress
                0x00000000200002bd        0x1 ./Core/Src/stm32746g_discovery_ts.o
 *fill*         0x00000000200002be        0x2 
 .bss._x.10169  0x00000000200002c0       0x14 ./Core/Src/stm32746g_discovery_ts.o
 .bss._y.10170  0x00000000200002d4       0x14 ./Core/Src/stm32746g_discovery_ts.o
 .bss.FMC_Initialized
                0x00000000200002e8        0x4 ./Core/Src/stm32f7xx_hal_msp.o
 .bss.__sbrk_heap_end
                0x00000000200002ec        0x4 ./Core/Src/sysmem.o
 .bss.__malloc_free_list
                0x00000000200002f0        0x4 c:/st/stm32cubeide_1.8.0/stm32cubeide/plugins/com.st.stm32cube.ide.mcu.externaltools.gnu-tools-for-stm32.9-2020-q2-update.win32_2.0.0.202105311346/tools/bin/../lib/gcc/arm-none-eabi/9.3.1/../../../../arm-none-eabi/lib/thumb/v7e-m+fp/hard\libc_nano.a(lib_a-nano-mallocr.o)
                0x00000000200002f0                __malloc_free_list
 .bss.__malloc_sbrk_start
                0x00000000200002f4        0x4 c:/st/stm32cubeide_1.8.0/stm32cubeide/plugins/com.st.stm32cube.ide.mcu.externaltools.gnu-tools-for-stm32.9-2020-q2-update.win32_2.0.0.202105311346/tools/bin/../lib/gcc/arm-none-eabi/9.3.1/../../../../arm-none-eabi/lib/thumb/v7e-m+fp/hard\libc_nano.a(lib_a-nano-mallocr.o)
                0x00000000200002f4                __malloc_sbrk_start
 *(COMMON)
 COMMON         0x00000000200002f8      0x5e4 ./Core/Src/main.o
                0x00000000200002f8                hi2c3
                0x0000000020000344                hspi2
                0x00000000200003a8                huart7
                0x000000002000042c                htim8
                0x0000000020000478                hi2c1
                0x00000000200004c4                htim5
                0x0000000020000510                htim3
                0x000000002000055c                hltdc
                0x0000000020000604                hadc1
                0x000000002000064c                hadc3
                0x0000000020000694                huart1
                0x0000000020000718                hdac
                0x000000002000072c                hrtc
                0x000000002000074c                htim1
                0x0000000020000798                huart6
                0x000000002000081c                hdma2d
                0x000000002000085c                htim2
                0x00000000200008a8                hsdram1
 COMMON         0x00000000200008dc       0xa8 ./Core/Src/stm32746g_discovery_lcd.o
                0x00000000200008dc                hLtdcHandler
 COMMON         0x0000000020000984       0x34 ./Core/Src/stm32746g_discovery_sdram.o
                0x0000000020000984                sdramHandle
 COMMON         0x00000000200009b8       0x4c ./Core/Src/stm32f7xx_hal_timebase_tim.o
                0x00000000200009b8                htim6
 COMMON         0x0000000020000a04        0x4 ./Drivers/STM32F7xx_HAL_Driver/Src/stm32f7xx_hal.o
                0x0000000020000a04                uwTick
 COMMON         0x0000000020000a08        0x4 c:/st/stm32cubeide_1.8.0/stm32cubeide/plugins/com.st.stm32cube.ide.mcu.externaltools.gnu-tools-for-stm32.9-2020-q2-update.win32_2.0.0.202105311346/tools/bin/../lib/gcc/arm-none-eabi/9.3.1/../../../../arm-none-eabi/lib/thumb/v7e-m+fp/hard\libc_nano.a(lib_a-reent.o)
                0x0000000020000a08                errno
 COMMON         0x0000000020000a0c        0x9 c:/st/stm32cubeide_1.8.0/stm32cubeide/plugins/com.st.stm32cube.ide.mcu.externaltools.gnu-tools-for-stm32.9-2020-q2-update.win32_2.0.0.202105311346/tools/bin/../lib/gcc/arm-none-eabi/9.3.1/../../../../arm-none-eabi/lib/thumb/v7e-m+fp/hard\libc_nano.a(lib_a-lock.o)
                0x0000000020000a0c                __lock___atexit_recursive_mutex
                0x0000000020000a0d                __lock___arc4random_mutex
                0x0000000020000a0e                __lock___env_recursive_mutex
                0x0000000020000a0f                __lock___sinit_recursive_mutex
                0x0000000020000a10                __lock___malloc_recursive_mutex
                0x0000000020000a11                __lock___at_quick_exit_mutex
                0x0000000020000a12                __lock___dd_hash_mutex
                0x0000000020000a13                __lock___tz_mutex
                0x0000000020000a14                __lock___sfp_recursive_mutex
                0x0000000020000a18                . = ALIGN (0x4)
 *fill*         0x0000000020000a15        0x3 
                0x0000000020000a18                _ebss = .
                0x0000000020000a18                __bss_end__ = _ebss

._user_heap_stack
                0x0000000020000a18      0x600 load address 0x000000000804cde8
                0x0000000020000a18                . = ALIGN (0x8)
                [!provide]                        PROVIDE (end = .)
                0x0000000020000a18                PROVIDE (_end = .)
                0x0000000020000c18                . = (. + _Min_Heap_Size)
 *fill*         0x0000000020000a18      0x200 
                0x0000000020001018                . = (. + _Min_Stack_Size)
 *fill*         0x0000000020000c18      0x400 
                0x0000000020001018                . = ALIGN (0x8)

/DISCARD/
 libc.a(*)
 libm.a(*)
 libgcc.a(*)

.ARM.attributes
                0x0000000000000000       0x30
 *(.ARM.attributes)
 .ARM.attributes
                0x0000000000000000       0x1e c:/st/stm32cubeide_1.8.0/stm32cubeide/plugins/com.st.stm32cube.ide.mcu.externaltools.gnu-tools-for-stm32.9-2020-q2-update.win32_2.0.0.202105311346/tools/bin/../lib/gcc/arm-none-eabi/9.3.1/thumb/v7e-m+fp/hard/crti.o
 .ARM.attributes
                0x000000000000001e       0x34 c:/st/stm32cubeide_1.8.0/stm32cubeide/plugins/com.st.stm32cube.ide.mcu.externaltools.gnu-tools-for-stm32.9-2020-q2-update.win32_2.0.0.202105311346/tools/bin/../lib/gcc/arm-none-eabi/9.3.1/thumb/v7e-m+fp/hard/crtbegin.o
 .ARM.attributes
                0x0000000000000052       0x34 ./Core/Src/ft5336.o
 .ARM.attributes
                0x0000000000000086       0x34 ./Core/Src/main.o
 .ARM.attributes
                0x00000000000000ba       0x34 ./Core/Src/stm32746g_discovery.o
 .ARM.attributes
                0x00000000000000ee       0x34 ./Core/Src/stm32746g_discovery_lcd.o
 .ARM.attributes
                0x0000000000000122       0x34 ./Core/Src/stm32746g_discovery_sdram.o
 .ARM.attributes
                0x0000000000000156       0x34 ./Core/Src/stm32746g_discovery_ts.o
 .ARM.attributes
                0x000000000000018a       0x34 ./Core/Src/stm32f7xx_hal_msp.o
 .ARM.attributes
                0x00000000000001be       0x34 ./Core/Src/stm32f7xx_hal_timebase_tim.o
 .ARM.attributes
                0x00000000000001f2       0x34 ./Core/Src/stm32f7xx_it.o
 .ARM.attributes
                0x0000000000000226       0x34 ./Core/Src/sysmem.o
 .ARM.attributes
                0x000000000000025a       0x34 ./Core/Src/system_stm32f7xx.o
 .ARM.attributes
                0x000000000000028e       0x21 ./Core/Startup/startup_stm32f746nghx.o
 .ARM.attributes
                0x00000000000002af       0x34 ./Drivers/STM32F7xx_HAL_Driver/Src/stm32f7xx_hal.o
 .ARM.attributes
                0x00000000000002e3       0x34 ./Drivers/STM32F7xx_HAL_Driver/Src/stm32f7xx_hal_adc.o
 .ARM.attributes
                0x0000000000000317       0x34 ./Drivers/STM32F7xx_HAL_Driver/Src/stm32f7xx_hal_cortex.o
 .ARM.attributes
                0x000000000000034b       0x34 ./Drivers/STM32F7xx_HAL_Driver/Src/stm32f7xx_hal_dac.o
 .ARM.attributes
                0x000000000000037f       0x34 ./Drivers/STM32F7xx_HAL_Driver/Src/stm32f7xx_hal_dac_ex.o
 .ARM.attributes
                0x00000000000003b3       0x34 ./Drivers/STM32F7xx_HAL_Driver/Src/stm32f7xx_hal_dma.o
 .ARM.attributes
                0x00000000000003e7       0x34 ./Drivers/STM32F7xx_HAL_Driver/Src/stm32f7xx_hal_dma2d.o
 .ARM.attributes
                0x000000000000041b       0x34 ./Drivers/STM32F7xx_HAL_Driver/Src/stm32f7xx_hal_gpio.o
 .ARM.attributes
                0x000000000000044f       0x34 ./Drivers/STM32F7xx_HAL_Driver/Src/stm32f7xx_hal_i2c.o
 .ARM.attributes
                0x0000000000000483       0x34 ./Drivers/STM32F7xx_HAL_Driver/Src/stm32f7xx_hal_i2c_ex.o
 .ARM.attributes
                0x00000000000004b7       0x34 ./Drivers/STM32F7xx_HAL_Driver/Src/stm32f7xx_hal_ltdc.o
 .ARM.attributes
                0x00000000000004eb       0x34 ./Drivers/STM32F7xx_HAL_Driver/Src/stm32f7xx_hal_pwr.o
 .ARM.attributes
                0x000000000000051f       0x34 ./Drivers/STM32F7xx_HAL_Driver/Src/stm32f7xx_hal_pwr_ex.o
 .ARM.attributes
                0x0000000000000553       0x34 ./Drivers/STM32F7xx_HAL_Driver/Src/stm32f7xx_hal_rcc.o
 .ARM.attributes
                0x0000000000000587       0x34 ./Drivers/STM32F7xx_HAL_Driver/Src/stm32f7xx_hal_rcc_ex.o
 .ARM.attributes
                0x00000000000005bb       0x34 ./Drivers/STM32F7xx_HAL_Driver/Src/stm32f7xx_hal_rtc.o
 .ARM.attributes
                0x00000000000005ef       0x34 ./Drivers/STM32F7xx_HAL_Driver/Src/stm32f7xx_hal_rtc_ex.o
 .ARM.attributes
                0x0000000000000623       0x34 ./Drivers/STM32F7xx_HAL_Driver/Src/stm32f7xx_hal_sdram.o
 .ARM.attributes
                0x0000000000000657       0x34 ./Drivers/STM32F7xx_HAL_Driver/Src/stm32f7xx_hal_spi.o
 .ARM.attributes
                0x000000000000068b       0x34 ./Drivers/STM32F7xx_HAL_Driver/Src/stm32f7xx_hal_tim.o
 .ARM.attributes
                0x00000000000006bf       0x34 ./Drivers/STM32F7xx_HAL_Driver/Src/stm32f7xx_hal_tim_ex.o
 .ARM.attributes
                0x00000000000006f3       0x34 ./Drivers/STM32F7xx_HAL_Driver/Src/stm32f7xx_hal_uart.o
 .ARM.attributes
                0x0000000000000727       0x34 ./Drivers/STM32F7xx_HAL_Driver/Src/stm32f7xx_ll_fmc.o
 .ARM.attributes
                0x000000000000075b       0x34 c:/st/stm32cubeide_1.8.0/stm32cubeide/plugins/com.st.stm32cube.ide.mcu.externaltools.gnu-tools-for-stm32.9-2020-q2-update.win32_2.0.0.202105311346/tools/bin/../lib/gcc/arm-none-eabi/9.3.1/../../../../arm-none-eabi/lib/thumb/v7e-m+fp/hard\libc_nano.a(lib_a-errno.o)
 .ARM.attributes
                0x000000000000078f       0x32 c:/st/stm32cubeide_1.8.0/stm32cubeide/plugins/com.st.stm32cube.ide.mcu.externaltools.gnu-tools-for-stm32.9-2020-q2-update.win32_2.0.0.202105311346/tools/bin/../lib/gcc/arm-none-eabi/9.3.1/../../../../arm-none-eabi/lib/thumb/v7e-m+fp/hard\libc_nano.a(lib_a-impure.o)
 .ARM.attributes
                0x00000000000007c1       0x34 c:/st/stm32cubeide_1.8.0/stm32cubeide/plugins/com.st.stm32cube.ide.mcu.externaltools.gnu-tools-for-stm32.9-2020-q2-update.win32_2.0.0.202105311346/tools/bin/../lib/gcc/arm-none-eabi/9.3.1/../../../../arm-none-eabi/lib/thumb/v7e-m+fp/hard\libc_nano.a(lib_a-init.o)
 .ARM.attributes
                0x00000000000007f5       0x34 c:/st/stm32cubeide_1.8.0/stm32cubeide/plugins/com.st.stm32cube.ide.mcu.externaltools.gnu-tools-for-stm32.9-2020-q2-update.win32_2.0.0.202105311346/tools/bin/../lib/gcc/arm-none-eabi/9.3.1/../../../../arm-none-eabi/lib/thumb/v7e-m+fp/hard\libc_nano.a(lib_a-memset.o)
 .ARM.attributes
                0x0000000000000829       0x34 c:/st/stm32cubeide_1.8.0/stm32cubeide/plugins/com.st.stm32cube.ide.mcu.externaltools.gnu-tools-for-stm32.9-2020-q2-update.win32_2.0.0.202105311346/tools/bin/../lib/gcc/arm-none-eabi/9.3.1/../../../../arm-none-eabi/lib/thumb/v7e-m+fp/hard\libc_nano.a(lib_a-sprintf.o)
 .ARM.attributes
                0x000000000000085d       0x34 c:/st/stm32cubeide_1.8.0/stm32cubeide/plugins/com.st.stm32cube.ide.mcu.externaltools.gnu-tools-for-stm32.9-2020-q2-update.win32_2.0.0.202105311346/tools/bin/../lib/gcc/arm-none-eabi/9.3.1/../../../../arm-none-eabi/lib/thumb/v7e-m+fp/hard\libc_nano.a(lib_a-nano-svfprintf.o)
 .ARM.attributes
                0x0000000000000891       0x34 c:/st/stm32cubeide_1.8.0/stm32cubeide/plugins/com.st.stm32cube.ide.mcu.externaltools.gnu-tools-for-stm32.9-2020-q2-update.win32_2.0.0.202105311346/tools/bin/../lib/gcc/arm-none-eabi/9.3.1/../../../../arm-none-eabi/lib/thumb/v7e-m+fp/hard\libc_nano.a(lib_a-nano-vfprintf_i.o)
 .ARM.attributes
                0x00000000000008c5       0x1c c:/st/stm32cubeide_1.8.0/stm32cubeide/plugins/com.st.stm32cube.ide.mcu.externaltools.gnu-tools-for-stm32.9-2020-q2-update.win32_2.0.0.202105311346/tools/bin/../lib/gcc/arm-none-eabi/9.3.1/../../../../arm-none-eabi/lib/thumb/v7e-m+fp/hard\libc_nano.a(lib_a-memchr.o)
 .ARM.attributes
                0x00000000000008e1       0x34 c:/st/stm32cubeide_1.8.0/stm32cubeide/plugins/com.st.stm32cube.ide.mcu.externaltools.gnu-tools-for-stm32.9-2020-q2-update.win32_2.0.0.202105311346/tools/bin/../lib/gcc/arm-none-eabi/9.3.1/../../../../arm-none-eabi/lib/thumb/v7e-m+fp/hard\libc_nano.a(lib_a-memcpy-stub.o)
 .ARM.attributes
                0x0000000000000915       0x34 c:/st/stm32cubeide_1.8.0/stm32cubeide/plugins/com.st.stm32cube.ide.mcu.externaltools.gnu-tools-for-stm32.9-2020-q2-update.win32_2.0.0.202105311346/tools/bin/../lib/gcc/arm-none-eabi/9.3.1/../../../../arm-none-eabi/lib/thumb/v7e-m+fp/hard\libc_nano.a(lib_a-memmove.o)
 .ARM.attributes
                0x0000000000000949       0x34 c:/st/stm32cubeide_1.8.0/stm32cubeide/plugins/com.st.stm32cube.ide.mcu.externaltools.gnu-tools-for-stm32.9-2020-q2-update.win32_2.0.0.202105311346/tools/bin/../lib/gcc/arm-none-eabi/9.3.1/../../../../arm-none-eabi/lib/thumb/v7e-m+fp/hard\libc_nano.a(lib_a-nano-freer.o)
 .ARM.attributes
                0x000000000000097d       0x34 c:/st/stm32cubeide_1.8.0/stm32cubeide/plugins/com.st.stm32cube.ide.mcu.externaltools.gnu-tools-for-stm32.9-2020-q2-update.win32_2.0.0.202105311346/tools/bin/../lib/gcc/arm-none-eabi/9.3.1/../../../../arm-none-eabi/lib/thumb/v7e-m+fp/hard\libc_nano.a(lib_a-nano-mallocr.o)
 .ARM.attributes
                0x00000000000009b1       0x34 c:/st/stm32cubeide_1.8.0/stm32cubeide/plugins/com.st.stm32cube.ide.mcu.externaltools.gnu-tools-for-stm32.9-2020-q2-update.win32_2.0.0.202105311346/tools/bin/../lib/gcc/arm-none-eabi/9.3.1/../../../../arm-none-eabi/lib/thumb/v7e-m+fp/hard\libc_nano.a(lib_a-nano-reallocr.o)
 .ARM.attributes
                0x00000000000009e5       0x34 c:/st/stm32cubeide_1.8.0/stm32cubeide/plugins/com.st.stm32cube.ide.mcu.externaltools.gnu-tools-for-stm32.9-2020-q2-update.win32_2.0.0.202105311346/tools/bin/../lib/gcc/arm-none-eabi/9.3.1/../../../../arm-none-eabi/lib/thumb/v7e-m+fp/hard\libc_nano.a(lib_a-sbrkr.o)
 .ARM.attributes
                0x0000000000000a19       0x34 c:/st/stm32cubeide_1.8.0/stm32cubeide/plugins/com.st.stm32cube.ide.mcu.externaltools.gnu-tools-for-stm32.9-2020-q2-update.win32_2.0.0.202105311346/tools/bin/../lib/gcc/arm-none-eabi/9.3.1/../../../../arm-none-eabi/lib/thumb/v7e-m+fp/hard\libc_nano.a(lib_a-mlock.o)
 .ARM.attributes
                0x0000000000000a4d       0x34 c:/st/stm32cubeide_1.8.0/stm32cubeide/plugins/com.st.stm32cube.ide.mcu.externaltools.gnu-tools-for-stm32.9-2020-q2-update.win32_2.0.0.202105311346/tools/bin/../lib/gcc/arm-none-eabi/9.3.1/../../../../arm-none-eabi/lib/thumb/v7e-m+fp/hard\libc_nano.a(lib_a-nano-msizer.o)
 .ARM.attributes
                0x0000000000000a81       0x34 c:/st/stm32cubeide_1.8.0/stm32cubeide/plugins/com.st.stm32cube.ide.mcu.externaltools.gnu-tools-for-stm32.9-2020-q2-update.win32_2.0.0.202105311346/tools/bin/../lib/gcc/arm-none-eabi/9.3.1/../../../../arm-none-eabi/lib/thumb/v7e-m+fp/hard\libc_nano.a(lib_a-reent.o)
 .ARM.attributes
                0x0000000000000ab5       0x34 c:/st/stm32cubeide_1.8.0/stm32cubeide/plugins/com.st.stm32cube.ide.mcu.externaltools.gnu-tools-for-stm32.9-2020-q2-update.win32_2.0.0.202105311346/tools/bin/../lib/gcc/arm-none-eabi/9.3.1/../../../../arm-none-eabi/lib/thumb/v7e-m+fp/hard\libc_nano.a(lib_a-lock.o)
 .ARM.attributes
                0x0000000000000ae9       0x1e c:/st/stm32cubeide_1.8.0/stm32cubeide/plugins/com.st.stm32cube.ide.mcu.externaltools.gnu-tools-for-stm32.9-2020-q2-update.win32_2.0.0.202105311346/tools/bin/../lib/gcc/arm-none-eabi/9.3.1/thumb/v7e-m+fp/hard\libgcc.a(_aeabi_uldivmod.o)
 .ARM.attributes
                0x0000000000000b07       0x34 c:/st/stm32cubeide_1.8.0/stm32cubeide/plugins/com.st.stm32cube.ide.mcu.externaltools.gnu-tools-for-stm32.9-2020-q2-update.win32_2.0.0.202105311346/tools/bin/../lib/gcc/arm-none-eabi/9.3.1/thumb/v7e-m+fp/hard\libgcc.a(_udivmoddi4.o)
 .ARM.attributes
                0x0000000000000b3b       0x1e c:/st/stm32cubeide_1.8.0/stm32cubeide/plugins/com.st.stm32cube.ide.mcu.externaltools.gnu-tools-for-stm32.9-2020-q2-update.win32_2.0.0.202105311346/tools/bin/../lib/gcc/arm-none-eabi/9.3.1/thumb/v7e-m+fp/hard\libgcc.a(_dvmd_tls.o)
 .ARM.attributes
                0x0000000000000b59       0x1e c:/st/stm32cubeide_1.8.0/stm32cubeide/plugins/com.st.stm32cube.ide.mcu.externaltools.gnu-tools-for-stm32.9-2020-q2-update.win32_2.0.0.202105311346/tools/bin/../lib/gcc/arm-none-eabi/9.3.1/thumb/v7e-m+fp/hard/crtn.o
OUTPUT(projetdemo2022.elf elf32-littlearm)
LOAD linker stubs
LOAD c:/st/stm32cubeide_1.8.0/stm32cubeide/plugins/com.st.stm32cube.ide.mcu.externaltools.gnu-tools-for-stm32.9-2020-q2-update.win32_2.0.0.202105311346/tools/bin/../lib/gcc/arm-none-eabi/9.3.1/../../../../arm-none-eabi/lib/thumb/v7e-m+fp/hard\libc.a
LOAD c:/st/stm32cubeide_1.8.0/stm32cubeide/plugins/com.st.stm32cube.ide.mcu.externaltools.gnu-tools-for-stm32.9-2020-q2-update.win32_2.0.0.202105311346/tools/bin/../lib/gcc/arm-none-eabi/9.3.1/../../../../arm-none-eabi/lib/thumb/v7e-m+fp/hard\libm.a
LOAD c:/st/stm32cubeide_1.8.0/stm32cubeide/plugins/com.st.stm32cube.ide.mcu.externaltools.gnu-tools-for-stm32.9-2020-q2-update.win32_2.0.0.202105311346/tools/bin/../lib/gcc/arm-none-eabi/9.3.1/thumb/v7e-m+fp/hard\libgcc.a

.debug_info     0x0000000000000000    0x292aa
 .debug_info    0x0000000000000000      0x5e0 ./Core/Src/ft5336.o
 .debug_info    0x00000000000005e0     0x3a05 ./Core/Src/main.o
 .debug_info    0x0000000000003fe5     0x1b49 ./Core/Src/stm32746g_discovery.o
 .debug_info    0x0000000000005b2e     0x2492 ./Core/Src/stm32746g_discovery_lcd.o
 .debug_info    0x0000000000007fc0      0xfe8 ./Core/Src/stm32746g_discovery_sdram.o
 .debug_info    0x0000000000008fa8      0xa42 ./Core/Src/stm32746g_discovery_ts.o
 .debug_info    0x00000000000099ea     0x3093 ./Core/Src/stm32f7xx_hal_msp.o
 .debug_info    0x000000000000ca7d      0xd41 ./Core/Src/stm32f7xx_hal_timebase_tim.o
 .debug_info    0x000000000000d7be     0x10b7 ./Core/Src/stm32f7xx_it.o
 .debug_info    0x000000000000e875      0xa25 ./Core/Src/sysmem.o
 .debug_info    0x000000000000f29a      0x7ad ./Core/Src/system_stm32f7xx.o
 .debug_info    0x000000000000fa47       0x22 ./Core/Startup/startup_stm32f746nghx.o
 .debug_info    0x000000000000fa69      0xa42 ./Drivers/STM32F7xx_HAL_Driver/Src/stm32f7xx_hal.o
 .debug_info    0x00000000000104ab      0xd86 ./Drivers/STM32F7xx_HAL_Driver/Src/stm32f7xx_hal_adc.o
 .debug_info    0x0000000000011231     0x1116 ./Drivers/STM32F7xx_HAL_Driver/Src/stm32f7xx_hal_cortex.o
 .debug_info    0x0000000000012347      0xac4 ./Drivers/STM32F7xx_HAL_Driver/Src/stm32f7xx_hal_dac.o
 .debug_info    0x0000000000012e0b      0x8a7 ./Drivers/STM32F7xx_HAL_Driver/Src/stm32f7xx_hal_dac_ex.o
 .debug_info    0x00000000000136b2      0x9f1 ./Drivers/STM32F7xx_HAL_Driver/Src/stm32f7xx_hal_dma.o
 .debug_info    0x00000000000140a3     0x1067 ./Drivers/STM32F7xx_HAL_Driver/Src/stm32f7xx_hal_dma2d.o
 .debug_info    0x000000000001510a      0x868 ./Drivers/STM32F7xx_HAL_Driver/Src/stm32f7xx_hal_gpio.o
 .debug_info    0x0000000000015972     0x228e ./Drivers/STM32F7xx_HAL_Driver/Src/stm32f7xx_hal_i2c.o
 .debug_info    0x0000000000017c00      0xa8e ./Drivers/STM32F7xx_HAL_Driver/Src/stm32f7xx_hal_i2c_ex.o
 .debug_info    0x000000000001868e     0x1205 ./Drivers/STM32F7xx_HAL_Driver/Src/stm32f7xx_hal_ltdc.o
 .debug_info    0x0000000000019893      0xa4c ./Drivers/STM32F7xx_HAL_Driver/Src/stm32f7xx_hal_pwr.o
 .debug_info    0x000000000001a2df      0x9f6 ./Drivers/STM32F7xx_HAL_Driver/Src/stm32f7xx_hal_pwr_ex.o
 .debug_info    0x000000000001acd5      0x9cc ./Drivers/STM32F7xx_HAL_Driver/Src/stm32f7xx_hal_rcc.o
 .debug_info    0x000000000001b6a1      0x82c ./Drivers/STM32F7xx_HAL_Driver/Src/stm32f7xx_hal_rcc_ex.o
 .debug_info    0x000000000001becd      0xde8 ./Drivers/STM32F7xx_HAL_Driver/Src/stm32f7xx_hal_rtc.o
 .debug_info    0x000000000001ccb5     0x10f0 ./Drivers/STM32F7xx_HAL_Driver/Src/stm32f7xx_hal_rtc_ex.o
 .debug_info    0x000000000001dda5      0xeec ./Drivers/STM32F7xx_HAL_Driver/Src/stm32f7xx_hal_sdram.o
 .debug_info    0x000000000001ec91     0x186a ./Drivers/STM32F7xx_HAL_Driver/Src/stm32f7xx_hal_spi.o
 .debug_info    0x00000000000204fb     0x2d3e ./Drivers/STM32F7xx_HAL_Driver/Src/stm32f7xx_hal_tim.o
 .debug_info    0x0000000000023239     0x1688 ./Drivers/STM32F7xx_HAL_Driver/Src/stm32f7xx_hal_tim_ex.o
 .debug_info    0x00000000000248c1     0x3cd4 ./Drivers/STM32F7xx_HAL_Driver/Src/stm32f7xx_hal_uart.o
 .debug_info    0x0000000000028595      0xd15 ./Drivers/STM32F7xx_HAL_Driver/Src/stm32f7xx_ll_fmc.o

.debug_abbrev   0x0000000000000000     0x49fd
 .debug_abbrev  0x0000000000000000      0x212 ./Core/Src/ft5336.o
 .debug_abbrev  0x0000000000000212      0x308 ./Core/Src/main.o
 .debug_abbrev  0x000000000000051a      0x2bd ./Core/Src/stm32746g_discovery.o
 .debug_abbrev  0x00000000000007d7      0x2d2 ./Core/Src/stm32746g_discovery_lcd.o
 .debug_abbrev  0x0000000000000aa9      0x244 ./Core/Src/stm32746g_discovery_sdram.o
 .debug_abbrev  0x0000000000000ced      0x259 ./Core/Src/stm32746g_discovery_ts.o
 .debug_abbrev  0x0000000000000f46      0x27f ./Core/Src/stm32f7xx_hal_msp.o
 .debug_abbrev  0x00000000000011c5      0x1bf ./Core/Src/stm32f7xx_hal_timebase_tim.o
 .debug_abbrev  0x0000000000001384      0x1a7 ./Core/Src/stm32f7xx_it.o
 .debug_abbrev  0x000000000000152b      0x1bf ./Core/Src/sysmem.o
 .debug_abbrev  0x00000000000016ea      0x165 ./Core/Src/system_stm32f7xx.o
 .debug_abbrev  0x000000000000184f       0x12 ./Core/Startup/startup_stm32f746nghx.o
 .debug_abbrev  0x0000000000001861      0x1ed ./Drivers/STM32F7xx_HAL_Driver/Src/stm32f7xx_hal.o
 .debug_abbrev  0x0000000000001a4e      0x22f ./Drivers/STM32F7xx_HAL_Driver/Src/stm32f7xx_hal_adc.o
 .debug_abbrev  0x0000000000001c7d      0x33c ./Drivers/STM32F7xx_HAL_Driver/Src/stm32f7xx_hal_cortex.o
 .debug_abbrev  0x0000000000001fb9      0x1f2 ./Drivers/STM32F7xx_HAL_Driver/Src/stm32f7xx_hal_dac.o
 .debug_abbrev  0x00000000000021ab      0x214 ./Drivers/STM32F7xx_HAL_Driver/Src/stm32f7xx_hal_dac_ex.o
 .debug_abbrev  0x00000000000023bf      0x259 ./Drivers/STM32F7xx_HAL_Driver/Src/stm32f7xx_hal_dma.o
 .debug_abbrev  0x0000000000002618      0x23f ./Drivers/STM32F7xx_HAL_Driver/Src/stm32f7xx_hal_dma2d.o
 .debug_abbrev  0x0000000000002857      0x1f1 ./Drivers/STM32F7xx_HAL_Driver/Src/stm32f7xx_hal_gpio.o
 .debug_abbrev  0x0000000000002a48      0x256 ./Drivers/STM32F7xx_HAL_Driver/Src/stm32f7xx_hal_i2c.o
 .debug_abbrev  0x0000000000002c9e      0x1bb ./Drivers/STM32F7xx_HAL_Driver/Src/stm32f7xx_hal_i2c_ex.o
 .debug_abbrev  0x0000000000002e59      0x239 ./Drivers/STM32F7xx_HAL_Driver/Src/stm32f7xx_hal_ltdc.o
 .debug_abbrev  0x0000000000003092      0x1de ./Drivers/STM32F7xx_HAL_Driver/Src/stm32f7xx_hal_pwr.o
 .debug_abbrev  0x0000000000003270      0x1dc ./Drivers/STM32F7xx_HAL_Driver/Src/stm32f7xx_hal_pwr_ex.o
 .debug_abbrev  0x000000000000344c      0x246 ./Drivers/STM32F7xx_HAL_Driver/Src/stm32f7xx_hal_rcc.o