main.c:139:5:main	944	static
main.c:412:6:fillTabPositions	24	static
main.c:417:6:drawHexagon	96	static
main.c:460:6:myDelay	24	static
main.c:470:6:boutonPause	16	static
main.c:502:6:SystemClock_Config	88	static
main.c:553:13:MX_ADC1_Init	24	static
main.c:600:13:MX_ADC3_Init	24	static
main.c:647:13:MX_DAC_Init	16	static
main.c:688:14:MX_DMA2D_Init	8	static
main.c:722:14:MX_I2C1_Init	8	static
main.c:765:14:MX_I2C3_Init	8	static
main.c:808:14:MX_LTDC_Init	64	static
main.c:867:14:MX_RTC_Init	80	static
main.c:953:14:MX_SPI2_Init	8	static
main.c:991:14:MX_TIM1_Init	40	static
main.c:1035:14:MX_TIM2_Init	40	static
main.c:1077:14:MX_TIM3_Init	40	static
main.c:1119:14:MX_TIM5_Init	40	static
main.c:1161:14:MX_TIM7_Init	24	static
main.c:1198:14:MX_TIM8_Init	40	static
main.c:1242:14:MX_UART7_Init	8	static
main.c:1275:14:MX_USART1_UART_Init	8	static
main.c:1308:14:MX_USART6_UART_Init	8	static
main.c:1339:14:MX_DMA_Init	16	static
main.c:1352:14:MX_FMC_Init	40	static
main.c:1401:14:MX_GPIO_Init	72	static
main.c:1695:7:StartDefaultTask	16	static
main.c:1711:7:codeTacheJeu	72	static
main.c:1835:6:codeTacheSon	760	static
main.c:1909:6:codeTachePause	16	static
main.c:1940:6:HAL_TIM_PeriodElapsedCallback	16	static
main.c:1956:6:Error_Handler	4	static,ignoring_inline_asm
