stm32f7xx_hal_msp.c:64:6:HAL_MspInit	16	static
stm32f7xx_hal_msp.c:88:6:HAL_ADC_MspInit	56	static
stm32f7xx_hal_msp.c:144:6:HAL_ADC_MspDeInit	16	static
stm32f7xx_hal_msp.c:191:6:HAL_DAC_MspInit	48	static
stm32f7xx_hal_msp.c:246:6:HAL_DAC_MspDeInit	16	static
stm32f7xx_hal_msp.c:279:6:HAL_DMA2D_MspInit	24	static
stm32f7xx_hal_msp.c:304:6:HAL_DMA2D_MspDeInit	16	static
stm32f7xx_hal_msp.c:329:6:HAL_I2C_MspInit	184	static
stm32f7xx_hal_msp.c:407:6:HAL_I2C_MspDeInit	16	static
stm32f7xx_hal_msp.c:458:6:HAL_LTDC_MspInit	192	static
stm32f7xx_hal_msp.c:574:6:HAL_LTDC_MspDeInit	16	static
stm32f7xx_hal_msp.c:643:6:HAL_RTC_MspInit	152	static
stm32f7xx_hal_msp.c:675:6:HAL_RTC_MspDeInit	16	static
stm32f7xx_hal_msp.c:697:6:HAL_SPI_MspInit	48	static
stm32f7xx_hal_msp.c:743:6:HAL_SPI_MspDeInit	16	static
stm32f7xx_hal_msp.c:776:6:HAL_TIM_Base_MspInit	64	static
stm32f7xx_hal_msp.c:866:6:HAL_TIM_Base_MspDeInit	16	static
stm32f7xx_hal_msp.c:949:6:HAL_UART_MspInit	200	static
stm32f7xx_hal_msp.c:1071:6:HAL_UART_MspDeInit	16	static
stm32f7xx_hal_msp.c:1134:13:HAL_FMC_MspInit	32	static
stm32f7xx_hal_msp.c:1240:6:HAL_SDRAM_MspInit	16	static
stm32f7xx_hal_msp.c:1252:13:HAL_FMC_MspDeInit	8	static
stm32f7xx_hal_msp.c:1326:6:HAL_SDRAM_MspDeInit	16	static
